Component: ARM Compiler 5.06 update 1 (build 61) Tool: armlink [4d35a8]

==============================================================================

Section Cross References

    main.o(i.assert_nrf_callback) refers to app_error.o(i.app_error_handler) for app_error_handler
    main.o(i.ble_evt_dispatch) refers to ble_conn_state.o(i.ble_conn_state_on_ble_evt) for ble_conn_state_on_ble_evt
    main.o(i.ble_evt_dispatch) refers to peer_manager.o(i.pm_ble_evt_handler) for pm_ble_evt_handler
    main.o(i.ble_evt_dispatch) refers to ble_conn_state.o(i.ble_conn_state_role) for ble_conn_state_role
    main.o(i.ble_evt_dispatch) refers to ble_advertising.o(i.ble_advertising_on_ble_evt) for ble_advertising_on_ble_evt
    main.o(i.ble_evt_dispatch) refers to ble_conn_params.o(i.ble_conn_params_on_ble_evt) for ble_conn_params_on_ble_evt
    main.o(i.ble_evt_dispatch) refers to ble_rscs.o(i.ble_rscs_on_ble_evt) for ble_rscs_on_ble_evt
    main.o(i.ble_evt_dispatch) refers to main.o(i.on_ble_central_evt) for on_ble_central_evt
    main.o(i.ble_evt_dispatch) refers to ble_rscs_c.o(i.ble_rscs_c_on_ble_evt) for ble_rscs_c_on_ble_evt
    main.o(i.ble_evt_dispatch) refers to ble_db_discovery.o(i.ble_db_discovery_on_ble_evt) for ble_db_discovery_on_ble_evt
    main.o(i.ble_evt_dispatch) refers to main.o(.bss) for .bss
    main.o(i.ble_evt_dispatch) refers to main.o(.data) for .data
    main.o(i.ble_stack_init) refers to softdevice_handler.o(i.softdevice_handler_init) for softdevice_handler_init
    main.o(i.ble_stack_init) refers to app_error.o(i.app_error_handler_bare) for app_error_handler_bare
    main.o(i.ble_stack_init) refers to softdevice_handler.o(i.softdevice_enable_get_default_config) for softdevice_enable_get_default_config
    main.o(i.ble_stack_init) refers to softdevice_handler.o(i.sd_check_ram_start) for sd_check_ram_start
    main.o(i.ble_stack_init) refers to softdevice_handler.o(i.softdevice_enable) for softdevice_enable
    main.o(i.ble_stack_init) refers to softdevice_handler.o(i.softdevice_ble_evt_handler_set) for softdevice_ble_evt_handler_set
    main.o(i.ble_stack_init) refers to softdevice_handler.o(i.softdevice_sys_evt_handler_set) for softdevice_sys_evt_handler_set
    main.o(i.ble_stack_init) refers to main.o(.bss) for .bss
    main.o(i.ble_stack_init) refers to main.o(i.ble_evt_dispatch) for ble_evt_dispatch
    main.o(i.ble_stack_init) refers to main.o(i.sys_evt_dispatch) for sys_evt_dispatch
    main.o(i.conn_params_error_handler) refers to app_error.o(i.app_error_handler_bare) for app_error_handler_bare
    main.o(i.connections_log_init) refers to main.o(.data) for .data
    main.o(i.main) refers to app_timer.o(i.app_timer_init) for app_timer_init
    main.o(i.main) refers to app_error.o(i.app_error_handler_bare) for app_error_handler_bare
    main.o(i.main) refers to bsp.o(i.bsp_init) for bsp_init
    main.o(i.main) refers to bsp_btn_ble.o(i.bsp_btn_ble_init) for bsp_btn_ble_init
    main.o(i.main) refers to main.o(i.connections_log_init) for connections_log_init
    main.o(i.main) refers to main.o(i.indicate_led_init) for indicate_led_init
    main.o(i.main) refers to main.o(i.ble_stack_init) for ble_stack_init
    main.o(i.main) refers to main.o(i.peer_manager_init) for peer_manager_init
    main.o(i.main) refers to ble_db_discovery.o(i.ble_db_discovery_init) for ble_db_discovery_init
    main.o(i.main) refers to ble_rscs_c.o(i.ble_rscs_c_init) for ble_rscs_c_init
    main.o(i.main) refers to memseta.o(.text) for __aeabi_memclr4
    main.o(i.main) refers to ble_conn_params.o(i.ble_conn_params_init) for ble_conn_params_init
    main.o(i.main) refers to main.o(i.services_init) for services_init
    main.o(i.main) refers to ble_advertising.o(i.ble_advertising_init) for ble_advertising_init
    main.o(i.main) refers to main.o(i.scan_start) for scan_start
    main.o(i.main) refers to ble_advertising.o(i.ble_advertising_start) for ble_advertising_start
    main.o(i.main) refers to main.o(.bss) for .bss
    main.o(i.main) refers to main.o(i.rscs_c_evt_handler) for rscs_c_evt_handler
    main.o(i.main) refers to main.o(i.conn_params_error_handler) for conn_params_error_handler
    main.o(i.main) refers to main.o(.data) for .data
    main.o(i.main) refers to main.o(i.on_adv_evt) for on_adv_evt
    main.o(i.on_adv_evt) refers to ble_advertising.o(i.ble_advertising_start) for ble_advertising_start
    main.o(i.on_adv_evt) refers to app_error.o(i.app_error_handler_bare) for app_error_handler_bare
    main.o(i.on_ble_central_evt) refers to ble_conn_state.o(i.ble_conn_state_n_centrals) for ble_conn_state_n_centrals
    main.o(i.on_ble_central_evt) refers to app_error.o(i.app_error_handler_bare) for app_error_handler_bare
    main.o(i.on_ble_central_evt) refers to memcmp.o(.text) for memcmp
    main.o(i.on_ble_central_evt) refers to memseta.o(.text) for __aeabi_memclr
    main.o(i.on_ble_central_evt) refers to ble_db_discovery.o(i.ble_db_discovery_start) for ble_db_discovery_start
[...]
    i.write_space_reserve                    0x000221a4   Section        0  fds.o(i.write_space_reserve)
    write_space_reserve                      0x000221a5   Thumb Code    70  fds.o(i.write_space_reserve)
    .constdata                               0x000221f0   Section       24  main.o(.constdata)
    m_connection_param                       0x000221f0   Data           8  main.o(.constdata)
    m_scan_param                             0x000221f8   Data          16  main.o(.constdata)
    .constdata                               0x00022208   Section       60  bsp.o(.constdata)
    m_leds_timer_id                          0x00022208   Data           4  bsp.o(.constdata)
    m_alert_timer_id                         0x0002220c   Data           4  bsp.o(.constdata)
    m_button_timer_id                        0x00022210   Data           4  bsp.o(.constdata)
    m_buttons_list                           0x00022214   Data          16  bsp.o(.constdata)
    app_buttons                              0x00022224   Data          32  bsp.o(.constdata)
    .constdata                               0x00022244   Section        4  ble_conn_params.o(.constdata)
    m_conn_params_timer_id                   0x00022244   Data           4  ble_conn_params.o(.constdata)
    .constdata                               0x00022248   Section        1  gatts_cache_manager.o(.constdata)
    service_changed_pending                  0x00022248   Data           1  gatts_cache_manager.o(.constdata)
    .constdata                               0x0002224c   Section       16  gatts_cache_manager.o(.constdata)
    .constdata                               0x0002225c   Section        1  gatts_cache_manager.o(.constdata)
    service_changed_pending                  0x0002225c   Data           1  gatts_cache_manager.o(.constdata)
    .constdata                               0x00022260   Section       84  security_dispatcher.o(.constdata)
    .constdata                               0x000222b4   Section        8  app_button.o(.constdata)
    m_detection_delay_timer_id               0x000222b4   Data           4  app_button.o(.constdata)
    .constdata                               0x000222bc   Section       20  fds.o(.constdata)
    m_fds_tl_invalid                         0x000222bc   Data           4  fds.o(.constdata)
    fds_page_tag_swap                        0x000222c0   Data           8  fds.o(.constdata)
    fds_page_tag_valid                       0x000222c8   Data           8  fds.o(.constdata)
    .data                                    0x20002f80   Section       26  main.o(.data)
    dev_connected                            0x20002f80   Data           3  main.o(.data)
    m_conn_handle_c                          0x20002f84   Data           6  main.o(.data)
    periph_addr_rsc                          0x20002f8a   Data           7  main.o(.data)
    m_adv_uuids                              0x20002f92   Data           8  main.o(.data)
    .data                                    0x20002f9c   Section       24  bsp.o(.data)
    m_stable_state                           0x20002f9c   Data           1  bsp.o(.data)
    current_long_push_pin_no                 0x20002f9d   Data           1  bsp.o(.data)
    m_app_ticks_per_100ms                    0x20002fa0   Data           4  bsp.o(.data)
    m_indication_type                        0x20002fa4   Data           4  bsp.o(.data)
    m_alert_mask                             0x20002fa8   Data           4  bsp.o(.data)
    m_registered_callback                    0x20002fac   Data           4  bsp.o(.data)
    release_event_at_push                    0x20002fb0   Data           4  bsp.o(.data)
    .data                                    0x20002fb4   Section        8  bsp_btn_ble.o(.data)
    m_error_handler                          0x20002fb4   Data           4  bsp_btn_ble.o(.data)
    m_num_connections                        0x20002fb8   Data           4  bsp_btn_ble.o(.data)
    .data                                    0x20002fbc   Section        4  system_nrf51.o(.data)
    __tagsym$$used                           0x20002fbc   Number         0  system_nrf51.o(.data)
    .data                                    0x20002fc0   Section       31  ble_advertising.o(.data)
    m_advertising_start_pending              0x20002fc0   Data           1  ble_advertising.o(.data)
    m_whitelist_temporarily_disabled         0x20002fc1   Data           1  ble_advertising.o(.data)
    m_whitelist_reply_expected               0x20002fc2   Data           1  ble_advertising.o(.data)
    m_peer_addr_reply_expected               0x20002fc3   Data           1  ble_advertising.o(.data)
    m_adv_evt                                0x20002fc4   Data           1  ble_advertising.o(.data)
    m_adv_mode_current                       0x20002fc5   Data           1  ble_advertising.o(.data)
    m_tx_power_level                         0x20002fc6   Data           1  ble_advertising.o(.data)
    current_slave_link_conn_handle           0x20002fc8   Data           2  ble_advertising.o(.data)
    m_evt_handler                            0x20002fcc   Data           4  ble_advertising.o(.data)
    m_error_handler                          0x20002fd0   Data           4  ble_advertising.o(.data)
    m_slave_conn_int                         0x20002fd4   Data           4  ble_advertising.o(.data)
    m_peer_address                           0x20002fd8   Data           7  ble_advertising.o(.data)
    .data                                    0x20002fe0   Section       20  ble_conn_params.o(.data)
    m_change_param                           0x20002fe0   Data           1  ble_conn_params.o(.data)
    m_update_count                           0x20002fe1   Data           1  ble_conn_params.o(.data)
    m_conn_handle                            0x20002fe2   Data           2  ble_conn_params.o(.data)
    m_preferred_conn_params                  0x20002fe4   Data           8  ble_conn_params.o(.data)
    m_current_conn_params                    0x20002fec   Data           8  ble_conn_params.o(.data)
    .data                                    0x20002ff4   Section       12  ble_db_discovery.o(.data)
    m_initialized                            0x20002ff4   Data           1  ble_db_discovery.o(.data)
    m_pending_usr_evt_index                  0x20002ff8   Data           4  ble_db_discovery.o(.data)
    m_num_of_handlers_reg                    0x20002ffc   Data           4  ble_db_discovery.o(.data)
    .data                                    0x20003000   Section        8  gatt_cache_manager.o(.data)
    m_gcm                                    0x20003000   Data           8  gatt_cache_manager.o(.data)
    .data                                    0x20003008   Section        4  gattc_cache_manager.o(.data)
    m_gccm                                   0x20003008   Data           4  gattc_cache_manager.o(.data)
    .data                                    0x2000300c   Section        8  gatts_cache_manager.o(.data)
    start_handle                             0x2000300c   Data           2  gatts_cache_manager.o(.data)
    m_gscm                                   0x20003010   Data           4  gatts_cache_manager.o(.data)
    .data                                    0x20003014   Section        1  peer_database.o(.data)
    mutex_memory                             0x20003014   Data           1  peer_database.o(.data)
    .data                                    0x20003018   Section       16  security_dispatcher.o(.data)
    m_smd                                    0x20003018   Data          16  security_dispatcher.o(.data)
    .data                                    0x20003028   Section       28  security_manager.o(.data)
    m_sm                                     0x20003028   Data          28  security_manager.o(.data)
    .data                                    0x20003044   Section       12  ble_rscs_c.o(.data)
    m_tx_insert_index                        0x20003044   Data           4  ble_rscs_c.o(.data)
    m_tx_index                               0x20003048   Data           4  ble_rscs_c.o(.data)
    mp_ble_rscs_c                            0x2000304c   Data           4  ble_rscs_c.o(.data)
    .data                                    0x20003050   Section       36  pstorage.o(.data)
    m_state                                  0x20003050   Data           1  pstorage.o(.data)
    m_swap_sub_state                         0x20003051   Data           1  pstorage.o(.data)
    m_next_app_instance                      0x20003052   Data           2  pstorage.o(.data)
    m_flags                                  0x20003054   Data           4  pstorage.o(.data)
    m_next_page_addr                         0x20003058   Data           4  pstorage.o(.data)
    m_head_word_size                         0x2000305c   Data           4  pstorage.o(.data)
    m_tail_word_size                         0x20003060   Data           4  pstorage.o(.data)
    m_current_page_id                        0x20003064   Data           4  pstorage.o(.data)
    m_num_of_command_retries                 0x20003068   Data           4  pstorage.o(.data)
    m_num_of_bytes_written                   0x2000306c   Data           4  pstorage.o(.data)
    m_app_data_size                          0x20003070   Data           4  pstorage.o(.data)
    .data                                    0x20003074   Section       20  app_button.o(.data)
    m_button_count                           0x20003074   Data           1  app_button.o(.data)
    mp_buttons                               0x20003078   Data           4  app_button.o(.data)
    m_detection_delay                        0x2000307c   Data           4  app_button.o(.data)
    m_pin_state                              0x20003080   Data           4  app_button.o(.data)
    m_pin_transition                         0x20003084   Data           4  app_button.o(.data)
    .data                                    0x20003088   Section       32  app_timer.o(.data)
    m_user_array_size                        0x20003088   Data           1  app_timer.o(.data)
    m_ticks_elapsed_q_read_ind               0x20003089   Data           1  app_timer.o(.data)
    m_ticks_elapsed_q_write_ind              0x2000308a   Data           1  app_timer.o(.data)
    m_rtc1_running                           0x2000308b   Data           1  app_timer.o(.data)
    m_rtc1_reset                             0x2000308c   Data           1  app_timer.o(.data)
    mp_users                                 0x20003090   Data           4  app_timer.o(.data)
    mp_timer_id_head                         0x20003094   Data           4  app_timer.o(.data)
    m_ticks_latest                           0x20003098   Data           4  app_timer.o(.data)
    m_evt_schedule_func                      0x2000309c   Data           4  app_timer.o(.data)
    m_ticks_elapsed                          0x200030a0   Data           8  app_timer.o(.data)
    .data                                    0x200030a8   Section       16  fds.o(.data)
    m_flags                                  0x200030a8   Data           1  fds.o(.data)
    m_users                                  0x200030a9   Data           1  fds.o(.data)
    m_last_rec_id                            0x200030ac   Data           4  fds.o(.data)
    m_swap_page                              0x200030b0   Data           8  fds.o(.data)
    .data                                    0x200030b8   Section        4  fstorage.o(.data)
    m_flags                                  0x200030b8   Data           1  fstorage.o(.data)
    m_retry_count                            0x200030ba   Data           2  fstorage.o(.data)
    .data                                    0x200030bc   Section       20  softdevice_handler.o(.data)
    m_softdevice_enabled                     0x200030bc   Data           1  softdevice_handler.o(.data)
    m_ble_evt_buffer_size                    0x200030be   Data           2  softdevice_handler.o(.data)
    m_evt_schedule_func                      0x200030c0   Data           4  softdevice_handler.o(.data)
    mp_ble_evt_buffer                        0x200030c4   Data           4  softdevice_handler.o(.data)
    m_ble_evt_handler                        0x200030c8   Data           4  softdevice_handler.o(.data)
    m_sys_evt_handler                        0x200030cc   Data           4  softdevice_handler.o(.data)
    fs_data                                  0x200030d0   Section       16  fds.o(fs_data)
    __tagsym$$used                           0x200030d0   Number         0  fds.o(fs_data)
    fs_config                                0x200030d0   Data          16  fds.o(fs_data)
    .bss                                     0x200030e0   Section      608  main.o(.bss)
    BLE_EVT_BUFFER                           0x200030e0   Data          72  main.o(.bss)
    APP_TIMER_BUF                            0x20003128   Data         312  main.o(.bss)
    m_ble_rsc_c                              0x20003260   Data          12  main.o(.bss)
    m_ble_db_discovery_rsc                   0x2000326c   Data         124  main.o(.bss)
    m_rscs                                   0x200032e8   Data          28  main.o(.bss)
    .bss                                     0x20003340   Section       32  bsp.o(.bss)
    m_leds_timer_id_data                     0x20003340   Data          32  bsp.o(.bss)
    .bss                                     0x20003360   Section       32  bsp.o(.bss)
    m_alert_timer_id_data                    0x20003360   Data          32  bsp.o(.bss)
    .bss                                     0x20003380   Section       12  bsp.o(.bss)
    m_events_list                            0x20003380   Data          12  bsp.o(.bss)
    .bss                                     0x2000338c   Section       32  bsp.o(.bss)
    m_button_timer_id_data                   0x2000338c   Data          32  bsp.o(.bss)
    .bss                                     0x200033ac   Section      259  ble_advertising.o(.bss)
    m_advdata                                0x200033ac   Data          56  ble_advertising.o(.bss)
    m_adv_modes_config                       0x200033e4   Data          36  ble_advertising.o(.bss)
    m_whitelist                              0x20003408   Data          16  ble_advertising.o(.bss)
    mp_whitelist_addr                        0x20003418   Data          32  ble_advertising.o(.bss)
    mp_whitelist_irk                         0x20003438   Data          32  ble_advertising.o(.bss)
    m_manuf_specific_data                    0x20003458   Data          12  ble_advertising.o(.bss)
    m_manuf_data_array                       0x20003464   Data          31  ble_advertising.o(.bss)
    m_service_data                           0x20003484   Data          12  ble_advertising.o(.bss)
    m_service_data_array                     0x20003490   Data          31  ble_advertising.o(.bss)
    .bss                                     0x200034b0   Section       32  ble_conn_params.o(.bss)
    m_conn_params_timer_id_data              0x200034b0   Data          32  ble_conn_params.o(.bss)
    .bss                                     0x200034d0   Section       28  ble_conn_params.o(.bss)
    m_conn_params_config                     0x200034d0   Data          28  ble_conn_params.o(.bss)
    .bss                                     0x200034ec   Section       40  ble_conn_state.o(.bss)
    m_bcs                                    0x200034ec   Data          40  ble_conn_state.o(.bss)
    .bss                                     0x20003514   Section      152  ble_db_discovery.o(.bss)
    m_registered_handlers                    0x20003514   Data          16  ble_db_discovery.o(.bss)
    m_pending_user_evts                      0x20003524   Data         136  ble_db_discovery.o(.bss)
    .bss                                     0x200035ac   Section      312  id_manager.o(.bss)
    m_im                                     0x200035ac   Data         312  id_manager.o(.bss)
    .bss                                     0x200036e4   Section       32  peer_data_storage.o(.bss)
    m_pds                                    0x200036e4   Data          32  peer_data_storage.o(.bss)
    .bss                                     0x20003704   Section      848  peer_database.o(.bss)
    m_pdb                                    0x20003704   Data         208  peer_database.o(.bss)
    buffer_memory                            0x200037d4   Data         640  peer_database.o(.bss)
    .bss                                     0x20003a54   Section       32  peer_id.o(.bss)
    m_pi                                     0x20003a54   Data          32  peer_id.o(.bss)
    .bss                                     0x20003a74   Section       20  peer_manager.o(.bss)
    m_pm                                     0x20003a74   Data          20  peer_manager.o(.bss)
    .bss                                     0x20003a88   Section      160  ble_rscs_c.o(.bss)
    m_tx_buffer                              0x20003a88   Data         160  ble_rscs_c.o(.bss)
    .bss                                     0x20003b28   Section      216  pstorage.o(.bss)
    m_cmd_queue                              0x20003b28   Data         204  pstorage.o(.bss)
    m_app_table                              0x20003bf4   Data          12  pstorage.o(.bss)
    .bss                                     0x20003c00   Section       72  nrf_drv_gpiote.o(.bss)
    m_cb                                     0x20003c00   Data          72  nrf_drv_gpiote.o(.bss)
    .bss                                     0x20003c48   Section       28  nrf_drv_uart.o(.bss)
    m_cb                                     0x20003c48   Data          28  nrf_drv_uart.o(.bss)
    .bss                                     0x20003c64   Section       32  app_button.o(.bss)
    m_detection_delay_timer_id_data          0x20003c64   Data          32  app_button.o(.bss)
    .bss                                     0x20003c84   Section      236  fds.o(.bss)
    tok                                      0x20003c84   Data          12  fds.o(.bss)
    m_cb_table                               0x20003c90   Data          12  fds.o(.bss)
    m_cmd_queue                              0x20003c9c   Data         100  fds.o(.bss)
    m_chunk_queue                            0x20003d00   Data          68  fds.o(.bss)
    m_pages                                  0x20003d44   Data          32  fds.o(.bss)
    m_gc                                     0x20003d64   Data          12  fds.o(.bss)
    .bss                                     0x20003d70   Section       84  fstorage.o(.bss)
    m_cmd_queue                              0x20003d70   Data          84  fstorage.o(.bss)
    STACK                                    0x20003dc8   Section     2048  arm_startup_nrf51.o(STACK)

    Global Symbols

    Symbol Name                              Value     Ov Type        Size  Object(Section)

    BuildAttributes$$THM_ISAv3M$S$PE$A:L22$X:L11$S22$IEEE1$IW$USESV6$~STKCKD$USESV7$~SHL$OSPACE$ROPI$EBA8$MICROLIB$REQ8$PRES8$EABIv2 0x00000000   Number         0  anon$$obj.o ABSOLUTE
    __ARM_use_no_argv                        0x00000000   Number         0  main.o ABSOLUTE
    __cpp_initialize__aeabi_                  - Undefined Weak Reference
    __cxa_finalize                            - Undefined Weak Reference
    _clock_init                               - Undefined Weak Reference
    _microlib_exit                            - Undefined Weak Reference
    __Vectors_Size                           0x000000c0   Number         0  arm_startup_nrf51.o ABSOLUTE
    __Vectors                                0x0001b000   Data           4  arm_startup_nrf51.o(RESET)
    __Vectors_End                            0x0001b0c0   Data           0  arm_startup_nrf51.o(RESET)
    __main                                   0x0001b0c1   Thumb Code     0  entry.o(.ARM.Collect$$$$00000000)
    _main_stk                                0x0001b0c1   Thumb Code     0  entry2.o(.ARM.Collect$$$$00000001)
    _main_scatterload                        0x0001b0c5   Thumb Code     0  entry5.o(.ARM.Collect$$$$00000004)
    __main_after_scatterload                 0x0001b0c9   Thumb Code     0  entry5.o(.ARM.Collect$$$$00000004)
    _main_clock                              0x0001b0c9   Thumb Code     0  entry7b.o(.ARM.Collect$$$$00000008)
    _main_cpp_init                           0x0001b0c9   Thumb Code     0  entry8b.o(.ARM.Collect$$$$0000000A)
    _main_init                               0x0001b0c9   Thumb Code     0  entry9a.o(.ARM.Collect$$$$0000000B)
    __rt_final_cpp                           0x0001b0d1   Thumb Code     0  entry10a.o(.ARM.Collect$$$$0000000D)
    __rt_final_exit                          0x0001b0d1   Thumb Code     0  entry11a.o(.ARM.Collect$$$$0000000F)
    __asm___11_app_timer_c_cd27f9c3__nrf_delay_us 0x0001b0d5   Thumb Code    30  app_timer.o(.emb_text)
    Reset_Handler                            0x0001b0f5   Thumb Code    26  arm_startup_nrf51.o(.text)
    NMI_Handler                              0x0001b10f   Thumb Code     2  arm_startup_nrf51.o(.text)
    HardFault_Handler                        0x0001b111   Thumb Code     2  arm_startup_nrf51.o(.text)
    SVC_Handler                              0x0001b113   Thumb Code     2  arm_startup_nrf51.o(.text)
    PendSV_Handler                           0x0001b115   Thumb Code     2  arm_startup_nrf51.o(.text)
    SysTick_Handler                          0x0001b117   Thumb Code     2  arm_startup_nrf51.o(.text)
    ADC_IRQHandler                           0x0001b119   Thumb Code     0  arm_startup_nrf51.o(.text)
    CCM_AAR_IRQHandler                       0x0001b119   Thumb Code     0  arm_startup_nrf51.o(.text)
    ECB_IRQHandler                           0x0001b119   Thumb Code     0  arm_startup_nrf51.o(.text)
    LPCOMP_IRQHandler                        0x0001b119   Thumb Code     0  arm_startup_nrf51.o(.text)
    POWER_CLOCK_IRQHandler                   0x0001b119   Thumb Code     0  arm_startup_nrf51.o(.text)
    QDEC_IRQHandler                          0x0001b119   Thumb Code     0  arm_startup_nrf51.o(.text)
    RADIO_IRQHandler                         0x0001b119   Thumb Code     0  arm_startup_nrf51.o(.text)
    RNG_IRQHandler                           0x0001b119   Thumb Code     0  arm_startup_nrf51.o(.text)
    RTC0_IRQHandler                          0x0001b119   Thumb Code     0  arm_startup_nrf51.o(.text)
    SPI0_TWI0_IRQHandler                     0x0001b119   Thumb Code     0  arm_startup_nrf51.o(.text)
    SPI1_TWI1_IRQHandler                     0x0001b119   Thumb Code     0  arm_startup_nrf51.o(.text)
    SWI1_IRQHandler                          0x0001b119   Thumb Code     0  arm_startup_nrf51.o(.text)
    SWI3_IRQHandler                          0x0001b119   Thumb Code     0  arm_startup_nrf51.o(.text)
    SWI4_IRQHandler                          0x0001b119   Thumb Code     0  arm_startup_nrf51.o(.text)
    SWI5_IRQHandler                          0x0001b119   Thumb Code     0  arm_startup_nrf51.o(.text)
    TEMP_IRQHandler                          0x0001b119   Thumb Code     0  arm_startup_nrf51.o(.text)
    TIMER0_IRQHandler                        0x0001b119   Thumb Code     0  arm_startup_nrf51.o(.text)
    TIMER1_IRQHandler                        0x0001b119   Thumb Code     0  arm_startup_nrf51.o(.text)
    TIMER2_IRQHandler                        0x0001b119   Thumb Code     0  arm_startup_nrf51.o(.text)
    WDT_IRQHandler                           0x0001b119   Thumb Code     0  arm_startup_nrf51.o(.text)
    __aeabi_uidiv                            0x0001b12d   Thumb Code     0  uidiv.o(.text)
    __aeabi_uidivmod                         0x0001b12d   Thumb Code    44  uidiv.o(.text)
    ___aeabi_memcpy8$move                    0x0001b159   Thumb Code     0  memmovea.o(.text)
    __aeabi_memcpy                           0x0001b159   Thumb Code    64  memmovea.o(.text)
    __aeabi_memcpy4                          0x0001b159   Thumb Code     0  memmovea.o(.text)
    __aeabi_memmove                          0x0001b159   Thumb Code     0  memmovea.o(.text)
    __aeabi_memmove4                         0x0001b159   Thumb Code     0  memmovea.o(.text)
    __aeabi_memmove8                         0x0001b159   Thumb Code     0  memmovea.o(.text)
    __aeabi_memset                           0x0001b199   Thumb Code    14  memseta.o(.text)
    __aeabi_memset4                          0x0001b199   Thumb Code     0  memseta.o(.text)
    __aeabi_memset8                          0x0001b199   Thumb Code     0  memseta.o(.text)
    __aeabi_memclr                           0x0001b1a7   Thumb Code     4  memseta.o(.text)
    __aeabi_memclr4                          0x0001b1a7   Thumb Code     0  memseta.o(.text)
    __aeabi_memclr8                          0x0001b1a7   Thumb Code     0  memseta.o(.text)
    _memset$wrapper                          0x0001b1ab   Thumb Code    18  memseta.o(.text)
    memcmp                                   0x0001b1bd   Thumb Code    26  memcmp.o(.text)
    __aeabi_uread4                           0x0001b1d7   Thumb Code    20  uread4.o(.text)
    __rt_uread4                              0x0001b1d7   Thumb Code     0  uread4.o(.text)
    _uread4                                  0x0001b1d7   Thumb Code     0  uread4.o(.text)
    __scatterload                            0x0001b1ed   Thumb Code    28  init.o(.text)
    __scatterload_rt2                        0x0001b1ed   Thumb Code     0  init.o(.text)
    __decompress                             0x0001b211   Thumb Code     0  __dczerorl.o(.text)
    __decompress0                            0x0001b211   Thumb Code    58  __dczerorl.o(.text)
    GPIOTE_IRQHandler                        0x0001b24d   Thumb Code   234  nrf_drv_gpiote.o(i.GPIOTE_IRQHandler)
    RTC1_IRQHandler                          0x0001b3b5   Thumb Code    28  app_timer.o(i.RTC1_IRQHandler)
    SWI0_IRQHandler                          0x0001b3d5   Thumb Code     8  app_timer.o(i.SWI0_IRQHandler)
    SWI2_IRQHandler                          0x0001b3dd   Thumb Code    28  softdevice_handler.o(i.SWI2_IRQHandler)
    SystemInit                               0x0001b3fd   Thumb Code    64  system_nrf51.o(i.SystemInit)
    UART0_IRQHandler                         0x0001b451   Thumb Code     8  nrf_drv_uart.o(i.UART0_IRQHandler)
    __ARM_common_switch8                     0x0001b459   Thumb Code    26  main.o(i.__ARM_common_switch8)
    __scatterload_copy                       0x0001b473   Thumb Code    14  handlers.o(i.__scatterload_copy)
    __scatterload_null                       0x0001b481   Thumb Code     2  handlers.o(i.__scatterload_null)
    __scatterload_zeroinit                   0x0001b483   Thumb Code    14  handlers.o(i.__scatterload_zeroinit)
    addr_compare                             0x0001b491   Thumb Code    40  id_manager.o(i.addr_compare)
    adv_data_encode                          0x0001b4b9   Thumb Code   534  ble_advdata.o(i.adv_data_encode)
    ah                                       0x0001b739   Thumb Code    78  id_manager.o(i.ah)
    app_button_enable                        0x0001b7a1   Thumb Code    32  app_button.o(i.app_button_enable)
    app_button_init                          0x0001b7c5   Thumb Code   100  app_button.o(i.app_button_init)
    app_error_fault_handler                  0x0001b839   Thumb Code    18  app_error.o(i.app_error_fault_handler)
    app_error_handler_bare                   0x0001b855   Thumb Code    18  app_error.o(i.app_error_handler_bare)
    app_timer_create                         0x0001b8d1   Thumb Code    40  app_timer.o(i.app_timer_create)
    app_timer_init                           0x0001b8fd   Thumb Code   126  app_timer.o(i.app_timer_init)
    app_timer_start                          0x0001b98d   Thumb Code   114  app_timer.o(i.app_timer_start)
    app_timer_stop                           0x0001ba09   Thumb Code    78  app_timer.o(i.app_timer_stop)
    ble_advdata_set                          0x0001bb05   Thumb Code   104  ble_advdata.o(i.ble_advdata_set)
    ble_advertising_init                     0x0001bb6d   Thumb Code   284  ble_advertising.o(i.ble_advertising_init)
    ble_advertising_on_ble_evt               0x0001bc91   Thumb Code   118  ble_advertising.o(i.ble_advertising_on_ble_evt)
    ble_advertising_on_sys_evt               0x0001bd0d   Thumb Code    42  ble_advertising.o(i.ble_advertising_on_sys_evt)
    ble_advertising_start                    0x0001bd4d   Thumb Code   470  ble_advertising.o(i.ble_advertising_start)
    ble_conn_params_init                     0x0001bf2d   Thumb Code    68  ble_conn_params.o(i.ble_conn_params_init)
    ble_conn_params_on_ble_evt               0x0001bf81   Thumb Code   132  ble_conn_params.o(i.ble_conn_params_on_ble_evt)
    ble_conn_state_conn_handles              0x0001c011   Thumb Code    14  ble_conn_state.o(i.ble_conn_state_conn_handles)
    ble_conn_state_encrypted                 0x0001c025   Thumb Code    16  ble_conn_state.o(i.ble_conn_state_encrypted)
    ble_conn_state_mitm_protected            0x0001c039   Thumb Code    16  ble_conn_state.o(i.ble_conn_state_mitm_protected)
    ble_conn_state_n_centrals                0x0001c04d   Thumb Code    16  ble_conn_state.o(i.ble_conn_state_n_centrals)
    ble_conn_state_on_ble_evt                0x0001c061   Thumb Code   238  ble_conn_state.o(i.ble_conn_state_on_ble_evt)
    ble_conn_state_role                      0x0001c159   Thumb Code    46  ble_conn_state.o(i.ble_conn_state_role)
    ble_conn_state_user_flag_acquire         0x0001c18d   Thumb Code    42  ble_conn_state.o(i.ble_conn_state_user_flag_acquire)
    ble_conn_state_user_flag_collection      0x0001c1bd   Thumb Code    20  ble_conn_state.o(i.ble_conn_state_user_flag_collection)
    ble_conn_state_user_flag_get             0x0001c1d5   Thumb Code    32  ble_conn_state.o(i.ble_conn_state_user_flag_get)
    ble_conn_state_user_flag_set             0x0001c1f9   Thumb Code    36  ble_conn_state.o(i.ble_conn_state_user_flag_set)
    ble_db_discovery_evt_register            0x0001c221   Thumb Code    66  ble_db_discovery.o(i.ble_db_discovery_evt_register)
    ble_db_discovery_init                    0x0001c26d   Thumb Code    16  ble_db_discovery.o(i.ble_db_discovery_init)
    ble_db_discovery_on_ble_evt              0x0001c281   Thumb Code   156  ble_db_discovery.o(i.ble_db_discovery_on_ble_evt)
    ble_db_discovery_start                   0x0001c321   Thumb Code    86  ble_db_discovery.o(i.ble_db_discovery_start)
    ble_rscs_c_init                          0x0001c491   Thumb Code    52  ble_rscs_c.o(i.ble_rscs_c_init)
    ble_rscs_c_on_ble_evt                    0x0001c4d1   Thumb Code    42  ble_rscs_c.o(i.ble_rscs_c_on_ble_evt)
    ble_rscs_c_rsc_notif_enable              0x0001c4fd   Thumb Code    68  ble_rscs_c.o(i.ble_rscs_c_rsc_notif_enable)
    ble_rscs_init                            0x0001c549   Thumb Code    74  ble_rscs.o(i.ble_rscs_init)
    ble_rscs_measurement_send                0x0001c599   Thumb Code    92  ble_rscs.o(i.ble_rscs_measurement_send)
    ble_rscs_on_ble_evt                      0x0001c5f9   Thumb Code    88  ble_rscs.o(i.ble_rscs_on_ble_evt)
    bsp_btn_ble_init                         0x0001c6c9   Thumb Code    80  bsp_btn_ble.o(i.bsp_btn_ble_init)
    bsp_button_is_pressed                    0x0001c7bd   Thumb Code    34  bsp.o(i.bsp_button_is_pressed)
    bsp_event_to_button_action_assign        0x0001c7e9   Thumb Code    66  bsp.o(i.bsp_event_to_button_action_assign)
    bsp_init                                 0x0001c831   Thumb Code   134  bsp.o(i.bsp_init)
    chunk_queue_next                         0x0001cba5   Thumb Code    20  fds.o(i.chunk_queue_next)
    connections_log_init                     0x0001cec9   Thumb Code    28  main.o(i.connections_log_init)
    fds_clear                                0x0001d2dd   Thumb Code    64  fds.o(i.fds_clear)
    fds_clear_by_instance                    0x0001d31d   Thumb Code    64  fds.o(i.fds_clear_by_instance)
    fds_close                                0x0001d361   Thumb Code    42  fds.o(i.fds_close)
    fds_descriptor_from_rec_id               0x0001d391   Thumb Code    20  fds.o(i.fds_descriptor_from_rec_id)
    fds_find                                 0x0001d45d   Thumb Code    14  fds.o(i.fds_find)
    fds_find_by_type                         0x0001d46b   Thumb Code    16  fds.o(i.fds_find_by_type)
    fds_gc                                   0x0001d47d   Thumb Code    52  fds.o(i.fds_gc)
    fds_init                                 0x0001d4b5   Thumb Code   146  fds.o(i.fds_init)
    fds_open                                 0x0001d549   Thumb Code    82  fds.o(i.fds_open)
    fds_record_id_from_desc                  0x0001d5a1   Thumb Code    20  fds.o(i.fds_record_id_from_desc)
    fds_register                             0x0001d5b5   Thumb Code    28  fds.o(i.fds_register)
    fds_reserve                              0x0001d5d9   Thumb Code    50  fds.o(i.fds_reserve)
    fds_reserve_cancel                       0x0001d60d   Thumb Code    68  fds.o(i.fds_reserve_cancel)
    fds_update                               0x0001d655   Thumb Code    16  fds.o(i.fds_update)
    fds_write                                0x0001d665   Thumb Code    14  fds.o(i.fds_write)
    fds_write_reserved                       0x0001d673   Thumb Code    28  fds.o(i.fds_write_reserved)
    fs_erase                                 0x0001d8e9   Thumb Code    94  fstorage.o(i.fs_erase)
    fs_init                                  0x0001d94d   Thumb Code   102  fstorage.o(i.fs_init)
    fs_store                                 0x0001d9c9   Thumb Code    94  fstorage.o(i.fs_store)
    fs_sys_event_handler                     0x0001da2d   Thumb Code   114  fstorage.o(i.fs_sys_event_handler)
    gccm_init                                0x0001dc21   Thumb Code    26  gattc_cache_manager.o(i.gccm_init)
    gcm_ble_evt_handler                      0x0001dc45   Thumb Code   218  gatt_cache_manager.o(i.gcm_ble_evt_handler)
    gcm_evt_handler                          0x0001dd29   Thumb Code   128  peer_manager.o(i.gcm_evt_handler)
    gcm_init                                 0x0001dda9   Thumb Code   102  gatt_cache_manager.o(i.gcm_init)
    gcm_local_database_has_changed           0x0001de25   Thumb Code    66  gatt_cache_manager.o(i.gcm_local_database_has_changed)
    get_connection_by_conn_handle            0x0001de71   Thumb Code    48  id_manager.o(i.get_connection_by_conn_handle)
    get_free_connection                      0x0001dea9   Thumb Code    44  id_manager.o(i.get_free_connection)
    gscm_init                                0x0001df8d   Thumb Code    26  gatts_cache_manager.o(i.gscm_init)
    gscm_local_database_has_changed          0x0001dfb1   Thumb Code    50  gatts_cache_manager.o(i.gscm_local_database_has_changed)
    gscm_local_db_cache_apply                0x0001dff1   Thumb Code   122  gatts_cache_manager.o(i.gscm_local_db_cache_apply)
    gscm_local_db_cache_update               0x0001e075   Thumb Code   138  gatts_cache_manager.o(i.gscm_local_db_cache_update)
    gscm_peer_was_notified_of_db_change      0x0001e10d   Thumb Code    36  gatts_cache_manager.o(i.gscm_peer_was_notified_of_db_change)
    gscm_service_changed_ind_needed          0x0001e139   Thumb Code    30  gatts_cache_manager.o(i.gscm_service_changed_ind_needed)
    gscm_service_changed_ind_send            0x0001e159   Thumb Code    38  gatts_cache_manager.o(i.gscm_service_changed_ind_send)
    im_address_resolve                       0x0001e1a9   Thumb Code    64  id_manager.o(i.im_address_resolve)
    im_ble_addr_get                          0x0001e1e9   Thumb Code    56  id_manager.o(i.im_ble_addr_get)
    im_ble_evt_handler                       0x0001e225   Thumb Code   172  id_manager.o(i.im_ble_evt_handler)
    im_conn_handle_get                       0x0001e2d9   Thumb Code    36  id_manager.o(i.im_conn_handle_get)
    im_evt_handler                           0x0001e331   Thumb Code    70  peer_manager.o(i.im_evt_handler)
    im_master_id_is_valid                    0x0001e37d   Thumb Code    28  id_manager.o(i.im_master_id_is_valid)
    im_new_peer_id                           0x0001e399   Thumb Code    24  id_manager.o(i.im_new_peer_id)
    im_peer_id_get_by_conn_handle            0x0001e3b5   Thumb Code    32  id_manager.o(i.im_peer_id_get_by_conn_handle)
    im_peer_id_get_by_master_id              0x0001e3dd   Thumb Code    68  id_manager.o(i.im_peer_id_get_by_master_id)
    im_register                              0x0001e425   Thumb Code   104  id_manager.o(i.im_register)
    indicate_led_init                        0x0001e49d   Thumb Code    18  main.o(i.indicate_led_init)
    intern_softdevice_events_execute         0x0001e581   Thumb Code   116  softdevice_handler.o(i.intern_softdevice_events_execute)
    is_duplicate_bonding_data                0x0001e657   Thumb Code    56  id_manager.o(i.is_duplicate_bonding_data)
    is_valid_irk                             0x0001e6d9   Thumb Code    22  id_manager.o(i.is_valid_irk)
    main                                     0x0001ed01   Thumb Code   354  main.o(i.main)
    master_id_compare                        0x0001eef5   Thumb Code    44  id_manager.o(i.master_id_compare)
    new_connection                           0x0001efc1   Thumb Code    78  id_manager.o(i.new_connection)
    nrf_drv_common_irq_enable                0x0001f01d   Thumb Code    78  nrf_drv_common.o(i.nrf_drv_common_irq_enable)
    nrf_drv_gpiote_in_event_enable           0x0001f07d   Thumb Code   138  nrf_drv_gpiote.o(i.nrf_drv_gpiote_in_event_enable)
    nrf_drv_gpiote_in_init                   0x0001f11d   Thumb Code   146  nrf_drv_gpiote.o(i.nrf_drv_gpiote_in_init)
    nrf_drv_gpiote_in_is_set                 0x0001f1c1   Thumb Code    16  nrf_drv_gpiote.o(i.nrf_drv_gpiote_in_is_set)
    nrf_drv_gpiote_init                      0x0001f1d5   Thumb Code    76  nrf_drv_gpiote.o(i.nrf_drv_gpiote_init)
    nrf_drv_gpiote_is_init                   0x0001f229   Thumb Code    12  nrf_drv_gpiote.o(i.nrf_drv_gpiote_is_init)
    pdb_clear                                0x0001f869   Thumb Code    20  peer_database.o(i.pdb_clear)
    pdb_evt_handler                          0x0001f955   Thumb Code   128  peer_manager.o(i.pdb_evt_handler)
    pdb_next_peer_id_get                     0x0001fa5d   Thumb Code    20  peer_database.o(i.pdb_next_peer_id_get)
    pdb_peer_allocate                        0x0001fa79   Thumb Code    20  peer_database.o(i.pdb_peer_allocate)
    pdb_peer_free                            0x0001fa95   Thumb Code    20  peer_database.o(i.pdb_peer_free)
    pdb_raw_store                            0x0001faad   Thumb Code    32  peer_database.o(i.pdb_raw_store)
    pdb_read_buf_get                         0x0001fad1   Thumb Code    20  peer_database.o(i.pdb_read_buf_get)
    pdb_register                             0x0001fae9   Thumb Code   116  peer_database.o(i.pdb_register)
    pdb_write_buf_get                        0x0001fb69   Thumb Code   306  peer_database.o(i.pdb_write_buf_get)
    pdb_write_buf_release                    0x0001fca9   Thumb Code    54  peer_database.o(i.pdb_write_buf_release)
    pdb_write_buf_store                      0x0001fce5   Thumb Code   258  peer_database.o(i.pdb_write_buf_store)
    pdb_write_buf_store_prepare              0x0001fded   Thumb Code    98  peer_database.o(i.pdb_write_buf_store_prepare)
    pds_next_peer_id_get                     0x0001ff59   Thumb Code    36  peer_data_storage.o(i.pds_next_peer_id_get)
    pds_peer_data_clear                      0x0001ff85   Thumb Code   110  peer_data_storage.o(i.pds_peer_data_clear)
    pds_peer_data_read_ptr_get               0x0001fff9   Thumb Code   144  peer_data_storage.o(i.pds_peer_data_read_ptr_get)
    pds_peer_data_update                     0x0002008d   Thumb Code   164  peer_data_storage.o(i.pds_peer_data_update)
    pds_peer_data_write                      0x00020135   Thumb Code   158  peer_data_storage.o(i.pds_peer_data_write)
    pds_peer_data_write_prepare              0x000201d9   Thumb Code    60  peer_data_storage.o(i.pds_peer_data_write_prepare)
    pds_peer_data_write_prepare_cancel       0x00020219   Thumb Code    38  peer_data_storage.o(i.pds_peer_data_write_prepare_cancel)
    pds_peer_data_write_prepared             0x00020245   Thumb Code   170  peer_data_storage.o(i.pds_peer_data_write_prepared)
    pds_peer_id_allocate                     0x000202f5   Thumb Code    36  peer_data_storage.o(i.pds_peer_id_allocate)
    pds_peer_id_free                         0x00020321   Thumb Code    74  peer_data_storage.o(i.pds_peer_id_free)
    pds_peer_id_is_allocated                 0x00020371   Thumb Code    30  peer_data_storage.o(i.pds_peer_id_is_allocated)
    pds_register                             0x00020395   Thumb Code    82  peer_data_storage.o(i.pds_register)
    peer_data_parts_get                      0x00020411   Thumb Code    92  peer_data.o(i.peer_data_parts_get)
    peer_id_allocate                         0x000204b9   Thumb Code    54  peer_id.o(i.peer_id_allocate)
    peer_id_free                             0x000204f9   Thumb Code    16  peer_id.o(i.peer_id_free)
    peer_id_init                             0x0002050d   Thumb Code    22  peer_id.o(i.peer_id_init)
    peer_id_is_allocated                     0x00020529   Thumb Code    20  peer_id.o(i.peer_id_is_allocated)
    peer_id_next_id_get                      0x00020541   Thumb Code    46  peer_id.o(i.peer_id_next_id_get)
    pm_ble_evt_handler                       0x000206ad   Thumb Code    32  peer_manager.o(i.pm_ble_evt_handler)
    pm_buffer_block_acquire                  0x000206d1   Thumb Code    94  pm_buffer.o(i.pm_buffer_block_acquire)
    pm_buffer_init                           0x0002072f   Thumb Code    66  pm_buffer.o(i.pm_buffer_init)
    pm_buffer_ptr_get                        0x00020771   Thumb Code    46  pm_buffer.o(i.pm_buffer_ptr_get)
    pm_buffer_release                        0x0002079f   Thumb Code    42  pm_buffer.o(i.pm_buffer_release)
    pm_init                                  0x00020815   Thumb Code    80  peer_manager.o(i.pm_init)
    pm_link_secure                           0x00020879   Thumb Code    20  peer_manager.o(i.pm_link_secure)
    pm_local_database_has_changed            0x00020891   Thumb Code     8  peer_manager.o(i.pm_local_database_has_changed)
    pm_mutex_init                            0x00020899   Thumb Code    16  pm_mutex.o(i.pm_mutex_init)
    pm_mutex_lock                            0x000208a9   Thumb Code    28  pm_mutex.o(i.pm_mutex_lock)
    pm_mutex_lock_first_available            0x000208c5   Thumb Code    52  pm_mutex.o(i.pm_mutex_lock_first_available)
    pm_mutex_lock_status_get                 0x000208f9   Thumb Code    24  pm_mutex.o(i.pm_mutex_lock_status_get)
    pm_mutex_unlock                          0x00020911   Thumb Code    96  pm_mutex.o(i.pm_mutex_unlock)
    pm_peer_delete_all                       0x00020971   Thumb Code    32  peer_manager.o(i.pm_peer_delete_all)
    pm_register                              0x00020995   Thumb Code    38  peer_manager.o(i.pm_register)
    pm_sec_params_set                        0x000209c1   Thumb Code    26  peer_manager.o(i.pm_sec_params_set)
    pstorage_access_status_get               0x000209e1   Thumb Code    30  pstorage.o(i.pstorage_access_status_get)
    sd_check_ram_start                       0x00020e49   Thumb Code    10  softdevice_handler.o(i.sd_check_ram_start)
    sdk_mapped_flags_bulk_update_by_key      0x00020e59   Thumb Code    70  sdk_mapped_flags.o(i.sdk_mapped_flags_bulk_update_by_key)
    sdk_mapped_flags_first_key_index_get     0x00020ea1   Thumb Code    34  sdk_mapped_flags.o(i.sdk_mapped_flags_first_key_index_get)
    sdk_mapped_flags_get_by_key              0x00020ed9   Thumb Code    38  sdk_mapped_flags.o(i.sdk_mapped_flags_get_by_key)
    sdk_mapped_flags_key_list_get            0x00020eff   Thumb Code    70  sdk_mapped_flags.o(i.sdk_mapped_flags_key_list_get)
    sdk_mapped_flags_n_flags_set             0x00020f45   Thumb Code    32  sdk_mapped_flags.o(i.sdk_mapped_flags_n_flags_set)
    sdk_mapped_flags_update_by_key           0x00020f65   Thumb Code    14  sdk_mapped_flags.o(i.sdk_mapped_flags_update_by_key)
    sm_ble_evt_handler                       0x00021279   Thumb Code    22  security_manager.o(i.sm_ble_evt_handler)
    sm_evt_handler                           0x00021295   Thumb Code   312  peer_manager.o(i.sm_evt_handler)
    sm_link_secure                           0x000213d1   Thumb Code    26  security_manager.o(i.sm_link_secure)
    sm_register                              0x000213f1   Thumb Code   132  security_manager.o(i.sm_register)
    sm_sec_params_set                        0x00021481   Thumb Code    58  security_manager.o(i.sm_sec_params_set)
    smd_ble_evt_handler                      0x000214c1   Thumb Code   216  security_dispatcher.o(i.smd_ble_evt_handler)
    smd_link_secure                          0x00021629   Thumb Code    64  security_dispatcher.o(i.smd_link_secure)
    smd_params_reply                         0x00021671   Thumb Code   274  security_dispatcher.o(i.smd_params_reply)
    smd_register                             0x000217c9   Thumb Code    90  security_dispatcher.o(i.smd_register)
    softdevice_ble_evt_handler_set           0x0002182d   Thumb Code    16  softdevice_handler.o(i.softdevice_ble_evt_handler_set)
    softdevice_enable                        0x00021841   Thumb Code    14  softdevice_handler.o(i.softdevice_enable)
    softdevice_enable_get_default_config     0x00021855   Thumb Code    40  softdevice_handler.o(i.softdevice_enable_get_default_config)
    softdevice_fault_handler                 0x0002187d   Thumb Code     8  softdevice_handler.o(i.softdevice_fault_handler)
    softdevice_handler_init                  0x00021885   Thumb Code    40  softdevice_handler.o(i.softdevice_handler_init)
    softdevice_sys_evt_handler_set           0x000218b5   Thumb Code    16  softdevice_handler.o(i.softdevice_sys_evt_handler_set)
    Region$$Table$$Base                      0x000222d0   Number         0  anon$$obj.o(Region$$Table)
    Region$$Table$$Limit                     0x000222f0   Number         0  anon$$obj.o(Region$$Table)
    Image$$RW_IRAM1$$Base                    0x20002f80   Number         0  anon$$obj.o ABSOLUTE
    SystemCoreClock                          0x20002fbc   Data           4  system_nrf51.o(.data)
    fs_data$$Base                            0x200030d0   Number         0  fds.o(fs_data)
    fs_data$$Limit                           0x200030e0   Number         0  fds.o(fs_data)
    latest_temp                              0x20003304   Data          60  main.o(.bss)
    __initial_sp                             0x200045c8   Data           0  arm_startup_nrf51.o(STACK)



==============================================================================

Memory Map of the image

  Image Entry point : 0x0001b0c1

  Load Region LR_IROM1 (Base: 0x0001b000, Size: 0x00007450, Max: 0x00025000, ABSOLUTE, COMPRESSED[0x00007314])

    Execution Region ER_IROM1 (Base: 0x0001b000, Size: 0x000072f0, Max: 0x00025000, ABSOLUTE)

    Base Addr    Size         Type   Attr      Idx    E Section Name        Object

    0x0001b000   0x000000c0   Data   RO          494    RESET               arm_startup_nrf51.o
    0x0001b0c0   0x00000000   Code   RO         4413  * .ARM.Collect$$$$00000000  mc_p.l(entry.o)
    0x0001b0c0   0x00000004   Code   RO         4466    .ARM.Collect$$$$00000001  mc_p.l(entry2.o)
    0x0001b0c4   0x00000004   Code   RO         4469    .ARM.Collect$$$$00000004  mc_p.l(entry5.o)
    0x0001b0c8   0x00000000   Code   RO         4471    .ARM.Collect$$$$00000008  mc_p.l(entry7b.o)
    0x0001b0c8   0x00000000   Code   RO         4473    .ARM.Collect$$$$0000000A  mc_p.l(entry8b.o)
    0x0001b0c8   0x00000008   Code   RO         4474    .ARM.Collect$$$$0000000B  mc_p.l(entry9a.o)
    0x0001b0d0   0x00000000   Code   RO         4476    .ARM.Collect$$$$0000000D  mc_p.l(entry10a.o)
    0x0001b0d0   0x00000000   Code   RO         4478    .ARM.Collect$$$$0000000F  mc_p.l(entry11a.o)
    0x0001b0d0   0x00000004   Code   RO         4467    .ARM.Collect$$$$00002712  mc_p.l(entry2.o)
    0x0001b0d4   0x0000001e   Code   RO         3637    .emb_text           app_timer.o
    0x0001b0f2   0x00000002   PAD
    0x0001b0f4   0x00000038   Code   RO          495    .text               arm_startup_nrf51.o
    0x0001b12c   0x0000002c   Code   RO         4416    .text               mc_p.l(uidiv.o)
    0x0001b158   0x00000040   Code   RO         4422    .text               mc_p.l(memmovea.o)
    0x0001b198   0x00000024   Code   RO         4424    .text               mc_p.l(memseta.o)
    0x0001b1bc   0x0000001a   Code   RO         4428    .text               mc_p.l(memcmp.o)
    0x0001b1d6   0x00000014   Code   RO         4464    .text               mc_p.l(uread4.o)
    0x0001b1ea   0x00000002   PAD
    0x0001b1ec   0x00000024   Code   RO         4493    .text               mc_p.l(init.o)
    0x0001b210   0x0000003a   Code   RO         4513    .text               mc_p.l(__dczerorl.o)
    0x0001b24a   0x00000002   PAD
    0x0001b24c   0x00000108   Code   RO         3023    i.GPIOTE_IRQHandler  nrf_drv_gpiote.o
    0x0001b354   0x00000044   Code   RO         3638    i.NVIC_SetPriority  app_timer.o
    0x0001b398   0x0000000c   Code   RO         1452    i.PM_PEER_DATA_ID_IS_VALID  peer_data_storage.o
    0x0001b3a4   0x0000000e   Code   RO         1603    i.PM_REMOTE_DB_N_WORDS  peer_database.o
    0x0001b3b2   0x00000002   PAD
    0x0001b3b4   0x00000020   Code   RO         3639    i.RTC1_IRQHandler   app_timer.o
    0x0001b3d4   0x00000008   Code   RO         3640    i.SWI0_IRQHandler   app_timer.o
    0x0001b3dc   0x00000020   Code   RO         4328    i.SWI2_IRQHandler   softdevice_handler.o
    0x0001b3fc   0x00000054   Code   RO          502    i.SystemInit        system_nrf51.o
    0x0001b450   0x00000008   Code   RO         3213    i.UART0_IRQHandler  nrf_drv_uart.o
    0x0001b458   0x0000001a   Code   RO          122    i.__ARM_common_switch8  main.o
    0x0001b472   0x0000000e   Code   RO         4507    i.__scatterload_copy  mc_p.l(handlers.o)
    0x0001b480   0x00000002   Code   RO         4508    i.__scatterload_null  mc_p.l(handlers.o)
    0x0001b482   0x0000000e   Code   RO         4509    i.__scatterload_zeroinit  mc_p.l(handlers.o)
    0x0001b490   0x00000028   Code   RO         1276    i.addr_compare      id_manager.o
    0x0001b4b8   0x00000216   Code   RO          538    i.adv_data_encode   ble_advdata.o
    0x0001b6ce   0x0000002e   Code   RO            3    i.adv_report_parse  main.o
    0x0001b6fc   0x0000003c   Code   RO          455    i.advertising_buttons_configure  bsp_btn_ble.o
    0x0001b738   0x0000004e   Code   RO         1277    i.ah                id_manager.o
    0x0001b786   0x00000002   PAD
    0x0001b788   0x00000018   Code   RO          348    i.alert_timer_handler  bsp.o
    0x0001b7a0   0x00000024   Code   RO         3520    i.app_button_enable  app_button.o
    0x0001b7c4   0x00000074   Code   RO         3521    i.app_button_init   app_button.o
    0x0001b838   0x0000001c   Code   RO         3589    i.app_error_fault_handler  app_error.o
    0x0001b854   0x00000018   Code   RO         3591    i.app_error_handler_bare  app_error.o
    0x0001b86c   0x00000024   Code   RO         3783    i.app_notify        fds.o
    0x0001b890   0x0000003e   Code   RO         4057    i.app_notify        fstorage.o
    0x0001b8ce   0x00000002   PAD
    0x0001b8d0   0x0000002c   Code   RO         3643    i.app_timer_create  app_timer.o
    0x0001b8fc   0x00000090   Code   RO         3644    i.app_timer_init    app_timer.o
    0x0001b98c   0x0000007c   Code   RO         3645    i.app_timer_start   app_timer.o
    0x0001ba08   0x00000054   Code   RO         3646    i.app_timer_stop    app_timer.o
    0x0001ba5c   0x000000a8   Code   RO         2092    i.auth_status_success_process  security_dispatcher.o
    0x0001bb04   0x00000068   Code   RO          539    i.ble_advdata_set   ble_advdata.o
    0x0001bb6c   0x00000124   Code   RO          622    i.ble_advertising_init  ble_advertising.o
    0x0001bc90   0x0000007c   Code   RO          623    i.ble_advertising_on_ble_evt  ble_advertising.o
    0x0001bd0c   0x00000030   Code   RO          624    i.ble_advertising_on_sys_evt  ble_advertising.o
    0x0001bd3c   0x00000010   Code   RO          626    i.ble_advertising_peer_address_clear  ble_advertising.o
    0x0001bd4c   0x000001e0   Code   RO          628    i.ble_advertising_start  ble_advertising.o
    0x0001bf2c   0x00000054   Code   RO          713    i.ble_conn_params_init  ble_conn_params.o
    0x0001bf80   0x00000090   Code   RO          714    i.ble_conn_params_on_ble_evt  ble_conn_params.o
    0x0001c010   0x00000014   Code   RO          785    i.ble_conn_state_conn_handles  ble_conn_state.o
    0x0001c024   0x00000014   Code   RO          786    i.ble_conn_state_encrypted  ble_conn_state.o
    0x0001c038   0x00000014   Code   RO          788    i.ble_conn_state_mitm_protected  ble_conn_state.o
    0x0001c04c   0x00000014   Code   RO          789    i.ble_conn_state_n_centrals  ble_conn_state.o
    0x0001c060   0x000000f8   Code   RO          792    i.ble_conn_state_on_ble_evt  ble_conn_state.o
    0x0001c158   0x00000034   Code   RO          794    i.ble_conn_state_role  ble_conn_state.o
    0x0001c18c   0x00000030   Code   RO          796    i.ble_conn_state_user_flag_acquire  ble_conn_state.o
    0x0001c1bc   0x00000018   Code   RO          797    i.ble_conn_state_user_flag_collection  ble_conn_state.o
    0x0001c1d4   0x00000024   Code   RO          798    i.ble_conn_state_user_flag_get  ble_conn_state.o
    0x0001c1f8   0x00000028   Code   RO          799    i.ble_conn_state_user_flag_set  ble_conn_state.o
    0x0001c220   0x0000004c   Code   RO          916    i.ble_db_discovery_evt_register  ble_db_discovery.o
    0x0001c26c   0x00000014   Code   RO          917    i.ble_db_discovery_init  ble_db_discovery.o
    0x0001c280   0x000000a0   Code   RO          918    i.ble_db_discovery_on_ble_evt  ble_db_discovery.o
    0x0001c320   0x00000060   Code   RO          919    i.ble_db_discovery_start  ble_db_discovery.o
    0x0001c380   0x0000005e   Code   RO          540    i.ble_device_addr_encode  ble_advdata.o
    0x0001c3de   0x00000002   PAD
    0x0001c3e0   0x000000b0   Code   RO            5    i.ble_evt_dispatch  main.o
    0x0001c490   0x00000040   Code   RO         2494    i.ble_rscs_c_init   ble_rscs_c.o
    0x0001c4d0   0x0000002a   Code   RO         2495    i.ble_rscs_c_on_ble_evt  ble_rscs_c.o
    0x0001c4fa   0x00000002   PAD
    0x0001c4fc   0x0000004c   Code   RO         2496    i.ble_rscs_c_rsc_notif_enable  ble_rscs_c.o
    0x0001c548   0x00000050   Code   RO         2440    i.ble_rscs_init     ble_rscs.o
    0x0001c598   0x00000060   Code   RO         2441    i.ble_rscs_measurement_send  ble_rscs.o
    0x0001c5f8   0x00000058   Code   RO         2442    i.ble_rscs_on_ble_evt  ble_rscs.o
    0x0001c650   0x00000078   Code   RO            6    i.ble_stack_init    main.o
    0x0001c6c8   0x00000054   Code   RO          456    i.bsp_btn_ble_init  bsp_btn_ble.o
    0x0001c71c   0x000000a0   Code   RO          349    i.bsp_button_event_handler  bsp.o
    0x0001c7bc   0x0000002c   Code   RO          350    i.bsp_button_is_pressed  bsp.o
    0x0001c7e8   0x00000048   Code   RO          354    i.bsp_event_to_button_action_assign  bsp.o
    0x0001c830   0x000000a0   Code   RO          357    i.bsp_init          bsp.o
    0x0001c8d0   0x000001f8   Code   RO          358    i.bsp_led_indication  bsp.o
    0x0001cac8   0x0000000c   Code   RO          360    i.button_timer_handler  bsp.o
    0x0001cad4   0x0000001c   Code   RO         3024    i.channel_free      nrf_drv_gpiote.o
    0x0001caf0   0x00000048   Code   RO         3025    i.channel_port_alloc  nrf_drv_gpiote.o
    0x0001cb38   0x00000010   Code   RO         3026    i.channel_port_get  nrf_drv_gpiote.o
    0x0001cb48   0x0000003c   Code   RO          920    i.characteristics_discover  ble_db_discovery.o
    0x0001cb84   0x00000020   Code   RO         4058    i.check_config      fstorage.o
    0x0001cba4   0x00000018   Code   RO         3784    i.chunk_queue_next  fds.o
    0x0001cbbc   0x00000054   Code   RO         4059    i.cmd_enqueue       fstorage.o
    0x0001cc10   0x000000f8   Code   RO         3785    i.cmd_queue_process  fds.o
    0x0001cd08   0x00000020   Code   RO         3786    i.cmd_queue_process_start  fds.o
    0x0001cd28   0x000000a8   Code   RO         3648    i.compare_reg_update  app_timer.o
    0x0001cdd0   0x00000088   Code   RO          541    i.conn_int_encode   ble_advdata.o
    0x0001ce58   0x00000008   Code   RO            7    i.conn_params_error_handler  main.o
    0x0001ce60   0x00000068   Code   RO          716    i.conn_params_negotiation  ble_conn_params.o
    0x0001cec8   0x00000024   Code   RO            8    i.connections_log_init  main.o
    0x0001ceec   0x0000000a   Code   RO         1453    i.convert_peer_data_id_to_type_id  peer_data_storage.o
    0x0001cef6   0x0000000a   Code   RO         1454    i.convert_peer_id_to_instance_id  peer_data_storage.o
    0x0001cf00   0x0000000a   Code   RO         1455    i.convert_type_id_to_peer_data_id  peer_data_storage.o
    0x0001cf0a   0x00000002   PAD
    0x0001cf0c   0x00000044   Code   RO         2029    i.current_int_priority_get  pm_mutex.o
    0x0001cf50   0x00000068   Code   RO         2497    i.db_discover_evt_handler  ble_rscs_c.o
    0x0001cfb8   0x00000084   Code   RO          921    i.descriptors_discover  ble_db_discovery.o
    0x0001d03c   0x00000060   Code   RO         3523    i.detection_delay_timeout_handler  app_button.o
    0x0001d09c   0x0000005c   Code   RO         2093    i.disconnect_process  security_dispatcher.o
    0x0001d0f8   0x0000006c   Code   RO          922    i.discovery_complete_evt_trigger  ble_db_discovery.o
    0x0001d164   0x00000050   Code   RO          923    i.discovery_error_evt_trigger  ble_db_discovery.o
    0x0001d1b4   0x00000040   Code   RO         3649    i.elapsed_ticks_acquire  app_timer.o
    0x0001d1f4   0x00000030   Code   RO         2094    i.encryption_failure  security_dispatcher.o
    0x0001d224   0x00000032   Code   RO         2201    i.events_send_from_err_code  security_manager.o
    0x0001d256   0x00000002   PAD
    0x0001d258   0x00000020   Code   RO         1278    i.evt_send          id_manager.o
    0x0001d278   0x00000024   Code   RO         1810    i.evt_send          peer_manager.o
    0x0001d29c   0x00000020   Code   RO         2095    i.evt_send          security_dispatcher.o
    0x0001d2bc   0x00000020   Code   RO         2202    i.evt_send          security_manager.o
    0x0001d2dc   0x00000040   Code   RO         3787    i.fds_clear         fds.o
    0x0001d31c   0x00000044   Code   RO         3788    i.fds_clear_by_instance  fds.o
    0x0001d360   0x00000030   Code   RO         3789    i.fds_close         fds.o
    0x0001d390   0x00000014   Code   RO         3790    i.fds_descriptor_from_rec_id  fds.o
    0x0001d3a4   0x00000002   Code   RO            9    i.fds_evt_handler   main.o
    0x0001d3a6   0x00000002   PAD
    0x0001d3a8   0x000000b4   Code   RO         1456    i.fds_evt_handler   peer_data_storage.o
    0x0001d45c   0x0000000e   Code   RO         3791    i.fds_find          fds.o
    0x0001d46a   0x00000010   Code   RO         3793    i.fds_find_by_type  fds.o
    0x0001d47a   0x00000002   PAD
    0x0001d47c   0x00000038   Code   RO         3794    i.fds_gc            fds.o
    0x0001d4b4   0x00000092   Code   RO         3795    i.fds_init          fds.o
    0x0001d546   0x00000002   PAD
    0x0001d548   0x00000058   Code   RO         3796    i.fds_open          fds.o
    0x0001d5a0   0x00000014   Code   RO         3797    i.fds_record_id_from_desc  fds.o
    0x0001d5b4   0x00000024   Code   RO         3798    i.fds_register      fds.o
    0x0001d5d8   0x00000032   Code   RO         3799    i.fds_reserve       fds.o
    0x0001d60a   0x00000002   PAD
    0x0001d60c   0x00000048   Code   RO         3800    i.fds_reserve_cancel  fds.o
    0x0001d654   0x00000010   Code   RO         3801    i.fds_update        fds.o
    0x0001d664   0x0000000e   Code   RO         3802    i.fds_write         fds.o
    0x0001d672   0x0000001c   Code   RO         3803    i.fds_write_reserved  fds.o
    0x0001d68e   0x00000002   PAD
    0x0001d690   0x00000054   Code   RO         3804    i.find_next_valid   fds.o
    0x0001d6e4   0x00000070   Code   RO         3805    i.find_record       fds.o
    0x0001d754   0x000000d0   Code   RO         3806    i.find_record_by_key  fds.o
    0x0001d824   0x00000010   Code   RO         3807    i.flag_clear        fds.o
    0x0001d834   0x00000012   Code   RO         2096    i.flag_id_init      security_dispatcher.o
    0x0001d846   0x00000012   Code   RO         2203    i.flag_id_init      security_manager.o
    0x0001d858   0x00000014   Code   RO         3808    i.flag_is_set       fds.o
    0x0001d86c   0x00000010   Code   RO         3809    i.flag_set          fds.o
    0x0001d87c   0x00000060   Code   RO         2204    i.flags_set_from_err_code  security_manager.o
    0x0001d8dc   0x0000000c   Code   RO         3810    i.fs_callback       fds.o
    0x0001d8e8   0x00000064   Code   RO         4060    i.fs_erase          fstorage.o
    0x0001d94c   0x0000007c   Code   RO         4061    i.fs_init           fstorage.o
    0x0001d9c8   0x00000064   Code   RO         4062    i.fs_store          fstorage.o
    0x0001da2c   0x0000007c   Code   RO         4063    i.fs_sys_event_handler  fstorage.o
    0x0001daa8   0x00000048   Code   RO         3811    i.gc_copy_record    fds.o
    0x0001daf0   0x00000028   Code   RO         3812    i.gc_erase_swap     fds.o
    0x0001db18   0x000000c0   Code   RO         3813    i.gc_execute        fds.o
    0x0001dbd8   0x00000044   Code   RO         3814    i.gc_swap           fds.o
    0x0001dc1c   0x00000002   Code   RO         1021    i.gccm_evt_handler  gatt_cache_manager.o
    0x0001dc1e   0x00000002   PAD
    0x0001dc20   0x00000024   Code   RO         1147    i.gccm_init         gattc_cache_manager.o
    0x0001dc44   0x000000e4   Code   RO         1022    i.gcm_ble_evt_handler  gatt_cache_manager.o
    0x0001dd28   0x00000080   Code   RO         1811    i.gcm_evt_handler   peer_manager.o
    0x0001dda8   0x0000007c   Code   RO         1023    i.gcm_init          gatt_cache_manager.o
    0x0001de24   0x0000004c   Code   RO         1024    i.gcm_local_database_has_changed  gatt_cache_manager.o
    0x0001de70   0x00000038   Code   RO         1279    i.get_connection_by_conn_handle  id_manager.o
    0x0001dea8   0x00000030   Code   RO         1280    i.get_free_connection  id_manager.o
    0x0001ded8   0x00000050   Code   RO         3524    i.gpiote_event_handler  app_button.o
    0x0001df28   0x00000064   Code   RO         1030    i.gscm_evt_handler  gatt_cache_manager.o
    0x0001df8c   0x00000024   Code   RO         1186    i.gscm_init         gatts_cache_manager.o
    0x0001dfb0   0x00000040   Code   RO         1187    i.gscm_local_database_has_changed  gatts_cache_manager.o
    0x0001dff0   0x00000084   Code   RO         1188    i.gscm_local_db_cache_apply  gatts_cache_manager.o
    0x0001e074   0x00000098   Code   RO         1191    i.gscm_local_db_cache_update  gatts_cache_manager.o
    0x0001e10c   0x0000002c   Code   RO         1192    i.gscm_peer_was_notified_of_db_change  gatts_cache_manager.o
    0x0001e138   0x0000001e   Code   RO         1193    i.gscm_service_changed_ind_needed  gatts_cache_manager.o
    0x0001e156   0x00000002   PAD
    0x0001e158   0x00000034   Code   RO         1194    i.gscm_service_changed_ind_send  gatts_cache_manager.o
    0x0001e18c   0x0000001c   Code   RO         3815    i.header_is_valid   fds.o
    0x0001e1a8   0x00000040   Code   RO         1281    i.im_address_resolve  id_manager.o
    0x0001e1e8   0x0000003c   Code   RO         1282    i.im_ble_addr_get   id_manager.o
    0x0001e224   0x000000b4   Code   RO         1283    i.im_ble_evt_handler  id_manager.o
    0x0001e2d8   0x0000002c   Code   RO         1284    i.im_conn_handle_get  id_manager.o
    0x0001e304   0x0000002c   Code   RO         1031    i.im_evt_handler    gatt_cache_manager.o
    0x0001e330   0x0000004c   Code   RO         1812    i.im_evt_handler    peer_manager.o
    0x0001e37c   0x0000001c   Code   RO         1285    i.im_master_id_is_valid  id_manager.o
    0x0001e398   0x0000001c   Code   RO         1286    i.im_new_peer_id    id_manager.o
    0x0001e3b4   0x00000028   Code   RO         1287    i.im_peer_id_get_by_conn_handle  id_manager.o
    0x0001e3dc   0x00000048   Code   RO         1289    i.im_peer_id_get_by_master_id  id_manager.o
    0x0001e424   0x00000078   Code   RO         1290    i.im_register       id_manager.o
    0x0001e49c   0x00000020   Code   RO           10    i.indicate_led_init  main.o
    0x0001e4bc   0x000000c4   Code   RO         3816    i.init_execute      fds.o
    0x0001e580   0x00000078   Code   RO         4329    i.intern_softdevice_events_execute  softdevice_handler.o
    0x0001e5f8   0x0000001c   Code   RO          717    i.is_conn_params_ok  ble_conn_params.o
    0x0001e614   0x00000042   Code   RO          924    i.is_desc_discovery_reqd  ble_db_discovery.o
    0x0001e656   0x00000038   Code   RO         1293    i.is_duplicate_bonding_data  id_manager.o
    0x0001e68e   0x00000002   PAD
    0x0001e690   0x00000048   Code   RO          503    i.is_manual_peripheral_setup_needed  system_nrf51.o
    0x0001e6d8   0x00000016   Code   RO         1294    i.is_valid_irk      id_manager.o
    0x0001e6ee   0x00000054   Code   RO          542    i.le_role_encode    ble_advdata.o
    0x0001e742   0x00000002   PAD
    0x0001e744   0x00000018   Code   RO          361    i.leds_timer_handler  bsp.o
    0x0001e75c   0x000000a0   Code   RO         2205    i.link_secure       security_manager.o
    0x0001e7fc   0x00000088   Code   RO         2097    i.link_secure_central  security_dispatcher.o
    0x0001e884   0x000000ce   Code   RO         2098    i.link_secure_central_existing_peer  security_dispatcher.o
    0x0001e952   0x00000002   PAD
    0x0001e954   0x00000074   Code   RO         2099    i.link_secure_central_new_peer  security_dispatcher.o
    0x0001e9c8   0x0000005c   Code   RO         2206    i.link_secure_pending_process  security_manager.o
    0x0001ea24   0x000000bc   Code   RO         3650    i.list_deletions_handler  app_timer.o
    0x0001eae0   0x000000d4   Code   RO         3651    i.list_insertions_handler  app_timer.o
    0x0001ebb4   0x00000078   Code   RO         1032    i.local_db_apply_in_evt  gatt_cache_manager.o
    0x0001ec2c   0x00000078   Code   RO         1033    i.local_db_update_in_evt  gatt_cache_manager.o
    0x0001eca4   0x0000005a   Code   RO         2030    i.lock_by_mask      pm_mutex.o
    0x0001ecfe   0x00000002   PAD
    0x0001ed00   0x0000018c   Code   RO           13    i.main              main.o
    0x0001ee8c   0x00000068   Code   RO          543    i.manuf_specific_data_encode  ble_advdata.o
    0x0001eef4   0x0000002c   Code   RO         1295    i.master_id_compare  id_manager.o
    0x0001ef20   0x0000009e   Code   RO          544    i.name_encode       ble_advdata.o
    0x0001efbe   0x00000002   PAD
    0x0001efc0   0x0000005c   Code   RO         1296    i.new_connection    id_manager.o
    0x0001f01c   0x00000060   Code   RO         2966    i.nrf_drv_common_irq_enable  nrf_drv_common.o
    0x0001f07c   0x000000a0   Code   RO         3029    i.nrf_drv_gpiote_in_event_enable  nrf_drv_gpiote.o
    0x0001f11c   0x000000a4   Code   RO         3030    i.nrf_drv_gpiote_in_init  nrf_drv_gpiote.o
    0x0001f1c0   0x00000014   Code   RO         3031    i.nrf_drv_gpiote_in_is_set  nrf_drv_gpiote.o
    0x0001f1d4   0x00000054   Code   RO         3033    i.nrf_drv_gpiote_init  nrf_drv_gpiote.o
    0x0001f228   0x00000010   Code   RO         3034    i.nrf_drv_gpiote_is_init  nrf_drv_gpiote.o
    0x0001f238   0x00000024   Code   RO         3046    i.nrf_gpio_cfg      nrf_drv_gpiote.o
    0x0001f25c   0x00000020   Code   RO         3048    i.nrf_gpio_cfg_sense_set  nrf_drv_gpiote.o
    0x0001f27c   0x00000014   Code   RO         3049    i.nrf_gpiote_event_is_set  nrf_drv_gpiote.o
    0x0001f290   0x0000000a   Code   RO         3229    i.nrf_uart_event_check  nrf_drv_uart.o
    0x0001f29a   0x00000010   Code   RO         3230    i.nrf_uart_int_enable_check  nrf_drv_uart.o
    0x0001f2aa   0x00000002   PAD
    0x0001f2ac   0x0000002c   Code   RO           14    i.on_adv_evt        main.o
    0x0001f2d8   0x00000178   Code   RO           15    i.on_ble_central_evt  main.o
    0x0001f450   0x000000bc   Code   RO          925    i.on_characteristic_discovery_rsp  ble_db_discovery.o
    0x0001f50c   0x0000009c   Code   RO          926    i.on_descriptor_discovery_rsp  ble_db_discovery.o
    0x0001f5a8   0x0000007a   Code   RO         2498    i.on_hvx            ble_rscs_c.o
    0x0001f622   0x00000002   PAD
    0x0001f624   0x0000005c   Code   RO          927    i.on_srv_disc_completion  ble_db_discovery.o
    0x0001f680   0x0000000c   Code   RO         3817    i.page_id_within_bounds  fds.o
    0x0001f68c   0x0000005c   Code   RO         3818    i.page_scan         fds.o
    0x0001f6e8   0x00000020   Code   RO         3819    i.page_tag_write_swap  fds.o
    0x0001f708   0x00000018   Code   RO         3820    i.page_tag_write_valid  fds.o
    0x0001f720   0x000000bc   Code   RO         3821    i.pages_init        fds.o
    0x0001f7dc   0x00000050   Code   RO         2100    i.pairing_failure   security_dispatcher.o
    0x0001f82c   0x0000003c   Code   RO         2207    i.params_reply_pending_process  security_manager.o
    0x0001f868   0x00000018   Code   RO         1604    i.pdb_clear         peer_database.o
    0x0001f880   0x0000001c   Code   RO         1150    i.pdb_evt_handler   gattc_cache_manager.o
    0x0001f89c   0x00000040   Code   RO         1195    i.pdb_evt_handler   gatts_cache_manager.o
    0x0001f8dc   0x00000078   Code   RO         1297    i.pdb_evt_handler   id_manager.o
    0x0001f954   0x00000080   Code   RO         1813    i.pdb_evt_handler   peer_manager.o
    0x0001f9d4   0x00000034   Code   RO         2101    i.pdb_evt_handler   security_dispatcher.o
    0x0001fa08   0x00000034   Code   RO         2208    i.pdb_evt_handler   security_manager.o
    0x0001fa3c   0x00000020   Code   RO         1605    i.pdb_evt_send      peer_database.o
    0x0001fa5c   0x0000001c   Code   RO         1607    i.pdb_next_peer_id_get  peer_database.o
    0x0001fa78   0x0000001c   Code   RO         1608    i.pdb_peer_allocate  peer_database.o
    0x0001fa94   0x00000018   Code   RO         1609    i.pdb_peer_free     peer_database.o
    0x0001faac   0x00000024   Code   RO         1611    i.pdb_raw_store     peer_database.o
    0x0001fad0   0x00000018   Code   RO         1612    i.pdb_read_buf_get  peer_database.o
    0x0001fae8   0x00000080   Code   RO         1613    i.pdb_register      peer_database.o
    0x0001fb68   0x00000140   Code   RO         1614    i.pdb_write_buf_get  peer_database.o
    0x0001fca8   0x0000003c   Code   RO         1615    i.pdb_write_buf_release  peer_database.o
    0x0001fce4   0x00000108   Code   RO         1616    i.pdb_write_buf_store  peer_database.o
    0x0001fdec   0x00000068   Code   RO         1617    i.pdb_write_buf_store_prepare  peer_database.o
    0x0001fe54   0x00000104   Code   RO         1618    i.pds_evt_handler   peer_database.o
    0x0001ff58   0x0000002c   Code   RO         1458    i.pds_next_peer_id_get  peer_data_storage.o
    0x0001ff84   0x00000074   Code   RO         1459    i.pds_peer_data_clear  peer_data_storage.o
    0x0001fff8   0x00000094   Code   RO         1462    i.pds_peer_data_read_ptr_get  peer_data_storage.o
    0x0002008c   0x000000a8   Code   RO         1463    i.pds_peer_data_update  peer_data_storage.o
    0x00020134   0x000000a4   Code   RO         1465    i.pds_peer_data_write  peer_data_storage.o
    0x000201d8   0x00000040   Code   RO         1466    i.pds_peer_data_write_prepare  peer_data_storage.o
    0x00020218   0x0000002c   Code   RO         1467    i.pds_peer_data_write_prepare_cancel  peer_data_storage.o
    0x00020244   0x000000b0   Code   RO         1468    i.pds_peer_data_write_prepared  peer_data_storage.o
    0x000202f4   0x0000002c   Code   RO         1469    i.pds_peer_id_allocate  peer_data_storage.o
    0x00020320   0x00000050   Code   RO         1470    i.pds_peer_id_free  peer_data_storage.o
    0x00020370   0x00000024   Code   RO         1471    i.pds_peer_id_is_allocated  peer_data_storage.o
    0x00020394   0x0000005c   Code   RO         1472    i.pds_register      peer_data_storage.o
    0x000203f0   0x00000016   Code   RO          630    i.peer_address_exists  ble_advertising.o
    0x00020406   0x0000000a   Code   RO         1619    i.peer_data_const_point_to_buffer  peer_database.o
    0x00020410   0x0000005c   Code   RO         1421    i.peer_data_parts_get  peer_data.o
    0x0002046c   0x0000004a   Code   RO         1620    i.peer_data_point_to_buffer  peer_database.o
    0x000204b6   0x00000002   PAD
    0x000204b8   0x00000040   Code   RO         1758    i.peer_id_allocate  peer_id.o
    0x000204f8   0x00000014   Code   RO         1759    i.peer_id_free      peer_id.o
    0x0002050c   0x0000001c   Code   RO         1760    i.peer_id_init      peer_id.o
    0x00020528   0x00000018   Code   RO         1761    i.peer_id_is_allocated  peer_id.o
    0x00020540   0x00000038   Code   RO         1763    i.peer_id_next_id_get  peer_id.o
    0x00020578   0x00000054   Code   RO         1473    i.peer_ids_init     peer_data_storage.o
    0x000205cc   0x00000084   Code   RO           16    i.peer_manager_init  main.o
    0x00020650   0x0000002c   Code   RO          928    i.pending_user_evts_send  ble_db_discovery.o
    0x0002067c   0x00000018   Code   RO         3050    i.pin_in_use_by_port  nrf_drv_gpiote.o
    0x00020694   0x00000018   Code   RO         3051    i.pin_in_use_by_te  nrf_drv_gpiote.o
    0x000206ac   0x00000024   Code   RO         1814    i.pm_ble_evt_handler  peer_manager.o
    0x000206d0   0x0000005e   Code   RO         1997    i.pm_buffer_block_acquire  pm_buffer.o
    0x0002072e   0x00000042   Code   RO         1998    i.pm_buffer_init    pm_buffer.o
    0x00020770   0x0000002e   Code   RO         1999    i.pm_buffer_ptr_get  pm_buffer.o
    0x0002079e   0x0000002a   Code   RO         2000    i.pm_buffer_release  pm_buffer.o
    0x000207c8   0x0000004a   Code   RO           17    i.pm_evt_handler    main.o
    0x00020812   0x00000002   PAD
    0x00020814   0x00000064   Code   RO         1816    i.pm_init           peer_manager.o
    0x00020878   0x00000018   Code   RO         1817    i.pm_link_secure    peer_manager.o
    0x00020890   0x00000008   Code   RO         1819    i.pm_local_database_has_changed  peer_manager.o
    0x00020898   0x00000010   Code   RO         2031    i.pm_mutex_init     pm_mutex.o
    0x000208a8   0x0000001c   Code   RO         2032    i.pm_mutex_lock     pm_mutex.o
    0x000208c4   0x00000034   Code   RO         2033    i.pm_mutex_lock_first_available  pm_mutex.o
    0x000208f8   0x00000018   Code   RO         2034    i.pm_mutex_lock_status_get  pm_mutex.o
    0x00020910   0x00000060   Code   RO         2035    i.pm_mutex_unlock   pm_mutex.o
    0x00020970   0x00000024   Code   RO         1826    i.pm_peer_delete_all  peer_manager.o
    0x00020994   0x0000002c   Code   RO         1829    i.pm_register       peer_manager.o
    0x000209c0   0x00000020   Code   RO         1831    i.pm_sec_params_set  peer_manager.o
    0x000209e0   0x00000028   Code   RO         2742    i.pstorage_access_status_get  pstorage.o
    0x00020a08   0x00000034   Code   RO         4064    i.queue_advance     fstorage.o
    0x00020a3c   0x0000008c   Code   RO         4065    i.queue_process     fstorage.o
    0x00020ac8   0x00000058   Code   RO         3822    i.queue_reserve     fds.o
    0x00020b20   0x0000003c   Code   RO          929    i.registered_handler_get  ble_db_discovery.o
    0x00020b5c   0x0000008c   Code   RO         2443    i.rsc_feature_char_add  ble_rscs.o
    0x00020be8   0x000000b0   Code   RO         2444    i.rsc_measurement_char_add  ble_rscs.o
    0x00020c98   0x00000064   Code   RO         2445    i.rsc_measurement_encode  ble_rscs.o
    0x00020cfc   0x00000098   Code   RO           18    i.rscs_c_evt_handler  main.o
    0x00020d94   0x00000044   Code   RO         3652    i.rtc1_stop         app_timer.o
    0x00020dd8   0x00000038   Code   RO         3231    i.rx_byte           nrf_drv_uart.o
    0x00020e10   0x0000001c   Code   RO         3232    i.rx_done_event     nrf_drv_uart.o
    0x00020e2c   0x0000001c   Code   RO           19    i.scan_start        main.o
    0x00020e48   0x00000010   Code   RO         4330    i.sd_check_ram_start  softdevice_handler.o
    0x00020e58   0x00000046   Code   RO         4267    i.sdk_mapped_flags_bulk_update_by_key  sdk_mapped_flags.o
    0x00020e9e   0x00000002   PAD
    0x00020ea0   0x00000028   Code   RO         4268    i.sdk_mapped_flags_first_key_index_get  sdk_mapped_flags.o
    0x00020ec8   0x00000010   Code   RO         4269    i.sdk_mapped_flags_get_by_index  sdk_mapped_flags.o
    0x00020ed8   0x00000026   Code   RO         4270    i.sdk_mapped_flags_get_by_key  sdk_mapped_flags.o
    0x00020efe   0x00000046   Code   RO         4271    i.sdk_mapped_flags_key_list_get  sdk_mapped_flags.o
    0x00020f44   0x00000020   Code   RO         4272    i.sdk_mapped_flags_n_flags_set  sdk_mapped_flags.o
    0x00020f64   0x0000000e   Code   RO         4273    i.sdk_mapped_flags_update_by_key  sdk_mapped_flags.o
    0x00020f72   0x00000002   PAD
    0x00020f74   0x000000a8   Code   RO         2102    i.sec_info_request_process  security_dispatcher.o
    0x0002101c   0x0000006e   Code   RO         2209    i.sec_params_verify  security_manager.o
    0x0002108a   0x00000002   PAD
    0x0002108c   0x0000004c   Code   RO         2103    i.sec_proc_start    security_dispatcher.o
    0x000210d8   0x0000001c   Code   RO         2104    i.sec_start_send    security_dispatcher.o
    0x000210f4   0x00000098   Code   RO         1034    i.service_changed_pending_flags_check  gatt_cache_manager.o
    0x0002118c   0x0000008e   Code   RO          545    i.service_data_encode  ble_advdata.o
    0x0002121a   0x00000002   PAD
    0x0002121c   0x0000005c   Code   RO           20    i.services_init     main.o
    0x00021278   0x0000001c   Code   RO         2210    i.sm_ble_evt_handler  security_manager.o
    0x00021294   0x0000013c   Code   RO         1834    i.sm_evt_handler    peer_manager.o
    0x000213d0   0x00000020   Code   RO         2211    i.sm_link_secure    security_manager.o
    0x000213f0   0x00000090   Code   RO         2212    i.sm_register       security_manager.o
    0x00021480   0x00000040   Code   RO         2214    i.sm_sec_params_set  security_manager.o
    0x000214c0   0x000000e0   Code   RO         2105    i.smd_ble_evt_handler  security_dispatcher.o
    0x000215a0   0x00000010   Code   RO         1035    i.smd_evt_handler   gatt_cache_manager.o
    0x000215b0   0x00000078   Code   RO         2215    i.smd_evt_handler   security_manager.o
    0x00021628   0x00000048   Code   RO         2106    i.smd_link_secure   security_dispatcher.o
    0x00021670   0x00000120   Code   RO         2107    i.smd_params_reply  security_dispatcher.o
    0x00021790   0x00000038   Code   RO         2216    i.smd_params_reply_perform  security_manager.o
    0x000217c8   0x00000064   Code   RO         2108    i.smd_register      security_dispatcher.o
    0x0002182c   0x00000014   Code   RO         4331    i.softdevice_ble_evt_handler_set  softdevice_handler.o
    0x00021840   0x00000014   Code   RO         4332    i.softdevice_enable  softdevice_handler.o
    0x00021854   0x00000028   Code   RO         4333    i.softdevice_enable_get_default_config  softdevice_handler.o
    0x0002187c   0x00000008   Code   RO         4334    i.softdevice_fault_handler  softdevice_handler.o
    0x00021884   0x00000030   Code   RO         4335    i.softdevice_handler_init  softdevice_handler.o
    0x000218b4   0x00000014   Code   RO         4338    i.softdevice_sys_evt_handler_set  softdevice_handler.o
    0x000218c8   0x0000017c   Code   RO         3823    i.store_execute     fds.o
    0x00021a44   0x00000010   Code   RO           21    i.sys_evt_dispatch  main.o
    0x00021a54   0x00000084   Code   RO         3653    i.timer_list_handler  app_timer.o
    0x00021ad8   0x00000010   Code   RO         3654    i.timer_list_handler_sched  app_timer.o
    0x00021ae8   0x00000040   Code   RO         3655    i.timer_list_insert  app_timer.o
    0x00021b28   0x00000080   Code   RO         3656    i.timer_timeouts_check  app_timer.o
    0x00021ba8   0x00000044   Code   RO         2499    i.tx_buffer_process  ble_rscs_c.o
    0x00021bec   0x0000002c   Code   RO         3234    i.tx_byte           nrf_drv_uart.o
    0x00021c18   0x00000020   Code   RO         3235    i.tx_done_event     nrf_drv_uart.o
    0x00021c38   0x00000128   Code   RO         3236    i.uart_irq_handler  nrf_drv_uart.o
    0x00021d60   0x0000000a   Code   RO          546    i.uint16_encode     ble_advdata.o
    0x00021d6a   0x00000012   Code   RO         3824    i.update_page_offsets  fds.o
    0x00021d7c   0x00000064   Code   RO          718    i.update_timeout_handler  ble_conn_params.o
    0x00021de0   0x00000018   Code   RO          801    i.user_flag_is_acquired  ble_conn_state.o
    0x00021df8   0x00000054   Code   RO         3657    i.user_id_get       app_timer.o
    0x00021e4c   0x00000026   Code   RO         3658    i.user_op_alloc     app_timer.o
    0x00021e72   0x00000030   Code   RO          547    i.uuid_list_encode  ble_advdata.o
    0x00021ea2   0x000000ae   Code   RO          548    i.uuid_list_sized_encode  ble_advdata.o
    0x00021f50   0x00000010   Code   RO          631    i.whitelist_has_entries  ble_advertising.o
    0x00021f60   0x00000034   Code   RO         1621    i.write_buffer_record_find  peer_database.o
    0x00021f94   0x00000024   Code   RO         1622    i.write_buffer_record_invalidate  peer_database.o
    0x00021fb8   0x0000002c   Code   RO         1623    i.write_buffer_record_release  peer_database.o
    0x00021fe4   0x00000050   Code   RO         3825    i.write_chunks      fds.o
    0x00022034   0x00000124   Code   RO         3826    i.write_enqueue     fds.o
    0x00022158   0x0000004c   Code   RO         1624    i.write_or_update   peer_database.o
    0x000221a4   0x0000004c   Code   RO         3827    i.write_space_reserve  fds.o
    0x000221f0   0x00000018   Data   RO           24    .constdata          main.o
    0x00022208   0x0000003c   Data   RO          366    .constdata          bsp.o
    0x00022244   0x00000004   Data   RO          721    .constdata          ble_conn_params.o
    0x00022248   0x00000001   Data   RO         1196    .constdata          gatts_cache_manager.o
    0x00022249   0x00000003   PAD
    0x0002224c   0x00000010   Data   RO         1197    .constdata          gatts_cache_manager.o
    0x0002225c   0x00000001   Data   RO         1198    .constdata          gatts_cache_manager.o
    0x0002225d   0x00000003   PAD
    0x00022260   0x00000054   Data   RO         2109    .constdata          security_dispatcher.o
    0x000222b4   0x00000008   Data   RO         3526    .constdata          app_button.o
    0x000222bc   0x00000014   Data   RO         3829    .constdata          fds.o
    0x000222d0   0x00000020   Data   RO         4505    Region$$Table       anon$$obj.o


    Execution Region RW_IRAM1 (Base: 0x20002f80, Size: 0x00001648, Max: 0x00005080, ABSOLUTE, COMPRESSED[0x00000024])

    Base Addr    Size         Type   Attr      Idx    E Section Name        Object

    0x20002f80   0x0000001a   Data   RW           25    .data               main.o
    0x20002f9a   0x00000002   PAD
    0x20002f9c   0x00000018   Data   RW          367    .data               bsp.o
    0x20002fb4   0x00000008   Data   RW          459    .data               bsp_btn_ble.o
    0x20002fbc   0x00000004   Data   RW          504    .data               system_nrf51.o
    0x20002fc0   0x0000001f   Data   RW          633    .data               ble_advertising.o
    0x20002fdf   0x00000001   PAD
    0x20002fe0   0x00000014   Data   RW          722    .data               ble_conn_params.o
    0x20002ff4   0x0000000c   Data   RW          931    .data               ble_db_discovery.o
    0x20003000   0x00000008   Data   RW         1036    .data               gatt_cache_manager.o
    0x20003008   0x00000004   Data   RW         1151    .data               gattc_cache_manager.o
    0x2000300c   0x00000008   Data   RW         1199    .data               gatts_cache_manager.o
    0x20003014   0x00000001   Data   RW         1626    .data               peer_database.o
    0x20003015   0x00000003   PAD
    0x20003018   0x00000010   Data   RW         2110    .data               security_dispatcher.o
    0x20003028   0x0000001c   Data   RW         2217    .data               security_manager.o
    0x20003044   0x0000000c   Data   RW         2501    .data               ble_rscs_c.o
    0x20003050   0x00000024   Data   RW         2767    .data               pstorage.o
    0x20003074   0x00000014   Data   RW         3527    .data               app_button.o
    0x20003088   0x00000020   Data   RW         3659    .data               app_timer.o
    0x200030a8   0x00000010   Data   RW         3830    .data               fds.o
    0x200030b8   0x00000004   Data   RW         4067    .data               fstorage.o
    0x200030bc   0x00000014   Data   RW         4339    .data               softdevice_handler.o
    0x200030d0   0x00000010   Data   RW         3831    fs_data             fds.o
    0x200030e0   0x00000260   Zero   RW           23    .bss                main.o
    0x20003340   0x00000020   Zero   RW          362    .bss                bsp.o
    0x20003360   0x00000020   Zero   RW          363    .bss                bsp.o
    0x20003380   0x0000000c   Zero   RW          364    .bss                bsp.o
    0x2000338c   0x00000020   Zero   RW          365    .bss                bsp.o
    0x200033ac   0x00000103   Zero   RW          632    .bss                ble_advertising.o
    0x200034af   0x00000001   PAD
    0x200034b0   0x00000020   Zero   RW          719    .bss                ble_conn_params.o
    0x200034d0   0x0000001c   Zero   RW          720    .bss                ble_conn_params.o
    0x200034ec   0x00000028   Zero   RW          802    .bss                ble_conn_state.o
    0x20003514   0x00000098   Zero   RW          930    .bss                ble_db_discovery.o
    0x200035ac   0x00000138   Zero   RW         1298    .bss                id_manager.o
    0x200036e4   0x00000020   Zero   RW         1474    .bss                peer_data_storage.o
    0x20003704   0x00000350   Zero   RW         1625    .bss                peer_database.o
    0x20003a54   0x00000020   Zero   RW         1764    .bss                peer_id.o
    0x20003a74   0x00000014   Zero   RW         1835    .bss                peer_manager.o
    0x20003a88   0x000000a0   Zero   RW         2500    .bss                ble_rscs_c.o
    0x20003b28   0x000000d8   Zero   RW         2765    .bss                pstorage.o
    0x20003c00   0x00000048   Zero   RW         3052    .bss                nrf_drv_gpiote.o
    0x20003c48   0x0000001c   Zero   RW         3237    .bss                nrf_drv_uart.o
    0x20003c64   0x00000020   Zero   RW         3525    .bss                app_button.o
    0x20003c84   0x000000ec   Zero   RW         3828    .bss                fds.o
    0x20003d70   0x00000054   Zero   RW         4066    .bss                fstorage.o
    0x20003dc4   0x00000004   PAD
    0x20003dc8   0x00000800   Zero   RW          492    STACK               arm_startup_nrf51.o


==============================================================================

Image component sizes


      Code (inc. data)   RO Data    RW Data    ZI Data      Debug   Object Name

       328         34          8         20         32      11926   app_button.o
        52         16          0          0          0       9319   app_error.o
      1696        152          0         32          0      29403   app_timer.o
        56         18        192          0       2048        748   arm_startup_nrf51.o
      1588          6          0          0          0      19752   ble_advdata.o
       998         34          0         31        259      13713   ble_advertising.o
       460         58          4         20         60      13564   ble_conn_params.o
       552         56          0          0         40      11885   ble_conn_state.o
      1338         78          0         12        152      16119   ble_db_discovery.o
       680         20          0          0          0      11378   ble_rscs.o
       476         44          0         12        160       9244   ble_rscs_c.o
      1000        102         60         24        108       9456   bsp.o
       144          4          0          8          0       3595   bsp_btn_ble.o
      3442        316         20         32        236      43667   fds.o
       818         80          0          4         84      10710   fstorage.o
       982         90          0          8          0      20462   gatt_cache_manager.o
        64         16          0          4          0       2616   gattc_cache_manager.o
       574         74         18          8          0      14399   gatts_cache_manager.o
      1224         86          0          0        312      17312   id_manager.o
      1756        166         24         26        608     122574   main.o
        96         18          0          0          0       8648   nrf_drv_common.o
       960        128          0          0         72      21380   nrf_drv_gpiote.o
       490         58          0          0         28      13975   nrf_drv_uart.o
        92          8          0          0          0       4962   peer_data.o
      1482        110          0          0         32      22885   peer_data_storage.o
      1638        134          0          1        848      26605   peer_database.o
       192         34          0          0         32       4566   peer_id.o
       964         96          0          0         20      22342   peer_manager.o
       248          0          0          0          0       4227   pm_buffer.o
       374          8          0          0          0      13001   pm_mutex.o
        40         10          0         36        216      10597   pstorage.o
       280          6          0          0          0       8039   sdk_mapped_flags.o
      1904        110         84         16          0      20090   security_dispatcher.o
      1114         92          0         28          0      16412   security_manager.o
       324         36          0         20          0       9796   softdevice_handler.o
       156         26          0          4          0       2303   system_nrf51.o

    ----------------------------------------------------------------------
     28638       2324        448        352       5352     601670   Object Totals
         0          0         32          0          0          0   (incl. Generated)
        56          0          6          6          5          0   (incl. Padding)

    ----------------------------------------------------------------------

      Code (inc. data)   RO Data    RW Data    ZI Data      Debug   Library Member Name

        58          0          0          0          0          0   __dczerorl.o
         0          0          0          0          0          0   entry.o
         0          0          0          0          0          0   entry10a.o
         0          0          0          0          0          0   entry11a.o
         8          4          0          0          0          0   entry2.o
         4          0          0          0          0          0   entry5.o
         0          0          0          0          0          0   entry7b.o
         0          0          0          0          0          0   entry8b.o
         8          4          0          0          0          0   entry9a.o
        30          0          0          0          0          0   handlers.o
        36          8          0          0          0         68   init.o
        26          0          0          0          0         72   memcmp.o
        64          0          0          0          0         68   memmovea.o
        36          0          0          0          0        100   memseta.o
        44          0          0          0          0         72   uidiv.o
        20          0          0          0          0         60   uread4.o

    ----------------------------------------------------------------------
       338         16          0          0          0        440   Library Totals
         4          0          0          0          0          0   (incl. Padding)

    ----------------------------------------------------------------------

      Code (inc. data)   RO Data    RW Data    ZI Data      Debug   Library Name

       334         16          0          0          0        440   mc_p.l

    ----------------------------------------------------------------------
       338         16          0          0          0        440   Library Totals

    ----------------------------------------------------------------------

==============================================================================


      Code (inc. data)   RO Data    RW Data    ZI Data      Debug   

     28976       2340        448        352       5352     587190   Grand Totals
     28976       2340        448         36       5352     587190   ELF Image Totals (compressed)
     28976       2340        448         36          0          0   ROM Totals

==============================================================================

    Total RO  Size (Code + RO Data)                29424 (  28.73kB)
    Total RW  Size (RW Data + ZI Data)              5704 (   5.57kB)
    Total ROM Size (Code + RO Data + RW Data)      29460 (  28.77kB)

==============================================================================

