Component: ARM Compiler 5.06 update 1 (build 61) Tool: armlink [4d35a8]

==============================================================================

Section Cross References

    main.o(i.assert_nrf_callback) refers to app_error.o(i.app_error_handler) for app_error_handler
    main.o(i.ble_evt_dispatch) refers to ble_conn_state.o(i.ble_conn_state_on_ble_evt) for ble_conn_state_on_ble_evt
    main.o(i.ble_evt_dispatch) refers to peer_manager.o(i.pm_ble_evt_handler) for pm_ble_evt_handler
    main.o(i.ble_evt_dispatch) refers to ble_conn_state.o(i.ble_conn_state_role) for ble_conn_state_role
    main.o(i.ble_evt_dispatch) refers to ble_advertising.o(i.ble_advertising_on_ble_evt) for ble_advertising_on_ble_evt
    main.o(i.ble_evt_dispatch) refers to ble_conn_params.o(i.ble_conn_params_on_ble_evt) for ble_conn_params_on_ble_evt
    main.o(i.ble_evt_dispatch) refers to ble_rscs.o(i.ble_rscs_on_ble_evt) for ble_rscs_on_ble_evt
    main.o(i.ble_evt_dispatch) refers to main.o(i.on_ble_central_evt) for on_ble_central_evt
    main.o(i.ble_evt_dispatch) refers to ble_rscs_c.o(i.ble_rscs_c_on_ble_evt) for ble_rscs_c_on_ble_evt
    main.o(i.ble_evt_dispatch) refers to ble_db_discovery.o(i.ble_db_discovery_on_ble_evt) for ble_db_discovery_on_ble_evt
    main.o(i.ble_evt_dispatch) refers to main.o(.bss) for .bss
    main.o(i.ble_evt_dispatch) refers to main.o(.data) for .data
    main.o(i.ble_stack_init) refers to softdevice_handler.o(i.softdevice_handler_init) for softdevice_handler_init
    main.o(i.ble_stack_init) refers to app_error.o(i.app_error_handler_bare) for app_error_handler_bare
    main.o(i.ble_stack_init) refers to softdevice_handler.o(i.softdevice_enable_get_default_config) for softdevice_enable_get_default_config
    main.o(i.ble_stack_init) refers to softdevice_handler.o(i.sd_check_ram_start) for sd_check_ram_start
    main.o(i.ble_stack_init) refers to softdevice_handler.o(i.softdevice_enable) for softdevice_enable
    main.o(i.ble_stack_init) refers to softdevice_handler.o(i.softdevice_ble_evt_handler_set) for softdevice_ble_evt_handler_set
    main.o(i.ble_stack_init) refers to softdevice_handler.o(i.softdevice_sys_evt_handler_set) for softdevice_sys_evt_handler_set
    main.o(i.ble_stack_init) refers to main.o(.bss) for .bss
    main.o(i.ble_stack_init) refers to main.o(i.ble_evt_dispatch) for ble_evt_dispatch
    main.o(i.ble_stack_init) refers to main.o(i.sys_evt_dispatch) for sys_evt_dispatch
    main.o(i.conn_params_error_handler) refers to app_error.o(i.app_error_handler_bare) for app_error_handler_bare
    main.o(i.connections_log_init) refers to main.o(.data) for .data
    main.o(i.indicate_dev) refers to ble_rscs_c.o(i.ble_rscs_c_rsc_notif_enable) for ble_rscs_c_rsc_notif_enable
    main.o(i.indicate_dev) refers to main.o(.data) for .data
    main.o(i.indicate_dev) refers to main.o(.bss) for .bss
    main.o(i.main) refers to app_timer.o(i.app_timer_init) for app_timer_init
    main.o(i.main) refers to app_error.o(i.app_error_handler_bare) for app_error_handler_bare
    main.o(i.main) refers to bsp.o(i.bsp_init) for bsp_init
    main.o(i.main) refers to bsp_btn_ble.o(i.bsp_btn_ble_init) for bsp_btn_ble_init
    main.o(i.main) refers to main.o(i.connections_log_init) for connections_log_init
    main.o(i.main) refers to main.o(i.indicate_led_init) for indicate_led_init
    main.o(i.main) refers to main.o(i.debug_pin_init) for debug_pin_init
    main.o(i.main) refers to main.o(i.ble_stack_init) for ble_stack_init
    main.o(i.main) refers to main.o(i.peer_manager_init) for peer_manager_init
    main.o(i.main) refers to ble_db_discovery.o(i.ble_db_discovery_init) for ble_db_discovery_init
    main.o(i.main) refers to ble_rscs_c.o(i.ble_rscs_c_init) for ble_rscs_c_init
    main.o(i.main) refers to memseta.o(.text) for __aeabi_memclr4
    main.o(i.main) refers to ble_conn_params.o(i.ble_conn_params_init) for ble_conn_params_init
    main.o(i.main) refers to main.o(i.services_init) for services_init
    main.o(i.main) refers to ble_advertising.o(i.ble_advertising_init) for ble_advertising_init
    main.o(i.main) refers to main.o(i.scan_start) for scan_start
    main.o(i.main) refers to ble_advertising.o(i.ble_advertising_start) for ble_advertising_start
    main.o(i.main) refers to main.o(i.debug_trigger) for debug_trigger
    main.o(i.main) refers to main.o(i.indicate_dev) for indicate_dev
    main.o(i.main) refers to main.o(.bss) for .bss
    main.o(i.main) refers to main.o(i.rscs_c_evt_handler) for rscs_c_evt_handler
    main.o(i.main) refers to main.o(i.conn_params_error_handler) for conn_params_error_handler
    main.o(i.main) refers to main.o(.data) for .data
    main.o(i.main) refers to main.o(i.on_adv_evt) for on_adv_evt
    main.o(i.on_adv_evt) refers to ble_advertising.o(i.ble_advertising_start) for ble_advertising_start
    main.o(i.on_adv_evt) refers to app_error.o(i.app_error_handler_bare) for app_error_handler_bare
[...]
    .constdata                               0x00022268   Section       60  bsp.o(.constdata)
    m_leds_timer_id                          0x00022268   Data           4  bsp.o(.constdata)
    m_alert_timer_id                         0x0002226c   Data           4  bsp.o(.constdata)
    m_button_timer_id                        0x00022270   Data           4  bsp.o(.constdata)
    m_buttons_list                           0x00022274   Data          16  bsp.o(.constdata)
    app_buttons                              0x00022284   Data          32  bsp.o(.constdata)
    .constdata                               0x000222a4   Section        4  ble_conn_params.o(.constdata)
    m_conn_params_timer_id                   0x000222a4   Data           4  ble_conn_params.o(.constdata)
    .constdata                               0x000222a8   Section        1  gatts_cache_manager.o(.constdata)
    service_changed_pending                  0x000222a8   Data           1  gatts_cache_manager.o(.constdata)
    .constdata                               0x000222ac   Section       16  gatts_cache_manager.o(.constdata)
    .constdata                               0x000222bc   Section        1  gatts_cache_manager.o(.constdata)
    service_changed_pending                  0x000222bc   Data           1  gatts_cache_manager.o(.constdata)
    .constdata                               0x000222c0   Section       84  security_dispatcher.o(.constdata)
    .constdata                               0x00022314   Section        8  app_button.o(.constdata)
    m_detection_delay_timer_id               0x00022314   Data           4  app_button.o(.constdata)
    .constdata                               0x0002231c   Section       20  fds.o(.constdata)
    m_fds_tl_invalid                         0x0002231c   Data           4  fds.o(.constdata)
    fds_page_tag_swap                        0x00022320   Data           8  fds.o(.constdata)
    fds_page_tag_valid                       0x00022328   Data           8  fds.o(.constdata)
    .data                                    0x20002f80   Section       26  main.o(.data)
    dev_connected                            0x20002f80   Data           3  main.o(.data)
    m_conn_handle_c                          0x20002f84   Data           6  main.o(.data)
    periph_addr_rsc                          0x20002f8a   Data           7  main.o(.data)
    m_adv_uuids                              0x20002f92   Data           8  main.o(.data)
    .data                                    0x20002f9c   Section       24  bsp.o(.data)
    m_stable_state                           0x20002f9c   Data           1  bsp.o(.data)
    current_long_push_pin_no                 0x20002f9d   Data           1  bsp.o(.data)
    m_app_ticks_per_100ms                    0x20002fa0   Data           4  bsp.o(.data)
    m_indication_type                        0x20002fa4   Data           4  bsp.o(.data)
    m_alert_mask                             0x20002fa8   Data           4  bsp.o(.data)
    m_registered_callback                    0x20002fac   Data           4  bsp.o(.data)
    release_event_at_push                    0x20002fb0   Data           4  bsp.o(.data)
    .data                                    0x20002fb4   Section        8  bsp_btn_ble.o(.data)
    m_error_handler                          0x20002fb4   Data           4  bsp_btn_ble.o(.data)
    m_num_connections                        0x20002fb8   Data           4  bsp_btn_ble.o(.data)
    .data                                    0x20002fbc   Section        4  system_nrf51.o(.data)
    __tagsym$$used                           0x20002fbc   Number         0  system_nrf51.o(.data)
    .data                                    0x20002fc0   Section       31  ble_advertising.o(.data)
    m_advertising_start_pending              0x20002fc0   Data           1  ble_advertising.o(.data)
    m_whitelist_temporarily_disabled         0x20002fc1   Data           1  ble_advertising.o(.data)
    m_whitelist_reply_expected               0x20002fc2   Data           1  ble_advertising.o(.data)
    m_peer_addr_reply_expected               0x20002fc3   Data           1  ble_advertising.o(.data)
    m_adv_evt                                0x20002fc4   Data           1  ble_advertising.o(.data)
    m_adv_mode_current                       0x20002fc5   Data           1  ble_advertising.o(.data)
    m_tx_power_level                         0x20002fc6   Data           1  ble_advertising.o(.data)
    current_slave_link_conn_handle           0x20002fc8   Data           2  ble_advertising.o(.data)
    m_evt_handler                            0x20002fcc   Data           4  ble_advertising.o(.data)
    m_error_handler                          0x20002fd0   Data           4  ble_advertising.o(.data)
    m_slave_conn_int                         0x20002fd4   Data           4  ble_advertising.o(.data)
    m_peer_address                           0x20002fd8   Data           7  ble_advertising.o(.data)
    .data                                    0x20002fe0   Section       20  ble_conn_params.o(.data)
    m_change_param                           0x20002fe0   Data           1  ble_conn_params.o(.data)
    m_update_count                           0x20002fe1   Data           1  ble_conn_params.o(.data)
    m_conn_handle                            0x20002fe2   Data           2  ble_conn_params.o(.data)
    m_preferred_conn_params                  0x20002fe4   Data           8  ble_conn_params.o(.data)
    m_current_conn_params                    0x20002fec   Data           8  ble_conn_params.o(.data)
    .data                                    0x20002ff4   Section       12  ble_db_discovery.o(.data)
    m_initialized                            0x20002ff4   Data           1  ble_db_discovery.o(.data)
    m_pending_usr_evt_index                  0x20002ff8   Data           4  ble_db_discovery.o(.data)
    m_num_of_handlers_reg                    0x20002ffc   Data           4  ble_db_discovery.o(.data)
    .data                                    0x20003000   Section        8  gatt_cache_manager.o(.data)
    m_gcm                                    0x20003000   Data           8  gatt_cache_manager.o(.data)
    .data                                    0x20003008   Section        4  gattc_cache_manager.o(.data)
    m_gccm                                   0x20003008   Data           4  gattc_cache_manager.o(.data)
    .data                                    0x2000300c   Section        8  gatts_cache_manager.o(.data)
    start_handle                             0x2000300c   Data           2  gatts_cache_manager.o(.data)
    m_gscm                                   0x20003010   Data           4  gatts_cache_manager.o(.data)
    .data                                    0x20003014   Section        1  peer_database.o(.data)
    mutex_memory                             0x20003014   Data           1  peer_database.o(.data)
    .data                                    0x20003018   Section       16  security_dispatcher.o(.data)
    m_smd                                    0x20003018   Data          16  security_dispatcher.o(.data)
    .data                                    0x20003028   Section       28  security_manager.o(.data)
    m_sm                                     0x20003028   Data          28  security_manager.o(.data)
    .data                                    0x20003044   Section       12  ble_rscs_c.o(.data)
    m_tx_insert_index                        0x20003044   Data           4  ble_rscs_c.o(.data)
    m_tx_index                               0x20003048   Data           4  ble_rscs_c.o(.data)
    mp_ble_rscs_c                            0x2000304c   Data           4  ble_rscs_c.o(.data)
    .data                                    0x20003050   Section       36  pstorage.o(.data)
    m_state                                  0x20003050   Data           1  pstorage.o(.data)
    m_swap_sub_state                         0x20003051   Data           1  pstorage.o(.data)
    m_next_app_instance                      0x20003052   Data           2  pstorage.o(.data)
    m_flags                                  0x20003054   Data           4  pstorage.o(.data)
    m_next_page_addr                         0x20003058   Data           4  pstorage.o(.data)
    m_head_word_size                         0x2000305c   Data           4  pstorage.o(.data)
    m_tail_word_size                         0x20003060   Data           4  pstorage.o(.data)
    m_current_page_id                        0x20003064   Data           4  pstorage.o(.data)
    m_num_of_command_retries                 0x20003068   Data           4  pstorage.o(.data)
    m_num_of_bytes_written                   0x2000306c   Data           4  pstorage.o(.data)
    m_app_data_size                          0x20003070   Data           4  pstorage.o(.data)
    .data                                    0x20003074   Section       20  app_button.o(.data)
    m_button_count                           0x20003074   Data           1  app_button.o(.data)
    mp_buttons                               0x20003078   Data           4  app_button.o(.data)
    m_detection_delay                        0x2000307c   Data           4  app_button.o(.data)
    m_pin_state                              0x20003080   Data           4  app_button.o(.data)
    m_pin_transition                         0x20003084   Data           4  app_button.o(.data)
    .data                                    0x20003088   Section       32  app_timer.o(.data)
    m_user_array_size                        0x20003088   Data           1  app_timer.o(.data)
    m_ticks_elapsed_q_read_ind               0x20003089   Data           1  app_timer.o(.data)
    m_ticks_elapsed_q_write_ind              0x2000308a   Data           1  app_timer.o(.data)
    m_rtc1_running                           0x2000308b   Data           1  app_timer.o(.data)
    m_rtc1_reset                             0x2000308c   Data           1  app_timer.o(.data)
    mp_users                                 0x20003090   Data           4  app_timer.o(.data)
    mp_timer_id_head                         0x20003094   Data           4  app_timer.o(.data)
    m_ticks_latest                           0x20003098   Data           4  app_timer.o(.data)
    m_evt_schedule_func                      0x2000309c   Data           4  app_timer.o(.data)
    m_ticks_elapsed                          0x200030a0   Data           8  app_timer.o(.data)
    .data                                    0x200030a8   Section       16  fds.o(.data)
    m_flags                                  0x200030a8   Data           1  fds.o(.data)
    m_users                                  0x200030a9   Data           1  fds.o(.data)
    m_last_rec_id                            0x200030ac   Data           4  fds.o(.data)
    m_swap_page                              0x200030b0   Data           8  fds.o(.data)
    .data                                    0x200030b8   Section        4  fstorage.o(.data)
    m_flags                                  0x200030b8   Data           1  fstorage.o(.data)
    m_retry_count                            0x200030ba   Data           2  fstorage.o(.data)
    .data                                    0x200030bc   Section       20  softdevice_handler.o(.data)
    m_softdevice_enabled                     0x200030bc   Data           1  softdevice_handler.o(.data)
    m_ble_evt_buffer_size                    0x200030be   Data           2  softdevice_handler.o(.data)
    m_evt_schedule_func                      0x200030c0   Data           4  softdevice_handler.o(.data)
    mp_ble_evt_buffer                        0x200030c4   Data           4  softdevice_handler.o(.data)
    m_ble_evt_handler                        0x200030c8   Data           4  softdevice_handler.o(.data)
    m_sys_evt_handler                        0x200030cc   Data           4  softdevice_handler.o(.data)
    fs_data                                  0x200030d0   Section       16  fds.o(fs_data)
    __tagsym$$used                           0x200030d0   Number         0  fds.o(fs_data)
    fs_config                                0x200030d0   Data          16  fds.o(fs_data)
    .bss                                     0x200030e0   Section      608  main.o(.bss)
    BLE_EVT_BUFFER                           0x200030e0   Data          72  main.o(.bss)
    APP_TIMER_BUF                            0x20003128   Data         312  main.o(.bss)
    m_ble_rsc_c                              0x20003260   Data          12  main.o(.bss)
    m_ble_db_discovery_rsc                   0x2000326c   Data         124  main.o(.bss)
    m_rscs                                   0x200032e8   Data          28  main.o(.bss)
    .bss                                     0x20003340   Section       32  bsp.o(.bss)
    m_leds_timer_id_data                     0x20003340   Data          32  bsp.o(.bss)
    .bss                                     0x20003360   Section       32  bsp.o(.bss)
    m_alert_timer_id_data                    0x20003360   Data          32  bsp.o(.bss)
    .bss                                     0x20003380   Section       12  bsp.o(.bss)
    m_events_list                            0x20003380   Data          12  bsp.o(.bss)
    .bss                                     0x2000338c   Section       32  bsp.o(.bss)
    m_button_timer_id_data                   0x2000338c   Data          32  bsp.o(.bss)
    .bss                                     0x200033ac   Section      259  ble_advertising.o(.bss)
    m_advdata                                0x200033ac   Data          56  ble_advertising.o(.bss)
    m_adv_modes_config                       0x200033e4   Data          36  ble_advertising.o(.bss)
    m_whitelist                              0x20003408   Data          16  ble_advertising.o(.bss)
    mp_whitelist_addr                        0x20003418   Data          32  ble_advertising.o(.bss)
    mp_whitelist_irk                         0x20003438   Data          32  ble_advertising.o(.bss)
    m_manuf_specific_data                    0x20003458   Data          12  ble_advertising.o(.bss)
    m_manuf_data_array                       0x20003464   Data          31  ble_advertising.o(.bss)
    m_service_data                           0x20003484   Data          12  ble_advertising.o(.bss)
    m_service_data_array                     0x20003490   Data          31  ble_advertising.o(.bss)
    .bss                                     0x200034b0   Section       32  ble_conn_params.o(.bss)
    m_conn_params_timer_id_data              0x200034b0   Data          32  ble_conn_params.o(.bss)
    .bss                                     0x200034d0   Section       28  ble_conn_params.o(.bss)
    m_conn_params_config                     0x200034d0   Data          28  ble_conn_params.o(.bss)
    .bss                                     0x200034ec   Section       40  ble_conn_state.o(.bss)
    m_bcs                                    0x200034ec   Data          40  ble_conn_state.o(.bss)
    .bss                                     0x20003514   Section      152  ble_db_discovery.o(.bss)
    m_registered_handlers                    0x20003514   Data          16  ble_db_discovery.o(.bss)
    m_pending_user_evts                      0x20003524   Data         136  ble_db_discovery.o(.bss)
    .bss                                     0x200035ac   Section      312  id_manager.o(.bss)
    m_im                                     0x200035ac   Data         312  id_manager.o(.bss)
    .bss                                     0x200036e4   Section       32  peer_data_storage.o(.bss)
    m_pds                                    0x200036e4   Data          32  peer_data_storage.o(.bss)
    .bss                                     0x20003704   Section      848  peer_database.o(.bss)
    m_pdb                                    0x20003704   Data         208  peer_database.o(.bss)
    buffer_memory                            0x200037d4   Data         640  peer_database.o(.bss)
    .bss                                     0x20003a54   Section       32  peer_id.o(.bss)
    m_pi                                     0x20003a54   Data          32  peer_id.o(.bss)
    .bss                                     0x20003a74   Section       20  peer_manager.o(.bss)
    m_pm                                     0x20003a74   Data          20  peer_manager.o(.bss)
    .bss                                     0x20003a88   Section      160  ble_rscs_c.o(.bss)
    m_tx_buffer                              0x20003a88   Data         160  ble_rscs_c.o(.bss)
    .bss                                     0x20003b28   Section      216  pstorage.o(.bss)
    m_cmd_queue                              0x20003b28   Data         204  pstorage.o(.bss)
    m_app_table                              0x20003bf4   Data          12  pstorage.o(.bss)
    .bss                                     0x20003c00   Section       72  nrf_drv_gpiote.o(.bss)
    m_cb                                     0x20003c00   Data          72  nrf_drv_gpiote.o(.bss)
    .bss                                     0x20003c48   Section       28  nrf_drv_uart.o(.bss)
    m_cb                                     0x20003c48   Data          28  nrf_drv_uart.o(.bss)
    .bss                                     0x20003c64   Section       32  app_button.o(.bss)
    m_detection_delay_timer_id_data          0x20003c64   Data          32  app_button.o(.bss)
    .bss                                     0x20003c84   Section      236  fds.o(.bss)
    tok                                      0x20003c84   Data          12  fds.o(.bss)
    m_cb_table                               0x20003c90   Data          12  fds.o(.bss)
    m_cmd_queue                              0x20003c9c   Data         100  fds.o(.bss)
    m_chunk_queue                            0x20003d00   Data          68  fds.o(.bss)
    m_pages                                  0x20003d44   Data          32  fds.o(.bss)
    m_gc                                     0x20003d64   Data          12  fds.o(.bss)
    .bss                                     0x20003d70   Section       84  fstorage.o(.bss)
    m_cmd_queue                              0x20003d70   Data          84  fstorage.o(.bss)
    STACK                                    0x20003dc8   Section     2048  arm_startup_nrf51.o(STACK)

    Global Symbols

    Symbol Name                              Value     Ov Type        Size  Object(Section)

    BuildAttributes$$THM_ISAv3M$S$PE$A:L22$X:L11$S22$IEEE1$IW$USESV6$~STKCKD$USESV7$~SHL$OSPACE$ROPI$EBA8$MICROLIB$REQ8$PRES8$EABIv2 0x00000000   Number         0  anon$$obj.o ABSOLUTE
    __ARM_use_no_argv                        0x00000000   Number         0  main.o ABSOLUTE
    __cpp_initialize__aeabi_                  - Undefined Weak Reference
    __cxa_finalize                            - Undefined Weak Reference
    _clock_init                               - Undefined Weak Reference
    _microlib_exit                            - Undefined Weak Reference
    __Vectors_Size                           0x000000c0   Number         0  arm_startup_nrf51.o ABSOLUTE
    __Vectors                                0x0001b000   Data           4  arm_startup_nrf51.o(RESET)
    __Vectors_End                            0x0001b0c0   Data           0  arm_startup_nrf51.o(RESET)
    __main                                   0x0001b0c1   Thumb Code     0  entry.o(.ARM.Collect$$$$00000000)
    _main_stk                                0x0001b0c1   Thumb Code     0  entry2.o(.ARM.Collect$$$$00000001)
    _main_scatterload                        0x0001b0c5   Thumb Code     0  entry5.o(.ARM.Collect$$$$00000004)
    __main_after_scatterload                 0x0001b0c9   Thumb Code     0  entry5.o(.ARM.Collect$$$$00000004)
    _main_clock                              0x0001b0c9   Thumb Code     0  entry7b.o(.ARM.Collect$$$$00000008)
    _main_cpp_init                           0x0001b0c9   Thumb Code     0  entry8b.o(.ARM.Collect$$$$0000000A)
    _main_init                               0x0001b0c9   Thumb Code     0  entry9a.o(.ARM.Collect$$$$0000000B)
    __rt_final_cpp                           0x0001b0d1   Thumb Code     0  entry10a.o(.ARM.Collect$$$$0000000D)
    __rt_final_exit                          0x0001b0d1   Thumb Code     0  entry11a.o(.ARM.Collect$$$$0000000F)
    __asm___11_app_timer_c_cd27f9c3__nrf_delay_us 0x0001b0d5   Thumb Code    30  app_timer.o(.emb_text)
    Reset_Handler                            0x0001b0f5   Thumb Code    26  arm_startup_nrf51.o(.text)
    NMI_Handler                              0x0001b10f   Thumb Code     2  arm_startup_nrf51.o(.text)
    HardFault_Handler                        0x0001b111   Thumb Code     2  arm_startup_nrf51.o(.text)
    SVC_Handler                              0x0001b113   Thumb Code     2  arm_startup_nrf51.o(.text)
    PendSV_Handler                           0x0001b115   Thumb Code     2  arm_startup_nrf51.o(.text)
    SysTick_Handler                          0x0001b117   Thumb Code     2  arm_startup_nrf51.o(.text)
    ADC_IRQHandler                           0x0001b119   Thumb Code     0  arm_startup_nrf51.o(.text)
    CCM_AAR_IRQHandler                       0x0001b119   Thumb Code     0  arm_startup_nrf51.o(.text)
    ECB_IRQHandler                           0x0001b119   Thumb Code     0  arm_startup_nrf51.o(.text)
    LPCOMP_IRQHandler                        0x0001b119   Thumb Code     0  arm_startup_nrf51.o(.text)
    POWER_CLOCK_IRQHandler                   0x0001b119   Thumb Code     0  arm_startup_nrf51.o(.text)
    QDEC_IRQHandler                          0x0001b119   Thumb Code     0  arm_startup_nrf51.o(.text)
    RADIO_IRQHandler                         0x0001b119   Thumb Code     0  arm_startup_nrf51.o(.text)
    RNG_IRQHandler                           0x0001b119   Thumb Code     0  arm_startup_nrf51.o(.text)
    RTC0_IRQHandler                          0x0001b119   Thumb Code     0  arm_startup_nrf51.o(.text)
    SPI0_TWI0_IRQHandler                     0x0001b119   Thumb Code     0  arm_startup_nrf51.o(.text)
    SPI1_TWI1_IRQHandler                     0x0001b119   Thumb Code     0  arm_startup_nrf51.o(.text)
    SWI1_IRQHandler                          0x0001b119   Thumb Code     0  arm_startup_nrf51.o(.text)
    SWI3_IRQHandler                          0x0001b119   Thumb Code     0  arm_startup_nrf51.o(.text)
    SWI4_IRQHandler                          0x0001b119   Thumb Code     0  arm_startup_nrf51.o(.text)
    SWI5_IRQHandler                          0x0001b119   Thumb Code     0  arm_startup_nrf51.o(.text)
    TEMP_IRQHandler                          0x0001b119   Thumb Code     0  arm_startup_nrf51.o(.text)
    TIMER0_IRQHandler                        0x0001b119   Thumb Code     0  arm_startup_nrf51.o(.text)
    TIMER1_IRQHandler                        0x0001b119   Thumb Code     0  arm_startup_nrf51.o(.text)
    TIMER2_IRQHandler                        0x0001b119   Thumb Code     0  arm_startup_nrf51.o(.text)
    WDT_IRQHandler                           0x0001b119   Thumb Code     0  arm_startup_nrf51.o(.text)
    __aeabi_uidiv                            0x0001b12d   Thumb Code     0  uidiv.o(.text)
    __aeabi_uidivmod                         0x0001b12d   Thumb Code    44  uidiv.o(.text)
    ___aeabi_memcpy8$move                    0x0001b159   Thumb Code     0  memmovea.o(.text)
    __aeabi_memcpy                           0x0001b159   Thumb Code    64  memmovea.o(.text)
    __aeabi_memcpy4                          0x0001b159   Thumb Code     0  memmovea.o(.text)
    __aeabi_memmove                          0x0001b159   Thumb Code     0  memmovea.o(.text)
    __aeabi_memmove4                         0x0001b159   Thumb Code     0  memmovea.o(.text)
    __aeabi_memmove8                         0x0001b159   Thumb Code     0  memmovea.o(.text)
    __aeabi_memset                           0x0001b199   Thumb Code    14  memseta.o(.text)
    __aeabi_memset4                          0x0001b199   Thumb Code     0  memseta.o(.text)
    __aeabi_memset8                          0x0001b199   Thumb Code     0  memseta.o(.text)
    __aeabi_memclr                           0x0001b1a7   Thumb Code     4  memseta.o(.text)
    __aeabi_memclr4                          0x0001b1a7   Thumb Code     0  memseta.o(.text)
    __aeabi_memclr8                          0x0001b1a7   Thumb Code     0  memseta.o(.text)
    _memset$wrapper                          0x0001b1ab   Thumb Code    18  memseta.o(.text)
    memcmp                                   0x0001b1bd   Thumb Code    26  memcmp.o(.text)
    __aeabi_uread4                           0x0001b1d7   Thumb Code    20  uread4.o(.text)
    __rt_uread4                              0x0001b1d7   Thumb Code     0  uread4.o(.text)
    _uread4                                  0x0001b1d7   Thumb Code     0  uread4.o(.text)
    __scatterload                            0x0001b1ed   Thumb Code    28  init.o(.text)
    __scatterload_rt2                        0x0001b1ed   Thumb Code     0  init.o(.text)
    __decompress                             0x0001b211   Thumb Code     0  __dczerorl.o(.text)
    __decompress0                            0x0001b211   Thumb Code    58  __dczerorl.o(.text)
    GPIOTE_IRQHandler                        0x0001b24d   Thumb Code   234  nrf_drv_gpiote.o(i.GPIOTE_IRQHandler)
    RTC1_IRQHandler                          0x0001b3b5   Thumb Code    28  app_timer.o(i.RTC1_IRQHandler)
    SWI0_IRQHandler                          0x0001b3d5   Thumb Code     8  app_timer.o(i.SWI0_IRQHandler)
    SWI2_IRQHandler                          0x0001b3dd   Thumb Code    28  softdevice_handler.o(i.SWI2_IRQHandler)
    SystemInit                               0x0001b3fd   Thumb Code    64  system_nrf51.o(i.SystemInit)
    UART0_IRQHandler                         0x0001b451   Thumb Code     8  nrf_drv_uart.o(i.UART0_IRQHandler)
    __ARM_common_switch8                     0x0001b459   Thumb Code    26  main.o(i.__ARM_common_switch8)
    __scatterload_copy                       0x0001b473   Thumb Code    14  handlers.o(i.__scatterload_copy)
    __scatterload_null                       0x0001b481   Thumb Code     2  handlers.o(i.__scatterload_null)
    __scatterload_zeroinit                   0x0001b483   Thumb Code    14  handlers.o(i.__scatterload_zeroinit)
    addr_compare                             0x0001b491   Thumb Code    40  id_manager.o(i.addr_compare)
    adv_data_encode                          0x0001b4b9   Thumb Code   534  ble_advdata.o(i.adv_data_encode)
    ah                                       0x0001b739   Thumb Code    78  id_manager.o(i.ah)
    app_button_enable                        0x0001b7a1   Thumb Code    32  app_button.o(i.app_button_enable)
    app_button_init                          0x0001b7c5   Thumb Code   100  app_button.o(i.app_button_init)
    app_error_fault_handler                  0x0001b839   Thumb Code    18  app_error.o(i.app_error_fault_handler)
    app_error_handler_bare                   0x0001b855   Thumb Code    18  app_error.o(i.app_error_handler_bare)
    app_timer_create                         0x0001b8d1   Thumb Code    40  app_timer.o(i.app_timer_create)
    app_timer_init                           0x0001b8fd   Thumb Code   126  app_timer.o(i.app_timer_init)
    app_timer_start                          0x0001b98d   Thumb Code   114  app_timer.o(i.app_timer_start)
    app_timer_stop                           0x0001ba09   Thumb Code    78  app_timer.o(i.app_timer_stop)
    ble_advdata_set                          0x0001bb05   Thumb Code   104  ble_advdata.o(i.ble_advdata_set)
    ble_advertising_init                     0x0001bb6d   Thumb Code   284  ble_advertising.o(i.ble_advertising_init)
    ble_advertising_on_ble_evt               0x0001bc91   Thumb Code   118  ble_advertising.o(i.ble_advertising_on_ble_evt)
    ble_advertising_on_sys_evt               0x0001bd0d   Thumb Code    42  ble_advertising.o(i.ble_advertising_on_sys_evt)
    ble_advertising_start                    0x0001bd4d   Thumb Code   470  ble_advertising.o(i.ble_advertising_start)
    ble_conn_params_init                     0x0001bf2d   Thumb Code    68  ble_conn_params.o(i.ble_conn_params_init)
    ble_conn_params_on_ble_evt               0x0001bf81   Thumb Code   132  ble_conn_params.o(i.ble_conn_params_on_ble_evt)
    ble_conn_state_conn_handles              0x0001c011   Thumb Code    14  ble_conn_state.o(i.ble_conn_state_conn_handles)
    ble_conn_state_encrypted                 0x0001c025   Thumb Code    16  ble_conn_state.o(i.ble_conn_state_encrypted)
    ble_conn_state_mitm_protected            0x0001c039   Thumb Code    16  ble_conn_state.o(i.ble_conn_state_mitm_protected)
    ble_conn_state_n_centrals                0x0001c04d   Thumb Code    16  ble_conn_state.o(i.ble_conn_state_n_centrals)
    ble_conn_state_on_ble_evt                0x0001c061   Thumb Code   238  ble_conn_state.o(i.ble_conn_state_on_ble_evt)
    ble_conn_state_role                      0x0001c159   Thumb Code    46  ble_conn_state.o(i.ble_conn_state_role)
    ble_conn_state_user_flag_acquire         0x0001c18d   Thumb Code    42  ble_conn_state.o(i.ble_conn_state_user_flag_acquire)
    ble_conn_state_user_flag_collection      0x0001c1bd   Thumb Code    20  ble_conn_state.o(i.ble_conn_state_user_flag_collection)
    ble_conn_state_user_flag_get             0x0001c1d5   Thumb Code    32  ble_conn_state.o(i.ble_conn_state_user_flag_get)
    ble_conn_state_user_flag_set             0x0001c1f9   Thumb Code    36  ble_conn_state.o(i.ble_conn_state_user_flag_set)
    ble_db_discovery_evt_register            0x0001c221   Thumb Code    66  ble_db_discovery.o(i.ble_db_discovery_evt_register)
    ble_db_discovery_init                    0x0001c26d   Thumb Code    16  ble_db_discovery.o(i.ble_db_discovery_init)
    ble_db_discovery_on_ble_evt              0x0001c281   Thumb Code   156  ble_db_discovery.o(i.ble_db_discovery_on_ble_evt)
    ble_db_discovery_start                   0x0001c321   Thumb Code    86  ble_db_discovery.o(i.ble_db_discovery_start)
    ble_rscs_c_init                          0x0001c491   Thumb Code    52  ble_rscs_c.o(i.ble_rscs_c_init)
    ble_rscs_c_on_ble_evt                    0x0001c4d1   Thumb Code    42  ble_rscs_c.o(i.ble_rscs_c_on_ble_evt)
    ble_rscs_c_rsc_notif_enable              0x0001c4fd   Thumb Code    68  ble_rscs_c.o(i.ble_rscs_c_rsc_notif_enable)
    ble_rscs_init                            0x0001c549   Thumb Code    74  ble_rscs.o(i.ble_rscs_init)
    ble_rscs_measurement_send                0x0001c599   Thumb Code    92  ble_rscs.o(i.ble_rscs_measurement_send)
    ble_rscs_on_ble_evt                      0x0001c5f9   Thumb Code    88  ble_rscs.o(i.ble_rscs_on_ble_evt)
    bsp_btn_ble_init                         0x0001c6c9   Thumb Code    80  bsp_btn_ble.o(i.bsp_btn_ble_init)
    bsp_button_is_pressed                    0x0001c7bd   Thumb Code    34  bsp.o(i.bsp_button_is_pressed)
    bsp_event_to_button_action_assign        0x0001c7e9   Thumb Code    66  bsp.o(i.bsp_event_to_button_action_assign)
    bsp_init                                 0x0001c831   Thumb Code   134  bsp.o(i.bsp_init)
    chunk_queue_next                         0x0001cba5   Thumb Code    20  fds.o(i.chunk_queue_next)
    connections_log_init                     0x0001cec9   Thumb Code    28  main.o(i.connections_log_init)
    debug_pin_init                           0x0001cfb9   Thumb Code    16  main.o(i.debug_pin_init)
    debug_trigger                            0x0001cfd1   Thumb Code    16  main.o(i.debug_trigger)
    fds_clear                                0x0001d309   Thumb Code    64  fds.o(i.fds_clear)
    fds_clear_by_instance                    0x0001d349   Thumb Code    64  fds.o(i.fds_clear_by_instance)
    fds_close                                0x0001d38d   Thumb Code    42  fds.o(i.fds_close)
    fds_descriptor_from_rec_id               0x0001d3bd   Thumb Code    20  fds.o(i.fds_descriptor_from_rec_id)
    fds_find                                 0x0001d489   Thumb Code    14  fds.o(i.fds_find)
    fds_find_by_type                         0x0001d497   Thumb Code    16  fds.o(i.fds_find_by_type)
    fds_gc                                   0x0001d4a9   Thumb Code    52  fds.o(i.fds_gc)
    fds_init                                 0x0001d4e1   Thumb Code   146  fds.o(i.fds_init)
    fds_open                                 0x0001d575   Thumb Code    82  fds.o(i.fds_open)
    fds_record_id_from_desc                  0x0001d5cd   Thumb Code    20  fds.o(i.fds_record_id_from_desc)
    fds_register                             0x0001d5e1   Thumb Code    28  fds.o(i.fds_register)
    fds_reserve                              0x0001d605   Thumb Code    50  fds.o(i.fds_reserve)
    fds_reserve_cancel                       0x0001d639   Thumb Code    68  fds.o(i.fds_reserve_cancel)
    fds_update                               0x0001d681   Thumb Code    16  fds.o(i.fds_update)
    fds_write                                0x0001d691   Thumb Code    14  fds.o(i.fds_write)
    fds_write_reserved                       0x0001d69f   Thumb Code    28  fds.o(i.fds_write_reserved)
    fs_erase                                 0x0001d915   Thumb Code    94  fstorage.o(i.fs_erase)
    fs_init                                  0x0001d979   Thumb Code   102  fstorage.o(i.fs_init)
    fs_store                                 0x0001d9f5   Thumb Code    94  fstorage.o(i.fs_store)
    fs_sys_event_handler                     0x0001da59   Thumb Code   114  fstorage.o(i.fs_sys_event_handler)
    gccm_init                                0x0001dc4d   Thumb Code    26  gattc_cache_manager.o(i.gccm_init)
    gcm_ble_evt_handler                      0x0001dc71   Thumb Code   218  gatt_cache_manager.o(i.gcm_ble_evt_handler)
    gcm_evt_handler                          0x0001dd55   Thumb Code   128  peer_manager.o(i.gcm_evt_handler)
    gcm_init                                 0x0001ddd5   Thumb Code   102  gatt_cache_manager.o(i.gcm_init)
    gcm_local_database_has_changed           0x0001de51   Thumb Code    66  gatt_cache_manager.o(i.gcm_local_database_has_changed)
    get_connection_by_conn_handle            0x0001de9d   Thumb Code    48  id_manager.o(i.get_connection_by_conn_handle)
    get_free_connection                      0x0001ded5   Thumb Code    44  id_manager.o(i.get_free_connection)
    gscm_init                                0x0001dfb9   Thumb Code    26  gatts_cache_manager.o(i.gscm_init)
    gscm_local_database_has_changed          0x0001dfdd   Thumb Code    50  gatts_cache_manager.o(i.gscm_local_database_has_changed)
    gscm_local_db_cache_apply                0x0001e01d   Thumb Code   122  gatts_cache_manager.o(i.gscm_local_db_cache_apply)
    gscm_local_db_cache_update               0x0001e0a1   Thumb Code   138  gatts_cache_manager.o(i.gscm_local_db_cache_update)
    gscm_peer_was_notified_of_db_change      0x0001e139   Thumb Code    36  gatts_cache_manager.o(i.gscm_peer_was_notified_of_db_change)
    gscm_service_changed_ind_needed          0x0001e165   Thumb Code    30  gatts_cache_manager.o(i.gscm_service_changed_ind_needed)
    gscm_service_changed_ind_send            0x0001e185   Thumb Code    38  gatts_cache_manager.o(i.gscm_service_changed_ind_send)
    im_address_resolve                       0x0001e1d5   Thumb Code    64  id_manager.o(i.im_address_resolve)
    im_ble_addr_get                          0x0001e215   Thumb Code    56  id_manager.o(i.im_ble_addr_get)
    im_ble_evt_handler                       0x0001e251   Thumb Code   172  id_manager.o(i.im_ble_evt_handler)
    im_conn_handle_get                       0x0001e305   Thumb Code    36  id_manager.o(i.im_conn_handle_get)
    im_evt_handler                           0x0001e35d   Thumb Code    70  peer_manager.o(i.im_evt_handler)
    im_master_id_is_valid                    0x0001e3a9   Thumb Code    28  id_manager.o(i.im_master_id_is_valid)
    im_new_peer_id                           0x0001e3c5   Thumb Code    24  id_manager.o(i.im_new_peer_id)
    im_peer_id_get_by_conn_handle            0x0001e3e1   Thumb Code    32  id_manager.o(i.im_peer_id_get_by_conn_handle)
    im_peer_id_get_by_master_id              0x0001e409   Thumb Code    68  id_manager.o(i.im_peer_id_get_by_master_id)
    im_register                              0x0001e451   Thumb Code   104  id_manager.o(i.im_register)
    indicate_dev                             0x0001e4c9   Thumb Code    20  main.o(i.indicate_dev)
    indicate_led_init                        0x0001e4e5   Thumb Code    18  main.o(i.indicate_led_init)
    intern_softdevice_events_execute         0x0001e5c9   Thumb Code   116  softdevice_handler.o(i.intern_softdevice_events_execute)
    is_duplicate_bonding_data                0x0001e69f   Thumb Code    56  id_manager.o(i.is_duplicate_bonding_data)
    is_valid_irk                             0x0001e721   Thumb Code    22  id_manager.o(i.is_valid_irk)
    main                                     0x0001ed49   Thumb Code   378  main.o(i.main)
    master_id_compare                        0x0001ef55   Thumb Code    44  id_manager.o(i.master_id_compare)
    new_connection                           0x0001f021   Thumb Code    78  id_manager.o(i.new_connection)
    nrf_drv_common_irq_enable                0x0001f07d   Thumb Code    78  nrf_drv_common.o(i.nrf_drv_common_irq_enable)
    nrf_drv_gpiote_in_event_enable           0x0001f0dd   Thumb Code   138  nrf_drv_gpiote.o(i.nrf_drv_gpiote_in_event_enable)
    nrf_drv_gpiote_in_init                   0x0001f17d   Thumb Code   146  nrf_drv_gpiote.o(i.nrf_drv_gpiote_in_init)
    nrf_drv_gpiote_in_is_set                 0x0001f221   Thumb Code    16  nrf_drv_gpiote.o(i.nrf_drv_gpiote_in_is_set)
    nrf_drv_gpiote_init                      0x0001f235   Thumb Code    76  nrf_drv_gpiote.o(i.nrf_drv_gpiote_init)
    nrf_drv_gpiote_is_init                   0x0001f289   Thumb Code    12  nrf_drv_gpiote.o(i.nrf_drv_gpiote_is_init)
    pdb_clear                                0x0001f8c9   Thumb Code    20  peer_database.o(i.pdb_clear)
    pdb_evt_handler                          0x0001f9b5   Thumb Code   128  peer_manager.o(i.pdb_evt_handler)
    pdb_next_peer_id_get                     0x0001fabd   Thumb Code    20  peer_database.o(i.pdb_next_peer_id_get)
    pdb_peer_allocate                        0x0001fad9   Thumb Code    20  peer_database.o(i.pdb_peer_allocate)
    pdb_peer_free                            0x0001faf5   Thumb Code    20  peer_database.o(i.pdb_peer_free)
    pdb_raw_store                            0x0001fb0d   Thumb Code    32  peer_database.o(i.pdb_raw_store)
    pdb_read_buf_get                         0x0001fb31   Thumb Code    20  peer_database.o(i.pdb_read_buf_get)
    pdb_register                             0x0001fb49   Thumb Code   116  peer_database.o(i.pdb_register)
    pdb_write_buf_get                        0x0001fbc9   Thumb Code   306  peer_database.o(i.pdb_write_buf_get)
    pdb_write_buf_release                    0x0001fd09   Thumb Code    54  peer_database.o(i.pdb_write_buf_release)
    pdb_write_buf_store                      0x0001fd45   Thumb Code   258  peer_database.o(i.pdb_write_buf_store)
    pdb_write_buf_store_prepare              0x0001fe4d   Thumb Code    98  peer_database.o(i.pdb_write_buf_store_prepare)
    pds_next_peer_id_get                     0x0001ffb9   Thumb Code    36  peer_data_storage.o(i.pds_next_peer_id_get)
    pds_peer_data_clear                      0x0001ffe5   Thumb Code   110  peer_data_storage.o(i.pds_peer_data_clear)
    pds_peer_data_read_ptr_get               0x00020059   Thumb Code   144  peer_data_storage.o(i.pds_peer_data_read_ptr_get)
    pds_peer_data_update                     0x000200ed   Thumb Code   164  peer_data_storage.o(i.pds_peer_data_update)
    pds_peer_data_write                      0x00020195   Thumb Code   158  peer_data_storage.o(i.pds_peer_data_write)
    pds_peer_data_write_prepare              0x00020239   Thumb Code    60  peer_data_storage.o(i.pds_peer_data_write_prepare)
    pds_peer_data_write_prepare_cancel       0x00020279   Thumb Code    38  peer_data_storage.o(i.pds_peer_data_write_prepare_cancel)
    pds_peer_data_write_prepared             0x000202a5   Thumb Code   170  peer_data_storage.o(i.pds_peer_data_write_prepared)
    pds_peer_id_allocate                     0x00020355   Thumb Code    36  peer_data_storage.o(i.pds_peer_id_allocate)
    pds_peer_id_free                         0x00020381   Thumb Code    74  peer_data_storage.o(i.pds_peer_id_free)
    pds_peer_id_is_allocated                 0x000203d1   Thumb Code    30  peer_data_storage.o(i.pds_peer_id_is_allocated)
    pds_register                             0x000203f5   Thumb Code    82  peer_data_storage.o(i.pds_register)
    peer_data_parts_get                      0x00020471   Thumb Code    92  peer_data.o(i.peer_data_parts_get)
    peer_id_allocate                         0x00020519   Thumb Code    54  peer_id.o(i.peer_id_allocate)
    peer_id_free                             0x00020559   Thumb Code    16  peer_id.o(i.peer_id_free)
    peer_id_init                             0x0002056d   Thumb Code    22  peer_id.o(i.peer_id_init)
    peer_id_is_allocated                     0x00020589   Thumb Code    20  peer_id.o(i.peer_id_is_allocated)
    peer_id_next_id_get                      0x000205a1   Thumb Code    46  peer_id.o(i.peer_id_next_id_get)
    pm_ble_evt_handler                       0x0002070d   Thumb Code    32  peer_manager.o(i.pm_ble_evt_handler)
    pm_buffer_block_acquire                  0x00020731   Thumb Code    94  pm_buffer.o(i.pm_buffer_block_acquire)
    pm_buffer_init                           0x0002078f   Thumb Code    66  pm_buffer.o(i.pm_buffer_init)
    pm_buffer_ptr_get                        0x000207d1   Thumb Code    46  pm_buffer.o(i.pm_buffer_ptr_get)
    pm_buffer_release                        0x000207ff   Thumb Code    42  pm_buffer.o(i.pm_buffer_release)
    pm_init                                  0x00020875   Thumb Code    80  peer_manager.o(i.pm_init)
    pm_link_secure                           0x000208d9   Thumb Code    20  peer_manager.o(i.pm_link_secure)
    pm_local_database_has_changed            0x000208f1   Thumb Code     8  peer_manager.o(i.pm_local_database_has_changed)
    pm_mutex_init                            0x000208f9   Thumb Code    16  pm_mutex.o(i.pm_mutex_init)
    pm_mutex_lock                            0x00020909   Thumb Code    28  pm_mutex.o(i.pm_mutex_lock)
    pm_mutex_lock_first_available            0x00020925   Thumb Code    52  pm_mutex.o(i.pm_mutex_lock_first_available)
    pm_mutex_lock_status_get                 0x00020959   Thumb Code    24  pm_mutex.o(i.pm_mutex_lock_status_get)
    pm_mutex_unlock                          0x00020971   Thumb Code    96  pm_mutex.o(i.pm_mutex_unlock)
    pm_peer_delete_all                       0x000209d1   Thumb Code    32  peer_manager.o(i.pm_peer_delete_all)
    pm_register                              0x000209f5   Thumb Code    38  peer_manager.o(i.pm_register)
    pm_sec_params_set                        0x00020a21   Thumb Code    26  peer_manager.o(i.pm_sec_params_set)
    pstorage_access_status_get               0x00020a41   Thumb Code    30  pstorage.o(i.pstorage_access_status_get)
    sd_check_ram_start                       0x00020ea9   Thumb Code    10  softdevice_handler.o(i.sd_check_ram_start)
    sdk_mapped_flags_bulk_update_by_key      0x00020eb9   Thumb Code    70  sdk_mapped_flags.o(i.sdk_mapped_flags_bulk_update_by_key)
    sdk_mapped_flags_first_key_index_get     0x00020f01   Thumb Code    34  sdk_mapped_flags.o(i.sdk_mapped_flags_first_key_index_get)
    sdk_mapped_flags_get_by_key              0x00020f39   Thumb Code    38  sdk_mapped_flags.o(i.sdk_mapped_flags_get_by_key)
    sdk_mapped_flags_key_list_get            0x00020f5f   Thumb Code    70  sdk_mapped_flags.o(i.sdk_mapped_flags_key_list_get)
    sdk_mapped_flags_n_flags_set             0x00020fa5   Thumb Code    32  sdk_mapped_flags.o(i.sdk_mapped_flags_n_flags_set)
    sdk_mapped_flags_update_by_key           0x00020fc5   Thumb Code    14  sdk_mapped_flags.o(i.sdk_mapped_flags_update_by_key)
    sm_ble_evt_handler                       0x000212d9   Thumb Code    22  security_manager.o(i.sm_ble_evt_handler)
    sm_evt_handler                           0x000212f5   Thumb Code   312  peer_manager.o(i.sm_evt_handler)
    sm_link_secure                           0x00021431   Thumb Code    26  security_manager.o(i.sm_link_secure)
    sm_register                              0x00021451   Thumb Code   132  security_manager.o(i.sm_register)
    sm_sec_params_set                        0x000214e1   Thumb Code    58  security_manager.o(i.sm_sec_params_set)
    smd_ble_evt_handler                      0x00021521   Thumb Code   216  security_dispatcher.o(i.smd_ble_evt_handler)
    smd_link_secure                          0x00021689   Thumb Code    64  security_dispatcher.o(i.smd_link_secure)
    smd_params_reply                         0x000216d1   Thumb Code   274  security_dispatcher.o(i.smd_params_reply)
    smd_register                             0x00021829   Thumb Code    90  security_dispatcher.o(i.smd_register)
    softdevice_ble_evt_handler_set           0x0002188d   Thumb Code    16  softdevice_handler.o(i.softdevice_ble_evt_handler_set)
    softdevice_enable                        0x000218a1   Thumb Code    14  softdevice_handler.o(i.softdevice_enable)
    softdevice_enable_get_default_config     0x000218b5   Thumb Code    40  softdevice_handler.o(i.softdevice_enable_get_default_config)
    softdevice_fault_handler                 0x000218dd   Thumb Code     8  softdevice_handler.o(i.softdevice_fault_handler)
    softdevice_handler_init                  0x000218e5   Thumb Code    40  softdevice_handler.o(i.softdevice_handler_init)
    softdevice_sys_evt_handler_set           0x00021915   Thumb Code    16  softdevice_handler.o(i.softdevice_sys_evt_handler_set)
    Region$$Table$$Base                      0x00022330   Number         0  anon$$obj.o(Region$$Table)
    Region$$Table$$Limit                     0x00022350   Number         0  anon$$obj.o(Region$$Table)
    Image$$RW_IRAM1$$Base                    0x20002f80   Number         0  anon$$obj.o ABSOLUTE
    SystemCoreClock                          0x20002fbc   Data           4  system_nrf51.o(.data)
    fs_data$$Base                            0x200030d0   Number         0  fds.o(fs_data)
    fs_data$$Limit                           0x200030e0   Number         0  fds.o(fs_data)
    latest_temp                              0x20003304   Data          60  main.o(.bss)
    __initial_sp                             0x200045c8   Data           0  arm_startup_nrf51.o(STACK)



==============================================================================

Memory Map of the image

  Image Entry point : 0x0001b0c1

  Load Region LR_IROM1 (Base: 0x0001b000, Size: 0x000074b0, Max: 0x00025000, ABSOLUTE, COMPRESSED[0x00007374])

    Execution Region ER_IROM1 (Base: 0x0001b000, Size: 0x00007350, Max: 0x00025000, ABSOLUTE)

    Base Addr    Size         Type   Attr      Idx    E Section Name        Object

    0x0001b000   0x000000c0   Data   RO          509    RESET               arm_startup_nrf51.o
    0x0001b0c0   0x00000000   Code   RO         4428  * .ARM.Collect$$$$00000000  mc_p.l(entry.o)
    0x0001b0c0   0x00000004   Code   RO         4481    .ARM.Collect$$$$00000001  mc_p.l(entry2.o)
    0x0001b0c4   0x00000004   Code   RO         4484    .ARM.Collect$$$$00000004  mc_p.l(entry5.o)
    0x0001b0c8   0x00000000   Code   RO         4486    .ARM.Collect$$$$00000008  mc_p.l(entry7b.o)
    0x0001b0c8   0x00000000   Code   RO         4488    .ARM.Collect$$$$0000000A  mc_p.l(entry8b.o)
    0x0001b0c8   0x00000008   Code   RO         4489    .ARM.Collect$$$$0000000B  mc_p.l(entry9a.o)
    0x0001b0d0   0x00000000   Code   RO         4491    .ARM.Collect$$$$0000000D  mc_p.l(entry10a.o)
    0x0001b0d0   0x00000000   Code   RO         4493    .ARM.Collect$$$$0000000F  mc_p.l(entry11a.o)
    0x0001b0d0   0x00000004   Code   RO         4482    .ARM.Collect$$$$00002712  mc_p.l(entry2.o)
    0x0001b0d4   0x0000001e   Code   RO         3652    .emb_text           app_timer.o
    0x0001b0f2   0x00000002   PAD
    0x0001b0f4   0x00000038   Code   RO          510    .text               arm_startup_nrf51.o
    0x0001b12c   0x0000002c   Code   RO         4431    .text               mc_p.l(uidiv.o)
    0x0001b158   0x00000040   Code   RO         4437    .text               mc_p.l(memmovea.o)
    0x0001b198   0x00000024   Code   RO         4439    .text               mc_p.l(memseta.o)
    0x0001b1bc   0x0000001a   Code   RO         4443    .text               mc_p.l(memcmp.o)
    0x0001b1d6   0x00000014   Code   RO         4479    .text               mc_p.l(uread4.o)
    0x0001b1ea   0x00000002   PAD
    0x0001b1ec   0x00000024   Code   RO         4508    .text               mc_p.l(init.o)
    0x0001b210   0x0000003a   Code   RO         4528    .text               mc_p.l(__dczerorl.o)
    0x0001b24a   0x00000002   PAD
    0x0001b24c   0x00000108   Code   RO         3038    i.GPIOTE_IRQHandler  nrf_drv_gpiote.o
    0x0001b354   0x00000044   Code   RO         3653    i.NVIC_SetPriority  app_timer.o
    0x0001b398   0x0000000c   Code   RO         1467    i.PM_PEER_DATA_ID_IS_VALID  peer_data_storage.o
    0x0001b3a4   0x0000000e   Code   RO         1618    i.PM_REMOTE_DB_N_WORDS  peer_database.o
    0x0001b3b2   0x00000002   PAD
    0x0001b3b4   0x00000020   Code   RO         3654    i.RTC1_IRQHandler   app_timer.o
    0x0001b3d4   0x00000008   Code   RO         3655    i.SWI0_IRQHandler   app_timer.o
    0x0001b3dc   0x00000020   Code   RO         4343    i.SWI2_IRQHandler   softdevice_handler.o
    0x0001b3fc   0x00000054   Code   RO          517    i.SystemInit        system_nrf51.o
    0x0001b450   0x00000008   Code   RO         3228    i.UART0_IRQHandler  nrf_drv_uart.o
    0x0001b458   0x0000001a   Code   RO          137    i.__ARM_common_switch8  main.o
    0x0001b472   0x0000000e   Code   RO         4522    i.__scatterload_copy  mc_p.l(handlers.o)
    0x0001b480   0x00000002   Code   RO         4523    i.__scatterload_null  mc_p.l(handlers.o)
    0x0001b482   0x0000000e   Code   RO         4524    i.__scatterload_zeroinit  mc_p.l(handlers.o)
    0x0001b490   0x00000028   Code   RO         1291    i.addr_compare      id_manager.o
    0x0001b4b8   0x00000216   Code   RO          553    i.adv_data_encode   ble_advdata.o
    0x0001b6ce   0x0000002e   Code   RO            3    i.adv_report_parse  main.o
    0x0001b6fc   0x0000003c   Code   RO          470    i.advertising_buttons_configure  bsp_btn_ble.o
    0x0001b738   0x0000004e   Code   RO         1292    i.ah                id_manager.o
    0x0001b786   0x00000002   PAD
    0x0001b788   0x00000018   Code   RO          363    i.alert_timer_handler  bsp.o
    0x0001b7a0   0x00000024   Code   RO         3535    i.app_button_enable  app_button.o
    0x0001b7c4   0x00000074   Code   RO         3536    i.app_button_init   app_button.o
    0x0001b838   0x0000001c   Code   RO         3604    i.app_error_fault_handler  app_error.o
    0x0001b854   0x00000018   Code   RO         3606    i.app_error_handler_bare  app_error.o
    0x0001b86c   0x00000024   Code   RO         3798    i.app_notify        fds.o
    0x0001b890   0x0000003e   Code   RO         4072    i.app_notify        fstorage.o
    0x0001b8ce   0x00000002   PAD
    0x0001b8d0   0x0000002c   Code   RO         3658    i.app_timer_create  app_timer.o
    0x0001b8fc   0x00000090   Code   RO         3659    i.app_timer_init    app_timer.o
    0x0001b98c   0x0000007c   Code   RO         3660    i.app_timer_start   app_timer.o
    0x0001ba08   0x00000054   Code   RO         3661    i.app_timer_stop    app_timer.o
    0x0001ba5c   0x000000a8   Code   RO         2107    i.auth_status_success_process  security_dispatcher.o
    0x0001bb04   0x00000068   Code   RO          554    i.ble_advdata_set   ble_advdata.o
    0x0001bb6c   0x00000124   Code   RO          637    i.ble_advertising_init  ble_advertising.o
    0x0001bc90   0x0000007c   Code   RO          638    i.ble_advertising_on_ble_evt  ble_advertising.o
    0x0001bd0c   0x00000030   Code   RO          639    i.ble_advertising_on_sys_evt  ble_advertising.o
    0x0001bd3c   0x00000010   Code   RO          641    i.ble_advertising_peer_address_clear  ble_advertising.o
    0x0001bd4c   0x000001e0   Code   RO          643    i.ble_advertising_start  ble_advertising.o
    0x0001bf2c   0x00000054   Code   RO          728    i.ble_conn_params_init  ble_conn_params.o
    0x0001bf80   0x00000090   Code   RO          729    i.ble_conn_params_on_ble_evt  ble_conn_params.o
    0x0001c010   0x00000014   Code   RO          800    i.ble_conn_state_conn_handles  ble_conn_state.o
    0x0001c024   0x00000014   Code   RO          801    i.ble_conn_state_encrypted  ble_conn_state.o
    0x0001c038   0x00000014   Code   RO          803    i.ble_conn_state_mitm_protected  ble_conn_state.o
    0x0001c04c   0x00000014   Code   RO          804    i.ble_conn_state_n_centrals  ble_conn_state.o
    0x0001c060   0x000000f8   Code   RO          807    i.ble_conn_state_on_ble_evt  ble_conn_state.o
    0x0001c158   0x00000034   Code   RO          809    i.ble_conn_state_role  ble_conn_state.o
    0x0001c18c   0x00000030   Code   RO          811    i.ble_conn_state_user_flag_acquire  ble_conn_state.o
    0x0001c1bc   0x00000018   Code   RO          812    i.ble_conn_state_user_flag_collection  ble_conn_state.o
    0x0001c1d4   0x00000024   Code   RO          813    i.ble_conn_state_user_flag_get  ble_conn_state.o
    0x0001c1f8   0x00000028   Code   RO          814    i.ble_conn_state_user_flag_set  ble_conn_state.o
    0x0001c220   0x0000004c   Code   RO          931    i.ble_db_discovery_evt_register  ble_db_discovery.o
    0x0001c26c   0x00000014   Code   RO          932    i.ble_db_discovery_init  ble_db_discovery.o
    0x0001c280   0x000000a0   Code   RO          933    i.ble_db_discovery_on_ble_evt  ble_db_discovery.o
    0x0001c320   0x00000060   Code   RO          934    i.ble_db_discovery_start  ble_db_discovery.o
    0x0001c380   0x0000005e   Code   RO          555    i.ble_device_addr_encode  ble_advdata.o
    0x0001c3de   0x00000002   PAD
    0x0001c3e0   0x000000b0   Code   RO            5    i.ble_evt_dispatch  main.o
    0x0001c490   0x00000040   Code   RO         2509    i.ble_rscs_c_init   ble_rscs_c.o
    0x0001c4d0   0x0000002a   Code   RO         2510    i.ble_rscs_c_on_ble_evt  ble_rscs_c.o
    0x0001c4fa   0x00000002   PAD
    0x0001c4fc   0x0000004c   Code   RO         2511    i.ble_rscs_c_rsc_notif_enable  ble_rscs_c.o
    0x0001c548   0x00000050   Code   RO         2455    i.ble_rscs_init     ble_rscs.o
    0x0001c598   0x00000060   Code   RO         2456    i.ble_rscs_measurement_send  ble_rscs.o
    0x0001c5f8   0x00000058   Code   RO         2457    i.ble_rscs_on_ble_evt  ble_rscs.o
    0x0001c650   0x00000078   Code   RO            6    i.ble_stack_init    main.o
    0x0001c6c8   0x00000054   Code   RO          471    i.bsp_btn_ble_init  bsp_btn_ble.o
    0x0001c71c   0x000000a0   Code   RO          364    i.bsp_button_event_handler  bsp.o
    0x0001c7bc   0x0000002c   Code   RO          365    i.bsp_button_is_pressed  bsp.o
    0x0001c7e8   0x00000048   Code   RO          369    i.bsp_event_to_button_action_assign  bsp.o
    0x0001c830   0x000000a0   Code   RO          372    i.bsp_init          bsp.o
    0x0001c8d0   0x000001f8   Code   RO          373    i.bsp_led_indication  bsp.o
    0x0001cac8   0x0000000c   Code   RO          375    i.button_timer_handler  bsp.o
    0x0001cad4   0x0000001c   Code   RO         3039    i.channel_free      nrf_drv_gpiote.o
    0x0001caf0   0x00000048   Code   RO         3040    i.channel_port_alloc  nrf_drv_gpiote.o
    0x0001cb38   0x00000010   Code   RO         3041    i.channel_port_get  nrf_drv_gpiote.o
    0x0001cb48   0x0000003c   Code   RO          935    i.characteristics_discover  ble_db_discovery.o
    0x0001cb84   0x00000020   Code   RO         4073    i.check_config      fstorage.o
    0x0001cba4   0x00000018   Code   RO         3799    i.chunk_queue_next  fds.o
    0x0001cbbc   0x00000054   Code   RO         4074    i.cmd_enqueue       fstorage.o
    0x0001cc10   0x000000f8   Code   RO         3800    i.cmd_queue_process  fds.o
    0x0001cd08   0x00000020   Code   RO         3801    i.cmd_queue_process_start  fds.o
    0x0001cd28   0x000000a8   Code   RO         3663    i.compare_reg_update  app_timer.o
    0x0001cdd0   0x00000088   Code   RO          556    i.conn_int_encode   ble_advdata.o
    0x0001ce58   0x00000008   Code   RO            7    i.conn_params_error_handler  main.o
    0x0001ce60   0x00000068   Code   RO          731    i.conn_params_negotiation  ble_conn_params.o
    0x0001cec8   0x00000024   Code   RO            8    i.connections_log_init  main.o
    0x0001ceec   0x0000000a   Code   RO         1468    i.convert_peer_data_id_to_type_id  peer_data_storage.o
    0x0001cef6   0x0000000a   Code   RO         1469    i.convert_peer_id_to_instance_id  peer_data_storage.o
    0x0001cf00   0x0000000a   Code   RO         1470    i.convert_type_id_to_peer_data_id  peer_data_storage.o
    0x0001cf0a   0x00000002   PAD
    0x0001cf0c   0x00000044   Code   RO         2044    i.current_int_priority_get  pm_mutex.o
    0x0001cf50   0x00000068   Code   RO         2512    i.db_discover_evt_handler  ble_rscs_c.o
    0x0001cfb8   0x00000018   Code   RO            9    i.debug_pin_init    main.o
    0x0001cfd0   0x00000014   Code   RO           10    i.debug_trigger     main.o
    0x0001cfe4   0x00000084   Code   RO          936    i.descriptors_discover  ble_db_discovery.o
    0x0001d068   0x00000060   Code   RO         3538    i.detection_delay_timeout_handler  app_button.o
    0x0001d0c8   0x0000005c   Code   RO         2108    i.disconnect_process  security_dispatcher.o
    0x0001d124   0x0000006c   Code   RO          937    i.discovery_complete_evt_trigger  ble_db_discovery.o
    0x0001d190   0x00000050   Code   RO          938    i.discovery_error_evt_trigger  ble_db_discovery.o
    0x0001d1e0   0x00000040   Code   RO         3664    i.elapsed_ticks_acquire  app_timer.o
    0x0001d220   0x00000030   Code   RO         2109    i.encryption_failure  security_dispatcher.o
    0x0001d250   0x00000032   Code   RO         2216    i.events_send_from_err_code  security_manager.o
    0x0001d282   0x00000002   PAD
    0x0001d284   0x00000020   Code   RO         1293    i.evt_send          id_manager.o
    0x0001d2a4   0x00000024   Code   RO         1825    i.evt_send          peer_manager.o
    0x0001d2c8   0x00000020   Code   RO         2110    i.evt_send          security_dispatcher.o
    0x0001d2e8   0x00000020   Code   RO         2217    i.evt_send          security_manager.o
    0x0001d308   0x00000040   Code   RO         3802    i.fds_clear         fds.o
    0x0001d348   0x00000044   Code   RO         3803    i.fds_clear_by_instance  fds.o
    0x0001d38c   0x00000030   Code   RO         3804    i.fds_close         fds.o
    0x0001d3bc   0x00000014   Code   RO         3805    i.fds_descriptor_from_rec_id  fds.o
    0x0001d3d0   0x00000002   Code   RO           11    i.fds_evt_handler   main.o
    0x0001d3d2   0x00000002   PAD
    0x0001d3d4   0x000000b4   Code   RO         1471    i.fds_evt_handler   peer_data_storage.o
    0x0001d488   0x0000000e   Code   RO         3806    i.fds_find          fds.o
    0x0001d496   0x00000010   Code   RO         3808    i.fds_find_by_type  fds.o
    0x0001d4a6   0x00000002   PAD
    0x0001d4a8   0x00000038   Code   RO         3809    i.fds_gc            fds.o
    0x0001d4e0   0x00000092   Code   RO         3810    i.fds_init          fds.o
    0x0001d572   0x00000002   PAD
    0x0001d574   0x00000058   Code   RO         3811    i.fds_open          fds.o
    0x0001d5cc   0x00000014   Code   RO         3812    i.fds_record_id_from_desc  fds.o
    0x0001d5e0   0x00000024   Code   RO         3813    i.fds_register      fds.o
    0x0001d604   0x00000032   Code   RO         3814    i.fds_reserve       fds.o
    0x0001d636   0x00000002   PAD
    0x0001d638   0x00000048   Code   RO         3815    i.fds_reserve_cancel  fds.o
    0x0001d680   0x00000010   Code   RO         3816    i.fds_update        fds.o
    0x0001d690   0x0000000e   Code   RO         3817    i.fds_write         fds.o
    0x0001d69e   0x0000001c   Code   RO         3818    i.fds_write_reserved  fds.o
    0x0001d6ba   0x00000002   PAD
    0x0001d6bc   0x00000054   Code   RO         3819    i.find_next_valid   fds.o
    0x0001d710   0x00000070   Code   RO         3820    i.find_record       fds.o
    0x0001d780   0x000000d0   Code   RO         3821    i.find_record_by_key  fds.o
    0x0001d850   0x00000010   Code   RO         3822    i.flag_clear        fds.o
    0x0001d860   0x00000012   Code   RO         2111    i.flag_id_init      security_dispatcher.o
    0x0001d872   0x00000012   Code   RO         2218    i.flag_id_init      security_manager.o
    0x0001d884   0x00000014   Code   RO         3823    i.flag_is_set       fds.o
    0x0001d898   0x00000010   Code   RO         3824    i.flag_set          fds.o
    0x0001d8a8   0x00000060   Code   RO         2219    i.flags_set_from_err_code  security_manager.o
    0x0001d908   0x0000000c   Code   RO         3825    i.fs_callback       fds.o
    0x0001d914   0x00000064   Code   RO         4075    i.fs_erase          fstorage.o
    0x0001d978   0x0000007c   Code   RO         4076    i.fs_init           fstorage.o
    0x0001d9f4   0x00000064   Code   RO         4077    i.fs_store          fstorage.o
    0x0001da58   0x0000007c   Code   RO         4078    i.fs_sys_event_handler  fstorage.o
    0x0001dad4   0x00000048   Code   RO         3826    i.gc_copy_record    fds.o
    0x0001db1c   0x00000028   Code   RO         3827    i.gc_erase_swap     fds.o
    0x0001db44   0x000000c0   Code   RO         3828    i.gc_execute        fds.o
    0x0001dc04   0x00000044   Code   RO         3829    i.gc_swap           fds.o
    0x0001dc48   0x00000002   Code   RO         1036    i.gccm_evt_handler  gatt_cache_manager.o
    0x0001dc4a   0x00000002   PAD
    0x0001dc4c   0x00000024   Code   RO         1162    i.gccm_init         gattc_cache_manager.o
    0x0001dc70   0x000000e4   Code   RO         1037    i.gcm_ble_evt_handler  gatt_cache_manager.o
    0x0001dd54   0x00000080   Code   RO         1826    i.gcm_evt_handler   peer_manager.o
    0x0001ddd4   0x0000007c   Code   RO         1038    i.gcm_init          gatt_cache_manager.o
    0x0001de50   0x0000004c   Code   RO         1039    i.gcm_local_database_has_changed  gatt_cache_manager.o
    0x0001de9c   0x00000038   Code   RO         1294    i.get_connection_by_conn_handle  id_manager.o
    0x0001ded4   0x00000030   Code   RO         1295    i.get_free_connection  id_manager.o
    0x0001df04   0x00000050   Code   RO         3539    i.gpiote_event_handler  app_button.o
    0x0001df54   0x00000064   Code   RO         1045    i.gscm_evt_handler  gatt_cache_manager.o
    0x0001dfb8   0x00000024   Code   RO         1201    i.gscm_init         gatts_cache_manager.o
    0x0001dfdc   0x00000040   Code   RO         1202    i.gscm_local_database_has_changed  gatts_cache_manager.o
    0x0001e01c   0x00000084   Code   RO         1203    i.gscm_local_db_cache_apply  gatts_cache_manager.o
    0x0001e0a0   0x00000098   Code   RO         1206    i.gscm_local_db_cache_update  gatts_cache_manager.o
    0x0001e138   0x0000002c   Code   RO         1207    i.gscm_peer_was_notified_of_db_change  gatts_cache_manager.o
    0x0001e164   0x0000001e   Code   RO         1208    i.gscm_service_changed_ind_needed  gatts_cache_manager.o
    0x0001e182   0x00000002   PAD
    0x0001e184   0x00000034   Code   RO         1209    i.gscm_service_changed_ind_send  gatts_cache_manager.o
    0x0001e1b8   0x0000001c   Code   RO         3830    i.header_is_valid   fds.o
    0x0001e1d4   0x00000040   Code   RO         1296    i.im_address_resolve  id_manager.o
    0x0001e214   0x0000003c   Code   RO         1297    i.im_ble_addr_get   id_manager.o
    0x0001e250   0x000000b4   Code   RO         1298    i.im_ble_evt_handler  id_manager.o
    0x0001e304   0x0000002c   Code   RO         1299    i.im_conn_handle_get  id_manager.o
    0x0001e330   0x0000002c   Code   RO         1046    i.im_evt_handler    gatt_cache_manager.o
    0x0001e35c   0x0000004c   Code   RO         1827    i.im_evt_handler    peer_manager.o
    0x0001e3a8   0x0000001c   Code   RO         1300    i.im_master_id_is_valid  id_manager.o
    0x0001e3c4   0x0000001c   Code   RO         1301    i.im_new_peer_id    id_manager.o
    0x0001e3e0   0x00000028   Code   RO         1302    i.im_peer_id_get_by_conn_handle  id_manager.o
    0x0001e408   0x00000048   Code   RO         1304    i.im_peer_id_get_by_master_id  id_manager.o
    0x0001e450   0x00000078   Code   RO         1305    i.im_register       id_manager.o
    0x0001e4c8   0x0000001c   Code   RO           12    i.indicate_dev      main.o
    0x0001e4e4   0x00000020   Code   RO           13    i.indicate_led_init  main.o
    0x0001e504   0x000000c4   Code   RO         3831    i.init_execute      fds.o
    0x0001e5c8   0x00000078   Code   RO         4344    i.intern_softdevice_events_execute  softdevice_handler.o
    0x0001e640   0x0000001c   Code   RO          732    i.is_conn_params_ok  ble_conn_params.o
    0x0001e65c   0x00000042   Code   RO          939    i.is_desc_discovery_reqd  ble_db_discovery.o
    0x0001e69e   0x00000038   Code   RO         1308    i.is_duplicate_bonding_data  id_manager.o
    0x0001e6d6   0x00000002   PAD
    0x0001e6d8   0x00000048   Code   RO          518    i.is_manual_peripheral_setup_needed  system_nrf51.o
    0x0001e720   0x00000016   Code   RO         1309    i.is_valid_irk      id_manager.o
    0x0001e736   0x00000054   Code   RO          557    i.le_role_encode    ble_advdata.o
    0x0001e78a   0x00000002   PAD
    0x0001e78c   0x00000018   Code   RO          376    i.leds_timer_handler  bsp.o
    0x0001e7a4   0x000000a0   Code   RO         2220    i.link_secure       security_manager.o
    0x0001e844   0x00000088   Code   RO         2112    i.link_secure_central  security_dispatcher.o
    0x0001e8cc   0x000000ce   Code   RO         2113    i.link_secure_central_existing_peer  security_dispatcher.o
    0x0001e99a   0x00000002   PAD
    0x0001e99c   0x00000074   Code   RO         2114    i.link_secure_central_new_peer  security_dispatcher.o
    0x0001ea10   0x0000005c   Code   RO         2221    i.link_secure_pending_process  security_manager.o
    0x0001ea6c   0x000000bc   Code   RO         3665    i.list_deletions_handler  app_timer.o
    0x0001eb28   0x000000d4   Code   RO         3666    i.list_insertions_handler  app_timer.o
    0x0001ebfc   0x00000078   Code   RO         1047    i.local_db_apply_in_evt  gatt_cache_manager.o
    0x0001ec74   0x00000078   Code   RO         1048    i.local_db_update_in_evt  gatt_cache_manager.o
    0x0001ecec   0x0000005a   Code   RO         2045    i.lock_by_mask      pm_mutex.o
    0x0001ed46   0x00000002   PAD
    0x0001ed48   0x000001a4   Code   RO           16    i.main              main.o
    0x0001eeec   0x00000068   Code   RO          558    i.manuf_specific_data_encode  ble_advdata.o
    0x0001ef54   0x0000002c   Code   RO         1310    i.master_id_compare  id_manager.o
    0x0001ef80   0x0000009e   Code   RO          559    i.name_encode       ble_advdata.o
    0x0001f01e   0x00000002   PAD
    0x0001f020   0x0000005c   Code   RO         1311    i.new_connection    id_manager.o
    0x0001f07c   0x00000060   Code   RO         2981    i.nrf_drv_common_irq_enable  nrf_drv_common.o
    0x0001f0dc   0x000000a0   Code   RO         3044    i.nrf_drv_gpiote_in_event_enable  nrf_drv_gpiote.o
    0x0001f17c   0x000000a4   Code   RO         3045    i.nrf_drv_gpiote_in_init  nrf_drv_gpiote.o
    0x0001f220   0x00000014   Code   RO         3046    i.nrf_drv_gpiote_in_is_set  nrf_drv_gpiote.o
    0x0001f234   0x00000054   Code   RO         3048    i.nrf_drv_gpiote_init  nrf_drv_gpiote.o
    0x0001f288   0x00000010   Code   RO         3049    i.nrf_drv_gpiote_is_init  nrf_drv_gpiote.o
    0x0001f298   0x00000024   Code   RO         3061    i.nrf_gpio_cfg      nrf_drv_gpiote.o
    0x0001f2bc   0x00000020   Code   RO         3063    i.nrf_gpio_cfg_sense_set  nrf_drv_gpiote.o
    0x0001f2dc   0x00000014   Code   RO         3064    i.nrf_gpiote_event_is_set  nrf_drv_gpiote.o
    0x0001f2f0   0x0000000a   Code   RO         3244    i.nrf_uart_event_check  nrf_drv_uart.o
    0x0001f2fa   0x00000010   Code   RO         3245    i.nrf_uart_int_enable_check  nrf_drv_uart.o
    0x0001f30a   0x00000002   PAD
    0x0001f30c   0x0000002c   Code   RO           17    i.on_adv_evt        main.o
    0x0001f338   0x00000178   Code   RO           18    i.on_ble_central_evt  main.o
    0x0001f4b0   0x000000bc   Code   RO          940    i.on_characteristic_discovery_rsp  ble_db_discovery.o
    0x0001f56c   0x0000009c   Code   RO          941    i.on_descriptor_discovery_rsp  ble_db_discovery.o
    0x0001f608   0x0000007a   Code   RO         2513    i.on_hvx            ble_rscs_c.o
    0x0001f682   0x00000002   PAD
    0x0001f684   0x0000005c   Code   RO          942    i.on_srv_disc_completion  ble_db_discovery.o
    0x0001f6e0   0x0000000c   Code   RO         3832    i.page_id_within_bounds  fds.o
    0x0001f6ec   0x0000005c   Code   RO         3833    i.page_scan         fds.o
    0x0001f748   0x00000020   Code   RO         3834    i.page_tag_write_swap  fds.o
    0x0001f768   0x00000018   Code   RO         3835    i.page_tag_write_valid  fds.o
    0x0001f780   0x000000bc   Code   RO         3836    i.pages_init        fds.o
    0x0001f83c   0x00000050   Code   RO         2115    i.pairing_failure   security_dispatcher.o
    0x0001f88c   0x0000003c   Code   RO         2222    i.params_reply_pending_process  security_manager.o
    0x0001f8c8   0x00000018   Code   RO         1619    i.pdb_clear         peer_database.o
    0x0001f8e0   0x0000001c   Code   RO         1165    i.pdb_evt_handler   gattc_cache_manager.o
    0x0001f8fc   0x00000040   Code   RO         1210    i.pdb_evt_handler   gatts_cache_manager.o
    0x0001f93c   0x00000078   Code   RO         1312    i.pdb_evt_handler   id_manager.o
    0x0001f9b4   0x00000080   Code   RO         1828    i.pdb_evt_handler   peer_manager.o
    0x0001fa34   0x00000034   Code   RO         2116    i.pdb_evt_handler   security_dispatcher.o
    0x0001fa68   0x00000034   Code   RO         2223    i.pdb_evt_handler   security_manager.o
    0x0001fa9c   0x00000020   Code   RO         1620    i.pdb_evt_send      peer_database.o
    0x0001fabc   0x0000001c   Code   RO         1622    i.pdb_next_peer_id_get  peer_database.o
    0x0001fad8   0x0000001c   Code   RO         1623    i.pdb_peer_allocate  peer_database.o
    0x0001faf4   0x00000018   Code   RO         1624    i.pdb_peer_free     peer_database.o
    0x0001fb0c   0x00000024   Code   RO         1626    i.pdb_raw_store     peer_database.o
    0x0001fb30   0x00000018   Code   RO         1627    i.pdb_read_buf_get  peer_database.o
    0x0001fb48   0x00000080   Code   RO         1628    i.pdb_register      peer_database.o
    0x0001fbc8   0x00000140   Code   RO         1629    i.pdb_write_buf_get  peer_database.o
    0x0001fd08   0x0000003c   Code   RO         1630    i.pdb_write_buf_release  peer_database.o
    0x0001fd44   0x00000108   Code   RO         1631    i.pdb_write_buf_store  peer_database.o
    0x0001fe4c   0x00000068   Code   RO         1632    i.pdb_write_buf_store_prepare  peer_database.o
    0x0001feb4   0x00000104   Code   RO         1633    i.pds_evt_handler   peer_database.o
    0x0001ffb8   0x0000002c   Code   RO         1473    i.pds_next_peer_id_get  peer_data_storage.o
    0x0001ffe4   0x00000074   Code   RO         1474    i.pds_peer_data_clear  peer_data_storage.o
    0x00020058   0x00000094   Code   RO         1477    i.pds_peer_data_read_ptr_get  peer_data_storage.o
    0x000200ec   0x000000a8   Code   RO         1478    i.pds_peer_data_update  peer_data_storage.o
    0x00020194   0x000000a4   Code   RO         1480    i.pds_peer_data_write  peer_data_storage.o
    0x00020238   0x00000040   Code   RO         1481    i.pds_peer_data_write_prepare  peer_data_storage.o
    0x00020278   0x0000002c   Code   RO         1482    i.pds_peer_data_write_prepare_cancel  peer_data_storage.o
    0x000202a4   0x000000b0   Code   RO         1483    i.pds_peer_data_write_prepared  peer_data_storage.o
    0x00020354   0x0000002c   Code   RO         1484    i.pds_peer_id_allocate  peer_data_storage.o
    0x00020380   0x00000050   Code   RO         1485    i.pds_peer_id_free  peer_data_storage.o
    0x000203d0   0x00000024   Code   RO         1486    i.pds_peer_id_is_allocated  peer_data_storage.o
    0x000203f4   0x0000005c   Code   RO         1487    i.pds_register      peer_data_storage.o
    0x00020450   0x00000016   Code   RO          645    i.peer_address_exists  ble_advertising.o
    0x00020466   0x0000000a   Code   RO         1634    i.peer_data_const_point_to_buffer  peer_database.o
    0x00020470   0x0000005c   Code   RO         1436    i.peer_data_parts_get  peer_data.o
    0x000204cc   0x0000004a   Code   RO         1635    i.peer_data_point_to_buffer  peer_database.o
    0x00020516   0x00000002   PAD
    0x00020518   0x00000040   Code   RO         1773    i.peer_id_allocate  peer_id.o
    0x00020558   0x00000014   Code   RO         1774    i.peer_id_free      peer_id.o
    0x0002056c   0x0000001c   Code   RO         1775    i.peer_id_init      peer_id.o
    0x00020588   0x00000018   Code   RO         1776    i.peer_id_is_allocated  peer_id.o
    0x000205a0   0x00000038   Code   RO         1778    i.peer_id_next_id_get  peer_id.o
    0x000205d8   0x00000054   Code   RO         1488    i.peer_ids_init     peer_data_storage.o
    0x0002062c   0x00000084   Code   RO           19    i.peer_manager_init  main.o
    0x000206b0   0x0000002c   Code   RO          943    i.pending_user_evts_send  ble_db_discovery.o
    0x000206dc   0x00000018   Code   RO         3065    i.pin_in_use_by_port  nrf_drv_gpiote.o
    0x000206f4   0x00000018   Code   RO         3066    i.pin_in_use_by_te  nrf_drv_gpiote.o
    0x0002070c   0x00000024   Code   RO         1829    i.pm_ble_evt_handler  peer_manager.o
    0x00020730   0x0000005e   Code   RO         2012    i.pm_buffer_block_acquire  pm_buffer.o
    0x0002078e   0x00000042   Code   RO         2013    i.pm_buffer_init    pm_buffer.o
    0x000207d0   0x0000002e   Code   RO         2014    i.pm_buffer_ptr_get  pm_buffer.o
    0x000207fe   0x0000002a   Code   RO         2015    i.pm_buffer_release  pm_buffer.o
    0x00020828   0x0000004a   Code   RO           20    i.pm_evt_handler    main.o
    0x00020872   0x00000002   PAD
    0x00020874   0x00000064   Code   RO         1831    i.pm_init           peer_manager.o
    0x000208d8   0x00000018   Code   RO         1832    i.pm_link_secure    peer_manager.o
    0x000208f0   0x00000008   Code   RO         1834    i.pm_local_database_has_changed  peer_manager.o
    0x000208f8   0x00000010   Code   RO         2046    i.pm_mutex_init     pm_mutex.o
    0x00020908   0x0000001c   Code   RO         2047    i.pm_mutex_lock     pm_mutex.o
    0x00020924   0x00000034   Code   RO         2048    i.pm_mutex_lock_first_available  pm_mutex.o
    0x00020958   0x00000018   Code   RO         2049    i.pm_mutex_lock_status_get  pm_mutex.o
    0x00020970   0x00000060   Code   RO         2050    i.pm_mutex_unlock   pm_mutex.o
    0x000209d0   0x00000024   Code   RO         1841    i.pm_peer_delete_all  peer_manager.o
    0x000209f4   0x0000002c   Code   RO         1844    i.pm_register       peer_manager.o
    0x00020a20   0x00000020   Code   RO         1846    i.pm_sec_params_set  peer_manager.o
    0x00020a40   0x00000028   Code   RO         2757    i.pstorage_access_status_get  pstorage.o
    0x00020a68   0x00000034   Code   RO         4079    i.queue_advance     fstorage.o
    0x00020a9c   0x0000008c   Code   RO         4080    i.queue_process     fstorage.o
    0x00020b28   0x00000058   Code   RO         3837    i.queue_reserve     fds.o
    0x00020b80   0x0000003c   Code   RO          944    i.registered_handler_get  ble_db_discovery.o
    0x00020bbc   0x0000008c   Code   RO         2458    i.rsc_feature_char_add  ble_rscs.o
    0x00020c48   0x000000b0   Code   RO         2459    i.rsc_measurement_char_add  ble_rscs.o
    0x00020cf8   0x00000064   Code   RO         2460    i.rsc_measurement_encode  ble_rscs.o
    0x00020d5c   0x00000098   Code   RO           21    i.rscs_c_evt_handler  main.o
    0x00020df4   0x00000044   Code   RO         3667    i.rtc1_stop         app_timer.o
    0x00020e38   0x00000038   Code   RO         3246    i.rx_byte           nrf_drv_uart.o
    0x00020e70   0x0000001c   Code   RO         3247    i.rx_done_event     nrf_drv_uart.o
    0x00020e8c   0x0000001c   Code   RO           22    i.scan_start        main.o
    0x00020ea8   0x00000010   Code   RO         4345    i.sd_check_ram_start  softdevice_handler.o
    0x00020eb8   0x00000046   Code   RO         4282    i.sdk_mapped_flags_bulk_update_by_key  sdk_mapped_flags.o
    0x00020efe   0x00000002   PAD
    0x00020f00   0x00000028   Code   RO         4283    i.sdk_mapped_flags_first_key_index_get  sdk_mapped_flags.o
    0x00020f28   0x00000010   Code   RO         4284    i.sdk_mapped_flags_get_by_index  sdk_mapped_flags.o
    0x00020f38   0x00000026   Code   RO         4285    i.sdk_mapped_flags_get_by_key  sdk_mapped_flags.o
    0x00020f5e   0x00000046   Code   RO         4286    i.sdk_mapped_flags_key_list_get  sdk_mapped_flags.o
    0x00020fa4   0x00000020   Code   RO         4287    i.sdk_mapped_flags_n_flags_set  sdk_mapped_flags.o
    0x00020fc4   0x0000000e   Code   RO         4288    i.sdk_mapped_flags_update_by_key  sdk_mapped_flags.o
    0x00020fd2   0x00000002   PAD
    0x00020fd4   0x000000a8   Code   RO         2117    i.sec_info_request_process  security_dispatcher.o
    0x0002107c   0x0000006e   Code   RO         2224    i.sec_params_verify  security_manager.o
    0x000210ea   0x00000002   PAD
    0x000210ec   0x0000004c   Code   RO         2118    i.sec_proc_start    security_dispatcher.o
    0x00021138   0x0000001c   Code   RO         2119    i.sec_start_send    security_dispatcher.o
    0x00021154   0x00000098   Code   RO         1049    i.service_changed_pending_flags_check  gatt_cache_manager.o
    0x000211ec   0x0000008e   Code   RO          560    i.service_data_encode  ble_advdata.o
    0x0002127a   0x00000002   PAD
    0x0002127c   0x0000005c   Code   RO           23    i.services_init     main.o
    0x000212d8   0x0000001c   Code   RO         2225    i.sm_ble_evt_handler  security_manager.o
    0x000212f4   0x0000013c   Code   RO         1849    i.sm_evt_handler    peer_manager.o
    0x00021430   0x00000020   Code   RO         2226    i.sm_link_secure    security_manager.o
    0x00021450   0x00000090   Code   RO         2227    i.sm_register       security_manager.o
    0x000214e0   0x00000040   Code   RO         2229    i.sm_sec_params_set  security_manager.o
    0x00021520   0x000000e0   Code   RO         2120    i.smd_ble_evt_handler  security_dispatcher.o
    0x00021600   0x00000010   Code   RO         1050    i.smd_evt_handler   gatt_cache_manager.o
    0x00021610   0x00000078   Code   RO         2230    i.smd_evt_handler   security_manager.o
    0x00021688   0x00000048   Code   RO         2121    i.smd_link_secure   security_dispatcher.o
    0x000216d0   0x00000120   Code   RO         2122    i.smd_params_reply  security_dispatcher.o
    0x000217f0   0x00000038   Code   RO         2231    i.smd_params_reply_perform  security_manager.o
    0x00021828   0x00000064   Code   RO         2123    i.smd_register      security_dispatcher.o
    0x0002188c   0x00000014   Code   RO         4346    i.softdevice_ble_evt_handler_set  softdevice_handler.o
    0x000218a0   0x00000014   Code   RO         4347    i.softdevice_enable  softdevice_handler.o
    0x000218b4   0x00000028   Code   RO         4348    i.softdevice_enable_get_default_config  softdevice_handler.o
    0x000218dc   0x00000008   Code   RO         4349    i.softdevice_fault_handler  softdevice_handler.o
    0x000218e4   0x00000030   Code   RO         4350    i.softdevice_handler_init  softdevice_handler.o
    0x00021914   0x00000014   Code   RO         4353    i.softdevice_sys_evt_handler_set  softdevice_handler.o
    0x00021928   0x0000017c   Code   RO         3838    i.store_execute     fds.o
    0x00021aa4   0x00000010   Code   RO           24    i.sys_evt_dispatch  main.o
    0x00021ab4   0x00000084   Code   RO         3668    i.timer_list_handler  app_timer.o
    0x00021b38   0x00000010   Code   RO         3669    i.timer_list_handler_sched  app_timer.o
    0x00021b48   0x00000040   Code   RO         3670    i.timer_list_insert  app_timer.o
    0x00021b88   0x00000080   Code   RO         3671    i.timer_timeouts_check  app_timer.o
    0x00021c08   0x00000044   Code   RO         2514    i.tx_buffer_process  ble_rscs_c.o
    0x00021c4c   0x0000002c   Code   RO         3249    i.tx_byte           nrf_drv_uart.o
    0x00021c78   0x00000020   Code   RO         3250    i.tx_done_event     nrf_drv_uart.o
    0x00021c98   0x00000128   Code   RO         3251    i.uart_irq_handler  nrf_drv_uart.o
    0x00021dc0   0x0000000a   Code   RO          561    i.uint16_encode     ble_advdata.o
    0x00021dca   0x00000012   Code   RO         3839    i.update_page_offsets  fds.o
    0x00021ddc   0x00000064   Code   RO          733    i.update_timeout_handler  ble_conn_params.o
    0x00021e40   0x00000018   Code   RO          816    i.user_flag_is_acquired  ble_conn_state.o
    0x00021e58   0x00000054   Code   RO         3672    i.user_id_get       app_timer.o
    0x00021eac   0x00000026   Code   RO         3673    i.user_op_alloc     app_timer.o
    0x00021ed2   0x00000030   Code   RO          562    i.uuid_list_encode  ble_advdata.o
    0x00021f02   0x000000ae   Code   RO          563    i.uuid_list_sized_encode  ble_advdata.o
    0x00021fb0   0x00000010   Code   RO          646    i.whitelist_has_entries  ble_advertising.o
    0x00021fc0   0x00000034   Code   RO         1636    i.write_buffer_record_find  peer_database.o
    0x00021ff4   0x00000024   Code   RO         1637    i.write_buffer_record_invalidate  peer_database.o
    0x00022018   0x0000002c   Code   RO         1638    i.write_buffer_record_release  peer_database.o
    0x00022044   0x00000050   Code   RO         3840    i.write_chunks      fds.o
    0x00022094   0x00000124   Code   RO         3841    i.write_enqueue     fds.o
    0x000221b8   0x0000004c   Code   RO         1639    i.write_or_update   peer_database.o
    0x00022204   0x0000004c   Code   RO         3842    i.write_space_reserve  fds.o
    0x00022250   0x00000018   Data   RO           27    .constdata          main.o
    0x00022268   0x0000003c   Data   RO          381    .constdata          bsp.o
    0x000222a4   0x00000004   Data   RO          736    .constdata          ble_conn_params.o
    0x000222a8   0x00000001   Data   RO         1211    .constdata          gatts_cache_manager.o
    0x000222a9   0x00000003   PAD
    0x000222ac   0x00000010   Data   RO         1212    .constdata          gatts_cache_manager.o
    0x000222bc   0x00000001   Data   RO         1213    .constdata          gatts_cache_manager.o
    0x000222bd   0x00000003   PAD
    0x000222c0   0x00000054   Data   RO         2124    .constdata          security_dispatcher.o
    0x00022314   0x00000008   Data   RO         3541    .constdata          app_button.o
    0x0002231c   0x00000014   Data   RO         3844    .constdata          fds.o
    0x00022330   0x00000020   Data   RO         4520    Region$$Table       anon$$obj.o


    Execution Region RW_IRAM1 (Base: 0x20002f80, Size: 0x00001648, Max: 0x00005080, ABSOLUTE, COMPRESSED[0x00000024])

    Base Addr    Size         Type   Attr      Idx    E Section Name        Object

    0x20002f80   0x0000001a   Data   RW           28    .data               main.o
    0x20002f9a   0x00000002   PAD
    0x20002f9c   0x00000018   Data   RW          382    .data               bsp.o
    0x20002fb4   0x00000008   Data   RW          474    .data               bsp_btn_ble.o
    0x20002fbc   0x00000004   Data   RW          519    .data               system_nrf51.o
    0x20002fc0   0x0000001f   Data   RW          648    .data               ble_advertising.o
    0x20002fdf   0x00000001   PAD
    0x20002fe0   0x00000014   Data   RW          737    .data               ble_conn_params.o
    0x20002ff4   0x0000000c   Data   RW          946    .data               ble_db_discovery.o
    0x20003000   0x00000008   Data   RW         1051    .data               gatt_cache_manager.o
    0x20003008   0x00000004   Data   RW         1166    .data               gattc_cache_manager.o
    0x2000300c   0x00000008   Data   RW         1214    .data               gatts_cache_manager.o
    0x20003014   0x00000001   Data   RW         1641    .data               peer_database.o
    0x20003015   0x00000003   PAD
    0x20003018   0x00000010   Data   RW         2125    .data               security_dispatcher.o
    0x20003028   0x0000001c   Data   RW         2232    .data               security_manager.o
    0x20003044   0x0000000c   Data   RW         2516    .data               ble_rscs_c.o
    0x20003050   0x00000024   Data   RW         2782    .data               pstorage.o
    0x20003074   0x00000014   Data   RW         3542    .data               app_button.o
    0x20003088   0x00000020   Data   RW         3674    .data               app_timer.o
    0x200030a8   0x00000010   Data   RW         3845    .data               fds.o
    0x200030b8   0x00000004   Data   RW         4082    .data               fstorage.o
    0x200030bc   0x00000014   Data   RW         4354    .data               softdevice_handler.o
    0x200030d0   0x00000010   Data   RW         3846    fs_data             fds.o
    0x200030e0   0x00000260   Zero   RW           26    .bss                main.o
    0x20003340   0x00000020   Zero   RW          377    .bss                bsp.o
    0x20003360   0x00000020   Zero   RW          378    .bss                bsp.o
    0x20003380   0x0000000c   Zero   RW          379    .bss                bsp.o
    0x2000338c   0x00000020   Zero   RW          380    .bss                bsp.o
    0x200033ac   0x00000103   Zero   RW          647    .bss                ble_advertising.o
    0x200034af   0x00000001   PAD
    0x200034b0   0x00000020   Zero   RW          734    .bss                ble_conn_params.o
    0x200034d0   0x0000001c   Zero   RW          735    .bss                ble_conn_params.o
    0x200034ec   0x00000028   Zero   RW          817    .bss                ble_conn_state.o
    0x20003514   0x00000098   Zero   RW          945    .bss                ble_db_discovery.o
    0x200035ac   0x00000138   Zero   RW         1313    .bss                id_manager.o
    0x200036e4   0x00000020   Zero   RW         1489    .bss                peer_data_storage.o
    0x20003704   0x00000350   Zero   RW         1640    .bss                peer_database.o
    0x20003a54   0x00000020   Zero   RW         1779    .bss                peer_id.o
    0x20003a74   0x00000014   Zero   RW         1850    .bss                peer_manager.o
    0x20003a88   0x000000a0   Zero   RW         2515    .bss                ble_rscs_c.o
    0x20003b28   0x000000d8   Zero   RW         2780    .bss                pstorage.o
    0x20003c00   0x00000048   Zero   RW         3067    .bss                nrf_drv_gpiote.o
    0x20003c48   0x0000001c   Zero   RW         3252    .bss                nrf_drv_uart.o
    0x20003c64   0x00000020   Zero   RW         3540    .bss                app_button.o
    0x20003c84   0x000000ec   Zero   RW         3843    .bss                fds.o
    0x20003d70   0x00000054   Zero   RW         4081    .bss                fstorage.o
    0x20003dc4   0x00000004   PAD
    0x20003dc8   0x00000800   Zero   RW          507    STACK               arm_startup_nrf51.o


==============================================================================

Image component sizes


      Code (inc. data)   RO Data    RW Data    ZI Data      Debug   Object Name

       328         34          8         20         32      11926   app_button.o
        52         16          0          0          0       9319   app_error.o
      1696        152          0         32          0      29403   app_timer.o
        56         18        192          0       2048        748   arm_startup_nrf51.o
      1588          6          0          0          0      19752   ble_advdata.o
       998         34          0         31        259      13713   ble_advertising.o
       460         58          4         20         60      13564   ble_conn_params.o
       552         56          0          0         40      11885   ble_conn_state.o
      1338         78          0         12        152      16119   ble_db_discovery.o
       680         20          0          0          0      11378   ble_rscs.o
       476         44          0         12        160       9244   ble_rscs_c.o
      1000        102         60         24        108       9456   bsp.o
       144          4          0          8          0       3595   bsp_btn_ble.o
      3442        316         20         32        236      43667   fds.o
       818         80          0          4         84      10710   fstorage.o
       982         90          0          8          0      20462   gatt_cache_manager.o
        64         16          0          4          0       2616   gattc_cache_manager.o
       574         74         18          8          0      14399   gatts_cache_manager.o
      1224         86          0          0        312      17312   id_manager.o
      1852        186         24         26        608     124260   main.o
        96         18          0          0          0       8648   nrf_drv_common.o
       960        128          0          0         72      21380   nrf_drv_gpiote.o
       490         58          0          0         28      13975   nrf_drv_uart.o
        92          8          0          0          0       4962   peer_data.o
      1482        110          0          0         32      22885   peer_data_storage.o
      1638        134          0          1        848      26605   peer_database.o
       192         34          0          0         32       4566   peer_id.o
       964         96          0          0         20      22342   peer_manager.o
       248          0          0          0          0       4227   pm_buffer.o
       374          8          0          0          0      13001   pm_mutex.o
        40         10          0         36        216      10597   pstorage.o
       280          6          0          0          0       8039   sdk_mapped_flags.o
      1904        110         84         16          0      20090   security_dispatcher.o
      1114         92          0         28          0      16412   security_manager.o
       324         36          0         20          0       9796   softdevice_handler.o
       156         26          0          4          0       2303   system_nrf51.o

    ----------------------------------------------------------------------
     28734       2344        448        352       5352     603356   Object Totals
         0          0         32          0          0          0   (incl. Generated)
        56          0          6          6          5          0   (incl. Padding)

    ----------------------------------------------------------------------

      Code (inc. data)   RO Data    RW Data    ZI Data      Debug   Library Member Name

        58          0          0          0          0          0   __dczerorl.o
         0          0          0          0          0          0   entry.o
         0          0          0          0          0          0   entry10a.o
         0          0          0          0          0          0   entry11a.o
         8          4          0          0          0          0   entry2.o
         4          0          0          0          0          0   entry5.o
         0          0          0          0          0          0   entry7b.o
         0          0          0          0          0          0   entry8b.o
         8          4          0          0          0          0   entry9a.o
        30          0          0          0          0          0   handlers.o
        36          8          0          0          0         68   init.o
        26          0          0          0          0         72   memcmp.o
        64          0          0          0          0         68   memmovea.o
        36          0          0          0          0        100   memseta.o
        44          0          0          0          0         72   uidiv.o
        20          0          0          0          0         60   uread4.o

    ----------------------------------------------------------------------
       338         16          0          0          0        440   Library Totals
         4          0          0          0          0          0   (incl. Padding)

    ----------------------------------------------------------------------

      Code (inc. data)   RO Data    RW Data    ZI Data      Debug   Library Name

       334         16          0          0          0        440   mc_p.l

    ----------------------------------------------------------------------
       338         16          0          0          0        440   Library Totals

    ----------------------------------------------------------------------

==============================================================================


      Code (inc. data)   RO Data    RW Data    ZI Data      Debug   

     29072       2360        448        352       5352     588744   Grand Totals
     29072       2360        448         36       5352     588744   ELF Image Totals (compressed)
     29072       2360        448         36          0          0   ROM Totals

==============================================================================

    Total RO  Size (Code + RO Data)                29520 (  28.83kB)
    Total RW  Size (RW Data + ZI Data)              5704 (   5.57kB)
    Total ROM Size (Code + RO Data + RW Data)      29556 (  28.86kB)

==============================================================================

