Component: ARM Compiler 5.06 update 1 (build 61) Tool: armlink [4d35a8]

==============================================================================

Section Cross References

    main.o(i.main) refers to app_uart_fifo.o(i.app_uart_init) for app_uart_init
    main.o(i.main) refers to app_error.o(i.app_error_handler_bare) for app_error_handler_bare
    main.o(i.main) refers to main.o(i.indicate_led_init) for indicate_led_init
    main.o(i.main) refers to memcpya.o(.text) for __aeabi_memcpy4
    main.o(i.main) refers to app_uart_fifo.o(i.app_uart_put) for app_uart_put
    main.o(i.main) refers to nrf_delay.o(i.nrf_delay_ms) for nrf_delay_ms
    main.o(i.main) refers to main.o(.constdata) for .constdata
    main.o(i.main) refers to main.o(.data) for .data
    main.o(i.main) refers to main.o(.bss) for .bss
    main.o(i.main) refers to main.o(i.uart_error_handle) for uart_error_handle
    main.o(i.uart_error_handle) refers to app_error.o(i.app_error_handler_bare) for app_error_handler_bare
    arm_startup_nrf51.o(RESET) refers to arm_startup_nrf51.o(STACK) for __initial_sp
    arm_startup_nrf51.o(RESET) refers to arm_startup_nrf51.o(.text) for Reset_Handler
    arm_startup_nrf51.o(RESET) refers to nrf_drv_uart.o(i.UART0_IRQHandler) for UART0_IRQHandler
    arm_startup_nrf51.o(.text) refers to system_nrf51.o(i.SystemInit) for SystemInit
    arm_startup_nrf51.o(.text) refers to entry.o(.ARM.Collect$$$$00000000) for __main
    system_nrf51.o(i.SystemCoreClockUpdate) refers to system_nrf51.o(.data) for .data
    system_nrf51.o(i.SystemInit) refers to system_nrf51.o(i.is_manual_peripheral_setup_needed) for is_manual_peripheral_setup_needed
    nrf_delay.o(i.nrf_delay_ms) refers to nrf_delay.o(.emb_text) for __asm___11_nrf_delay_c_532987f3__nrf_delay_us
    nrf_drv_uart.o(i.UART0_IRQHandler) refers to nrf_drv_uart.o(i.uart_irq_handler) for uart_irq_handler
    nrf_drv_uart.o(i.nrf_drv_uart_init) refers to nrf_drv_uart.o(i.nrf_gpio_cfg_output) for nrf_gpio_cfg_output
    nrf_drv_uart.o(i.nrf_drv_uart_init) refers to nrf_drv_uart.o(i.nrf_gpio_cfg_input) for nrf_gpio_cfg_input
    nrf_drv_uart.o(i.nrf_drv_uart_init) refers to nrf_drv_common.o(i.nrf_drv_common_irq_enable) for nrf_drv_common_irq_enable
    nrf_drv_uart.o(i.nrf_drv_uart_init) refers to nrf_drv_uart.o(.bss) for .bss
    nrf_drv_uart.o(i.nrf_drv_uart_init) refers to nrf_drv_uart.o(.constdata) for .constdata
    nrf_drv_uart.o(i.nrf_drv_uart_rx) refers to nrf_drv_uart.o(i.nrf_drv_uart_rx_for_uart) for nrf_drv_uart_rx_for_uart
    nrf_drv_uart.o(i.nrf_drv_uart_rx) refers to nrf_drv_uart.o(.bss) for .bss
    nrf_drv_uart.o(i.nrf_drv_uart_rx_disable) refers to nrf_drv_uart.o(.bss) for .bss
    nrf_drv_uart.o(i.nrf_drv_uart_rx_enable) refers to nrf_drv_uart.o(i.rx_enable) for rx_enable
    nrf_drv_uart.o(i.nrf_drv_uart_rx_enable) refers to nrf_drv_uart.o(.bss) for .bss
    nrf_drv_uart.o(i.nrf_drv_uart_rx_for_uart) refers to nrf_drv_uart.o(i.rx_enable) for rx_enable
    nrf_drv_uart.o(i.nrf_drv_uart_rx_for_uart) refers to nrf_drv_uart.o(i.nrf_uart_event_check) for nrf_uart_event_check
    nrf_drv_uart.o(i.nrf_drv_uart_rx_for_uart) refers to nrf_drv_uart.o(i.rx_byte) for rx_byte
    nrf_drv_uart.o(i.nrf_drv_uart_rx_for_uart) refers to nrf_drv_uart.o(.bss) for .bss
    nrf_drv_uart.o(i.nrf_drv_uart_tx) refers to nrf_drv_uart.o(i.nrf_drv_uart_tx_for_uart) for nrf_drv_uart_tx_for_uart
    nrf_drv_uart.o(i.nrf_drv_uart_tx) refers to nrf_drv_uart.o(.bss) for .bss
    nrf_drv_uart.o(i.nrf_drv_uart_tx_abort) refers to nrf_drv_uart.o(i.tx_done_event) for tx_done_event
    nrf_drv_uart.o(i.nrf_drv_uart_tx_abort) refers to nrf_drv_uart.o(.bss) for .bss
    nrf_drv_uart.o(i.nrf_drv_uart_tx_for_uart) refers to nrf_drv_uart.o(i.tx_byte) for tx_byte
    nrf_drv_uart.o(i.nrf_drv_uart_tx_for_uart) refers to nrf_drv_uart.o(i.nrf_uart_event_check) for nrf_uart_event_check
    nrf_drv_uart.o(i.nrf_drv_uart_tx_for_uart) refers to nrf_drv_uart.o(.bss) for .bss
    nrf_drv_uart.o(i.nrf_drv_uart_uninit) refers to nrf_drv_uart.o(i.nrf_gpio_cfg_default) for nrf_gpio_cfg_default
    nrf_drv_uart.o(i.nrf_drv_uart_uninit) refers to nrf_drv_uart.o(.bss) for .bss
    nrf_drv_uart.o(i.nrf_gpio_cfg_default) refers to nrf_drv_uart.o(i.nrf_gpio_cfg) for nrf_gpio_cfg
    nrf_drv_uart.o(i.nrf_gpio_cfg_input) refers to nrf_drv_uart.o(i.nrf_gpio_cfg) for nrf_gpio_cfg
    nrf_drv_uart.o(i.nrf_gpio_cfg_output) refers to nrf_drv_uart.o(i.nrf_gpio_cfg) for nrf_gpio_cfg
    nrf_drv_uart.o(i.rx_byte) refers to nrf_drv_uart.o(.bss) for .bss
    nrf_drv_uart.o(i.rx_done_event) refers to nrf_drv_uart.o(.bss) for .bss
    nrf_drv_uart.o(i.tx_byte) refers to nrf_drv_uart.o(.bss) for .bss
    nrf_drv_uart.o(i.tx_done_event) refers to nrf_drv_uart.o(.bss) for .bss
    nrf_drv_uart.o(i.uart_irq_handler) refers to nrf_drv_uart.o(i.nrf_uart_int_enable_check) for nrf_uart_int_enable_check
    nrf_drv_uart.o(i.uart_irq_handler) refers to nrf_drv_uart.o(i.nrf_uart_event_check) for nrf_uart_event_check
    nrf_drv_uart.o(i.uart_irq_handler) refers to nrf_drv_uart.o(i.rx_byte) for rx_byte
    nrf_drv_uart.o(i.uart_irq_handler) refers to nrf_drv_uart.o(i.rx_done_event) for rx_done_event
    nrf_drv_uart.o(i.uart_irq_handler) refers to nrf_drv_uart.o(i.tx_byte) for tx_byte
    nrf_drv_uart.o(i.uart_irq_handler) refers to nrf_drv_uart.o(i.tx_done_event) for tx_done_event
    nrf_drv_uart.o(i.uart_irq_handler) refers to nrf_drv_uart.o(.bss) for .bss
    app_uart_fifo.o(i.app_uart_close) refers to nrf_drv_uart.o(i.nrf_drv_uart_uninit) for nrf_drv_uart_uninit
    app_uart_fifo.o(i.app_uart_flush) refers to app_fifo.o(i.app_fifo_flush) for app_fifo_flush
    app_uart_fifo.o(i.app_uart_flush) refers to app_uart_fifo.o(.bss) for .bss
    app_uart_fifo.o(i.app_uart_get) refers to nrf_drv_uart.o(i.nrf_drv_uart_rx) for nrf_drv_uart_rx
    app_uart_fifo.o(i.app_uart_get) refers to app_fifo.o(i.app_fifo_get) for app_fifo_get
    app_uart_fifo.o(i.app_uart_get) refers to app_uart_fifo.o(.bss) for .bss
    app_uart_fifo.o(i.app_uart_get) refers to app_uart_fifo.o(.data) for .data
    app_uart_fifo.o(i.app_uart_init) refers to app_fifo.o(i.app_fifo_init) for app_fifo_init
    app_uart_fifo.o(i.app_uart_init) refers to memcpya.o(.text) for __aeabi_memcpy4
    app_uart_fifo.o(i.app_uart_init) refers to nrf_drv_uart.o(i.nrf_drv_uart_init) for nrf_drv_uart_init
    app_uart_fifo.o(i.app_uart_init) refers to nrf_drv_uart.o(i.nrf_drv_uart_rx_enable) for nrf_drv_uart_rx_enable
    app_uart_fifo.o(i.app_uart_init) refers to nrf_drv_uart.o(i.nrf_drv_uart_rx) for nrf_drv_uart_rx
    app_uart_fifo.o(i.app_uart_init) refers to app_uart_fifo.o(.data) for .data
    app_uart_fifo.o(i.app_uart_init) refers to app_uart_fifo.o(.bss) for .bss
    app_uart_fifo.o(i.app_uart_init) refers to app_uart_fifo.o(.constdata) for .constdata
    app_uart_fifo.o(i.app_uart_init) refers to app_uart_fifo.o(i.uart_event_handler) for uart_event_handler
    app_uart_fifo.o(i.app_uart_put) refers to nrf_drv_uart.o(i.nrf_drv_uart_tx) for nrf_drv_uart_tx
    app_uart_fifo.o(i.app_uart_put) refers to app_fifo.o(i.app_fifo_put) for app_fifo_put
    app_uart_fifo.o(i.app_uart_put) refers to app_uart_fifo.o(.data) for .data
    app_uart_fifo.o(i.app_uart_put) refers to app_uart_fifo.o(.bss) for .bss
    app_uart_fifo.o(i.uart_event_handler) refers to app_fifo.o(i.app_fifo_get) for app_fifo_get
    app_uart_fifo.o(i.uart_event_handler) refers to app_fifo.o(i.app_fifo_put) for app_fifo_put
    app_uart_fifo.o(i.uart_event_handler) refers to nrf_drv_uart.o(i.nrf_drv_uart_rx) for nrf_drv_uart_rx
    app_uart_fifo.o(i.uart_event_handler) refers to nrf_drv_uart.o(i.nrf_drv_uart_tx) for nrf_drv_uart_tx
    app_uart_fifo.o(i.uart_event_handler) refers to app_uart_fifo.o(.data) for .data
    app_uart_fifo.o(i.uart_event_handler) refers to app_uart_fifo.o(.bss) for .bss
    app_error.o(i.app_error_handler) refers to app_error.o(i.app_error_fault_handler) for app_error_fault_handler
    app_error.o(i.app_error_handler_bare) refers to app_error.o(i.app_error_fault_handler) for app_error_fault_handler
    app_error.o(i.app_error_save_and_stop) refers to app_error.o(.bss) for .bss
    app_fifo.o(i.app_fifo_get) refers to app_fifo.o(i.fifo_get) for fifo_get
    app_fifo.o(i.app_fifo_put) refers to app_fifo.o(i.fifo_put) for fifo_put
    app_fifo.o(i.app_fifo_read) refers to app_fifo.o(i.fifo_get) for fifo_get
    app_fifo.o(i.app_fifo_write) refers to app_fifo.o(i.fifo_put) for fifo_put
    app_util_platform.o(i.critical_region_enter) refers to app_util_platform.o(.data) for .data
    app_util_platform.o(i.critical_region_exit) refers to app_util_platform.o(.data) for .data
    retarget.o(i.fgetc) refers to app_uart_fifo.o(i.app_uart_get) for app_uart_get
    retarget.o(i.fputc) refers to app_uart_fifo.o(i.app_uart_put) for app_uart_put
    entry.o(.ARM.Collect$$$$00000000) refers (Special) to entry10a.o(.ARM.Collect$$$$0000000D) for __rt_final_cpp
    entry.o(.ARM.Collect$$$$00000000) refers (Special) to entry11a.o(.ARM.Collect$$$$0000000F) for __rt_final_exit
    entry.o(.ARM.Collect$$$$00000000) refers (Special) to entry7b.o(.ARM.Collect$$$$00000008) for _main_clock
    entry.o(.ARM.Collect$$$$00000000) refers (Special) to entry8b.o(.ARM.Collect$$$$0000000A) for _main_cpp_init
    entry.o(.ARM.Collect$$$$00000000) refers (Special) to entry9a.o(.ARM.Collect$$$$0000000B) for _main_init
    entry.o(.ARM.Collect$$$$00000000) refers (Special) to entry5.o(.ARM.Collect$$$$00000004) for _main_scatterload
    entry.o(.ARM.Collect$$$$00000000) refers (Special) to entry2.o(.ARM.Collect$$$$00000001) for _main_stk
    entry2.o(.ARM.Collect$$$$00000001) refers to entry2.o(.ARM.Collect$$$$00002712) for __lit__00000000
    entry2.o(.ARM.Collect$$$$00002712) refers to arm_startup_nrf51.o(STACK) for __initial_sp
    entry2.o(__vectab_stack_and_reset_area) refers to arm_startup_nrf51.o(STACK) for __initial_sp
    entry2.o(__vectab_stack_and_reset_area) refers to entry.o(.ARM.Collect$$$$00000000) for __main
    entry5.o(.ARM.Collect$$$$00000004) refers to init.o(.text) for __scatterload
    entry9a.o(.ARM.Collect$$$$0000000B) refers to main.o(i.main) for main
    entry9b.o(.ARM.Collect$$$$0000000C) refers to main.o(i.main) for main
    init.o(.text) refers to entry5.o(.ARM.Collect$$$$00000004) for __main_after_scatterload


==============================================================================

Removing Unused input sections from the image.

    Removing main.o(.rev16_text), (4 bytes).
    Removing main.o(.revsh_text), (4 bytes).
    Removing main.o(.emb_text), (30 bytes).
    Removing main.o(i.indicate_led_off), (12 bytes).
    Removing main.o(i.indicate_led_on), (12 bytes).
    Removing main.o(.data), (20 bytes).
    Removing arm_startup_nrf51.o(HEAP), (2048 bytes).
    Removing system_nrf51.o(.rev16_text), (4 bytes).
    Removing system_nrf51.o(.revsh_text), (4 bytes).
    Removing system_nrf51.o(i.SystemCoreClockUpdate), (16 bytes).
    Removing nrf_drv_common.o(.rev16_text), (4 bytes).
    Removing nrf_drv_common.o(.revsh_text), (4 bytes).
    Removing nrf_delay.o(.rev16_text), (4 bytes).
    Removing nrf_delay.o(.revsh_text), (4 bytes).
    Removing nrf_drv_uart.o(.rev16_text), (4 bytes).
    Removing nrf_drv_uart.o(.revsh_text), (4 bytes).
    Removing nrf_drv_uart.o(i.nrf_drv_uart_errorsrc_get), (28 bytes).
    Removing nrf_drv_uart.o(i.nrf_drv_uart_rx_abort), (24 bytes).
    Removing nrf_drv_uart.o(i.nrf_drv_uart_rx_disable), (24 bytes).
    Removing nrf_drv_uart.o(i.nrf_drv_uart_tx_abort), (44 bytes).
    Removing nrf_drv_uart.o(i.nrf_drv_uart_uninit), (108 bytes).
    Removing nrf_drv_uart.o(i.nrf_gpio_cfg_default), (18 bytes).
    Removing app_uart_fifo.o(.rev16_text), (4 bytes).
    Removing app_uart_fifo.o(.revsh_text), (4 bytes).
    Removing app_uart_fifo.o(i.app_uart_close), (10 bytes).
    Removing app_uart_fifo.o(i.app_uart_flush), (28 bytes).
    Removing app_uart_fifo.o(i.app_uart_get), (52 bytes).
    Removing app_error.o(.rev16_text), (4 bytes).
    Removing app_error.o(.revsh_text), (4 bytes).
    Removing app_error.o(i.app_error_handler), (24 bytes).
    Removing app_error.o(i.app_error_save_and_stop), (100 bytes).
    Removing app_error.o(.bss), (32 bytes).
    Removing app_fifo.o(.rev16_text), (4 bytes).
    Removing app_fifo.o(.revsh_text), (4 bytes).
    Removing app_fifo.o(i.app_fifo_flush), (8 bytes).
    Removing app_fifo.o(i.app_fifo_read), (70 bytes).
    Removing app_fifo.o(i.app_fifo_write), (74 bytes).
    Removing app_util_platform.o(.rev16_text), (4 bytes).
    Removing app_util_platform.o(.revsh_text), (4 bytes).
    Removing app_util_platform.o(i.critical_region_enter), (16 bytes).
    Removing app_util_platform.o(i.critical_region_exit), (20 bytes).
    Removing app_util_platform.o(.data), (4 bytes).
    Removing nrf_assert.o(.rev16_text), (4 bytes).
    Removing nrf_assert.o(.revsh_text), (4 bytes).
    Removing retarget.o(.rev16_text), (4 bytes).
    Removing retarget.o(.revsh_text), (4 bytes).
    Removing retarget.o(i.fgetc), (18 bytes).
    Removing retarget.o(i.fputc), (14 bytes).
    Removing retarget.o(.data), (4 bytes).
    Removing retarget.o(.data), (4 bytes).

50 unused section(s) (total 2950 bytes) removed from the image.

==============================================================================

Image Symbol Table

    Local Symbols

    Symbol Name                              Value     Ov Type        Size  Object(Section)

    RESET                                    0x00000000   Section      192  arm_startup_nrf51.o(RESET)
    ../clib/microlib/init/entry.s            0x00000000   Number         0  entry11b.o ABSOLUTE
    ../clib/microlib/init/entry.s            0x00000000   Number         0  entry11a.o ABSOLUTE
    ../clib/microlib/init/entry.s            0x00000000   Number         0  entry.o ABSOLUTE
    ../clib/microlib/init/entry.s            0x00000000   Number         0  entry2.o ABSOLUTE
    ../clib/microlib/init/entry.s            0x00000000   Number         0  entry5.o ABSOLUTE
    ../clib/microlib/init/entry.s            0x00000000   Number         0  entry7a.o ABSOLUTE
    ../clib/microlib/init/entry.s            0x00000000   Number         0  entry7b.o ABSOLUTE
    ../clib/microlib/init/entry.s            0x00000000   Number         0  entry8a.o ABSOLUTE
    ../clib/microlib/init/entry.s            0x00000000   Number         0  entry8b.o ABSOLUTE
    ../clib/microlib/init/entry.s            0x00000000   Number         0  entry9a.o ABSOLUTE
    ../clib/microlib/init/entry.s            0x00000000   Number         0  entry9b.o ABSOLUTE
    ../clib/microlib/init/entry.s            0x00000000   Number         0  entry10a.o ABSOLUTE
    ../clib/microlib/init/entry.s            0x00000000   Number         0  entry10b.o ABSOLUTE
    ../clib/microlib/string/memcpy.c         0x00000000   Number         0  memcpyb.o ABSOLUTE
    ../clib/microlib/string/memcpy.c         0x00000000   Number         0  memcpya.o ABSOLUTE
    ..\..\main.c                             0x00000000   Number         0  main.o ABSOLUTE
    ..\\..\\main.c                           0x00000000   Number         0  main.o ABSOLUTE
    C:\Keil_v5\ARM\PACK\NordicSemiconductor\nRF_Drivers\4.0.0-2.alpha\common\nrf_drv_common.c 0x00000000   Number         0  nrf_drv_common.o ABSOLUTE
    C:\Keil_v5\ARM\PACK\NordicSemiconductor\nRF_Drivers\4.0.0-2.alpha\delay\nrf_delay.c 0x00000000   Number         0  nrf_delay.o ABSOLUTE
    C:\Keil_v5\ARM\PACK\NordicSemiconductor\nRF_Drivers\4.0.0-2.alpha\uart\nrf_drv_uart.c 0x00000000   Number         0  nrf_drv_uart.o ABSOLUTE
    C:\\Keil_v5\\ARM\\PACK\\NordicSemiconductor\\nRF_Drivers\\4.0.0-2.alpha\\common\\nrf_drv_common.c 0x00000000   Number         0  nrf_drv_common.o ABSOLUTE
    C:\\Keil_v5\\ARM\\PACK\\NordicSemiconductor\\nRF_Drivers\\4.0.0-2.alpha\\delay\\nrf_delay.c 0x00000000   Number         0  nrf_delay.o ABSOLUTE
    C:\\Keil_v5\\ARM\\PACK\\NordicSemiconductor\\nRF_Drivers\\4.0.0-2.alpha\\uart\\nrf_drv_uart.c 0x00000000   Number         0  nrf_drv_uart.o ABSOLUTE
    RTE\Device\nRF51422_xxAC\arm_startup_nrf51.s 0x00000000   Number         0  arm_startup_nrf51.o ABSOLUTE
    RTE\Device\nRF51422_xxAC\system_nrf51.c  0x00000000   Number         0  system_nrf51.o ABSOLUTE
    RTE\\Device\\nRF51422_xxAC\\system_nrf51.c 0x00000000   Number         0  system_nrf51.o ABSOLUTE
    RTE\\nRF_Drivers\\nRF51422_xxAC\\app_uart_fifo.c 0x00000000   Number         0  app_uart_fifo.o ABSOLUTE
    RTE\\nRF_Libraries\\nRF51422_xxAC\\app_error.c 0x00000000   Number         0  app_error.o ABSOLUTE
    RTE\\nRF_Libraries\\nRF51422_xxAC\\app_fifo.c 0x00000000   Number         0  app_fifo.o ABSOLUTE
    RTE\\nRF_Libraries\\nRF51422_xxAC\\app_util_platform.c 0x00000000   Number         0  app_util_platform.o ABSOLUTE
    RTE\\nRF_Libraries\\nRF51422_xxAC\\nrf_assert.c 0x00000000   Number         0  nrf_assert.o ABSOLUTE
    RTE\\nRF_Libraries\\nRF51422_xxAC\\retarget.c 0x00000000   Number         0  retarget.o ABSOLUTE
    RTE\nRF_Drivers\nRF51422_xxAC\app_uart_fifo.c 0x00000000   Number         0  app_uart_fifo.o ABSOLUTE
    RTE\nRF_Libraries\nRF51422_xxAC\app_error.c 0x00000000   Number         0  app_error.o ABSOLUTE
    RTE\nRF_Libraries\nRF51422_xxAC\app_fifo.c 0x00000000   Number         0  app_fifo.o ABSOLUTE
    RTE\nRF_Libraries\nRF51422_xxAC\app_util_platform.c 0x00000000   Number         0  app_util_platform.o ABSOLUTE
    RTE\nRF_Libraries\nRF51422_xxAC\nrf_assert.c 0x00000000   Number         0  nrf_assert.o ABSOLUTE
    RTE\nRF_Libraries\nRF51422_xxAC\retarget.c 0x00000000   Number         0  retarget.o ABSOLUTE
    dc.s                                     0x00000000   Number         0  dc.o ABSOLUTE
    handlers.s                               0x00000000   Number         0  handlers.o ABSOLUTE
    init.s                                   0x00000000   Number         0  init.o ABSOLUTE
    .ARM.Collect$$$$00000000                 0x000000c0   Section        0  entry.o(.ARM.Collect$$$$00000000)
    .ARM.Collect$$$$00000001                 0x000000c0   Section        4  entry2.o(.ARM.Collect$$$$00000001)
    .ARM.Collect$$$$00000004                 0x000000c4   Section        4  entry5.o(.ARM.Collect$$$$00000004)
    .ARM.Collect$$$$00000008                 0x000000c8   Section        0  entry7b.o(.ARM.Collect$$$$00000008)
    .ARM.Collect$$$$0000000A                 0x000000c8   Section        0  entry8b.o(.ARM.Collect$$$$0000000A)
    .ARM.Collect$$$$0000000B                 0x000000c8   Section        8  entry9a.o(.ARM.Collect$$$$0000000B)
    .ARM.Collect$$$$0000000D                 0x000000d0   Section        0  entry10a.o(.ARM.Collect$$$$0000000D)
    .ARM.Collect$$$$0000000F                 0x000000d0   Section        0  entry11a.o(.ARM.Collect$$$$0000000F)
    .ARM.Collect$$$$00002712                 0x000000d0   Section        4  entry2.o(.ARM.Collect$$$$00002712)
    __lit__00000000                          0x000000d0   Data           4  entry2.o(.ARM.Collect$$$$00002712)
    .emb_text                                0x000000d4   Section       30  nrf_delay.o(.emb_text)
    .text                                    0x000000f4   Section       56  arm_startup_nrf51.o(.text)
    .text                                    0x0000012c   Section        0  memcpya.o(.text)
    .text                                    0x00000150   Section       36  init.o(.text)
    i.SystemInit                             0x00000174   Section        0  system_nrf51.o(i.SystemInit)
    i.UART0_IRQHandler                       0x000001c8   Section        0  nrf_drv_uart.o(i.UART0_IRQHandler)
    i.__scatterload_copy                     0x000001d0   Section       14  handlers.o(i.__scatterload_copy)
    i.__scatterload_null                     0x000001de   Section        2  handlers.o(i.__scatterload_null)
    i.__scatterload_zeroinit                 0x000001e0   Section       14  handlers.o(i.__scatterload_zeroinit)
    i.app_error_fault_handler                0x000001f0   Section        0  app_error.o(i.app_error_fault_handler)
    i.app_error_handler_bare                 0x0000020c   Section        0  app_error.o(i.app_error_handler_bare)
    i.app_fifo_get                           0x00000224   Section        0  app_fifo.o(i.app_fifo_get)
    i.app_fifo_init                          0x0000023a   Section        0  app_fifo.o(i.app_fifo_init)
    i.app_fifo_put                           0x0000025e   Section        0  app_fifo.o(i.app_fifo_put)
    i.app_uart_init                          0x00000278   Section        0  app_uart_fifo.o(i.app_uart_init)
    i.app_uart_put                           0x00000318   Section        0  app_uart_fifo.o(i.app_uart_put)
    i.fifo_get                               0x00000340   Section        0  app_fifo.o(i.fifo_get)
    fifo_get                                 0x00000341   Thumb Code    20  app_fifo.o(i.fifo_get)
    i.fifo_put                               0x00000354   Section        0  app_fifo.o(i.fifo_put)
    fifo_put                                 0x00000355   Thumb Code    18  app_fifo.o(i.fifo_put)
    i.indicate_led_init                      0x00000368   Section        0  main.o(i.indicate_led_init)
    i.is_manual_peripheral_setup_needed      0x00000384   Section        0  system_nrf51.o(i.is_manual_peripheral_setup_needed)
    is_manual_peripheral_setup_needed        0x00000385   Thumb Code    66  system_nrf51.o(i.is_manual_peripheral_setup_needed)
    i.main                                   0x000003cc   Section        0  main.o(i.main)
    i.nrf_delay_ms                           0x0000048c   Section        0  nrf_delay.o(i.nrf_delay_ms)
    i.nrf_drv_common_irq_enable              0x000004a8   Section        0  nrf_drv_common.o(i.nrf_drv_common_irq_enable)
    i.nrf_drv_uart_init                      0x00000508   Section        0  nrf_drv_uart.o(i.nrf_drv_uart_init)
    i.nrf_drv_uart_rx                        0x000005d0   Section        0  nrf_drv_uart.o(i.nrf_drv_uart_rx)
    i.nrf_drv_uart_rx_enable                 0x0000061c   Section        0  nrf_drv_uart.o(i.nrf_drv_uart_rx_enable)
    i.nrf_drv_uart_rx_for_uart               0x00000634   Section        0  nrf_drv_uart.o(i.nrf_drv_uart_rx_for_uart)
    nrf_drv_uart_rx_for_uart                 0x00000635   Thumb Code   144  nrf_drv_uart.o(i.nrf_drv_uart_rx_for_uart)
    i.nrf_drv_uart_tx                        0x000006d0   Section        0  nrf_drv_uart.o(i.nrf_drv_uart_tx)
    i.nrf_drv_uart_tx_for_uart               0x000006f0   Section        0  nrf_drv_uart.o(i.nrf_drv_uart_tx_for_uart)
    nrf_drv_uart_tx_for_uart                 0x000006f1   Thumb Code   108  nrf_drv_uart.o(i.nrf_drv_uart_tx_for_uart)
    i.nrf_gpio_cfg                           0x00000764   Section        0  nrf_drv_uart.o(i.nrf_gpio_cfg)
    nrf_gpio_cfg                             0x00000765   Thumb Code    32  nrf_drv_uart.o(i.nrf_gpio_cfg)
    i.nrf_gpio_cfg_input                     0x00000788   Section        0  nrf_drv_uart.o(i.nrf_gpio_cfg_input)
    nrf_gpio_cfg_input                       0x00000789   Thumb Code    18  nrf_drv_uart.o(i.nrf_gpio_cfg_input)
    i.nrf_gpio_cfg_output                    0x0000079a   Section        0  nrf_drv_uart.o(i.nrf_gpio_cfg_output)
    nrf_gpio_cfg_output                      0x0000079b   Thumb Code    20  nrf_drv_uart.o(i.nrf_gpio_cfg_output)
    i.nrf_uart_event_check                   0x000007ae   Section        0  nrf_drv_uart.o(i.nrf_uart_event_check)
    nrf_uart_event_check                     0x000007af   Thumb Code    10  nrf_drv_uart.o(i.nrf_uart_event_check)
    i.nrf_uart_int_enable_check              0x000007b8   Section        0  nrf_drv_uart.o(i.nrf_uart_int_enable_check)
    nrf_uart_int_enable_check                0x000007b9   Thumb Code    16  nrf_drv_uart.o(i.nrf_uart_int_enable_check)
    i.rx_byte                                0x000007c8   Section        0  nrf_drv_uart.o(i.rx_byte)
    rx_byte                                  0x000007c9   Thumb Code    42  nrf_drv_uart.o(i.rx_byte)
    i.rx_done_event                          0x00000800   Section        0  nrf_drv_uart.o(i.rx_done_event)
    rx_done_event                            0x00000801   Thumb Code    22  nrf_drv_uart.o(i.rx_done_event)
    i.rx_enable                              0x0000081c   Section        0  nrf_drv_uart.o(i.rx_enable)
    rx_enable                                0x0000081d   Thumb Code    22  nrf_drv_uart.o(i.rx_enable)
    i.tx_byte                                0x00000838   Section        0  nrf_drv_uart.o(i.tx_byte)
    tx_byte                                  0x00000839   Thumb Code    30  nrf_drv_uart.o(i.tx_byte)
    i.tx_done_event                          0x00000864   Section        0  nrf_drv_uart.o(i.tx_done_event)
    tx_done_event                            0x00000865   Thumb Code    26  nrf_drv_uart.o(i.tx_done_event)
    i.uart_error_handle                      0x00000884   Section        0  main.o(i.uart_error_handle)
    i.uart_event_handler                     0x00000898   Section        0  app_uart_fifo.o(i.uart_event_handler)
    uart_event_handler                       0x00000899   Thumb Code   166  app_uart_fifo.o(i.uart_event_handler)
    i.uart_irq_handler                       0x00000948   Section        0  nrf_drv_uart.o(i.uart_irq_handler)
    uart_irq_handler                         0x00000949   Thumb Code   278  nrf_drv_uart.o(i.uart_irq_handler)
    .constdata                               0x00000a70   Section       12  main.o(.constdata)
    .constdata                               0x00000a7c   Section       32  nrf_drv_uart.o(.constdata)
    m_default_config                         0x00000a7c   Data          32  nrf_drv_uart.o(.constdata)
    .constdata                               0x00000a9c   Section       32  app_uart_fifo.o(.constdata)
    .data                                    0x20000000   Section        1  main.o(.data)
    rx_buf                                   0x20000000   Data           1  main.o(.data)
    .data                                    0x20000004   Section        4  system_nrf51.o(.data)
    __tagsym$$used                           0x20000004   Number         0  system_nrf51.o(.data)
    .data                                    0x20000008   Section        8  app_uart_fifo.o(.data)
    tx_buffer                                0x20000008   Data           1  app_uart_fifo.o(.data)
    tx_tmp                                   0x20000009   Data           1  app_uart_fifo.o(.data)
    rx_buffer                                0x2000000a   Data           1  app_uart_fifo.o(.data)
    m_event_handler                          0x2000000c   Data           4  app_uart_fifo.o(.data)
    .bss                                     0x20000010   Section      256  main.o(.bss)
    tx_buf                                   0x20000010   Data         256  main.o(.bss)
    .bss                                     0x20000110   Section       28  nrf_drv_uart.o(.bss)
    m_cb                                     0x20000110   Data          28  nrf_drv_uart.o(.bss)
    .bss                                     0x2000012c   Section       32  app_uart_fifo.o(.bss)
    m_rx_fifo                                0x2000012c   Data          16  app_uart_fifo.o(.bss)
    m_tx_fifo                                0x2000013c   Data          16  app_uart_fifo.o(.bss)
    STACK                                    0x20000150   Section     2048  arm_startup_nrf51.o(STACK)

    Global Symbols

    Symbol Name                              Value     Ov Type        Size  Object(Section)

    BuildAttributes$$THM_ISAv3M$S$PE$A:L22$X:L11$S22$IEEE1$IW$USESV6$~STKCKD$USESV7$~SHL$OSPACE$EBA8$MICROLIB$REQ8$PRES8$EABIv2 0x00000000   Number         0  anon$$obj.o ABSOLUTE
    __ARM_use_no_argv                        0x00000000   Number         0  main.o ABSOLUTE
    __Vectors                                0x00000000   Data           4  arm_startup_nrf51.o(RESET)
    __cpp_initialize__aeabi_                  - Undefined Weak Reference
    __cxa_finalize                            - Undefined Weak Reference
    __decompress                              - Undefined Weak Reference
    _clock_init                               - Undefined Weak Reference
    _microlib_exit                            - Undefined Weak Reference
    __Vectors_End                            0x000000c0   Data           0  arm_startup_nrf51.o(RESET)
    __Vectors_Size                           0x000000c0   Number         0  arm_startup_nrf51.o ABSOLUTE
    __main                                   0x000000c1   Thumb Code     0  entry.o(.ARM.Collect$$$$00000000)
    _main_stk                                0x000000c1   Thumb Code     0  entry2.o(.ARM.Collect$$$$00000001)
    _main_scatterload                        0x000000c5   Thumb Code     0  entry5.o(.ARM.Collect$$$$00000004)
    __main_after_scatterload                 0x000000c9   Thumb Code     0  entry5.o(.ARM.Collect$$$$00000004)
    _main_clock                              0x000000c9   Thumb Code     0  entry7b.o(.ARM.Collect$$$$00000008)
    _main_cpp_init                           0x000000c9   Thumb Code     0  entry8b.o(.ARM.Collect$$$$0000000A)
    _main_init                               0x000000c9   Thumb Code     0  entry9a.o(.ARM.Collect$$$$0000000B)
    __rt_final_cpp                           0x000000d1   Thumb Code     0  entry10a.o(.ARM.Collect$$$$0000000D)
    __rt_final_exit                          0x000000d1   Thumb Code     0  entry11a.o(.ARM.Collect$$$$0000000F)
    __asm___11_nrf_delay_c_532987f3__nrf_delay_us 0x000000d5   Thumb Code    30  nrf_delay.o(.emb_text)
    Reset_Handler                            0x000000f5   Thumb Code    26  arm_startup_nrf51.o(.text)
    NMI_Handler                              0x0000010f   Thumb Code     2  arm_startup_nrf51.o(.text)
    HardFault_Handler                        0x00000111   Thumb Code     2  arm_startup_nrf51.o(.text)
    SVC_Handler                              0x00000113   Thumb Code     2  arm_startup_nrf51.o(.text)
    PendSV_Handler                           0x00000115   Thumb Code     2  arm_startup_nrf51.o(.text)
    SysTick_Handler                          0x00000117   Thumb Code     2  arm_startup_nrf51.o(.text)
    ADC_IRQHandler                           0x00000119   Thumb Code     0  arm_startup_nrf51.o(.text)
    CCM_AAR_IRQHandler                       0x00000119   Thumb Code     0  arm_startup_nrf51.o(.text)
    ECB_IRQHandler                           0x00000119   Thumb Code     0  arm_startup_nrf51.o(.text)
    GPIOTE_IRQHandler                        0x00000119   Thumb Code     0  arm_startup_nrf51.o(.text)
    LPCOMP_IRQHandler                        0x00000119   Thumb Code     0  arm_startup_nrf51.o(.text)
    POWER_CLOCK_IRQHandler                   0x00000119   Thumb Code     0  arm_startup_nrf51.o(.text)
    QDEC_IRQHandler                          0x00000119   Thumb Code     0  arm_startup_nrf51.o(.text)
    RADIO_IRQHandler                         0x00000119   Thumb Code     0  arm_startup_nrf51.o(.text)
    RNG_IRQHandler                           0x00000119   Thumb Code     0  arm_startup_nrf51.o(.text)
    RTC0_IRQHandler                          0x00000119   Thumb Code     0  arm_startup_nrf51.o(.text)
    RTC1_IRQHandler                          0x00000119   Thumb Code     0  arm_startup_nrf51.o(.text)
    SPI0_TWI0_IRQHandler                     0x00000119   Thumb Code     0  arm_startup_nrf51.o(.text)
    SPI1_TWI1_IRQHandler                     0x00000119   Thumb Code     0  arm_startup_nrf51.o(.text)
    SWI0_IRQHandler                          0x00000119   Thumb Code     0  arm_startup_nrf51.o(.text)
    SWI1_IRQHandler                          0x00000119   Thumb Code     0  arm_startup_nrf51.o(.text)
    SWI2_IRQHandler                          0x00000119   Thumb Code     0  arm_startup_nrf51.o(.text)
    SWI3_IRQHandler                          0x00000119   Thumb Code     0  arm_startup_nrf51.o(.text)
    SWI4_IRQHandler                          0x00000119   Thumb Code     0  arm_startup_nrf51.o(.text)
    SWI5_IRQHandler                          0x00000119   Thumb Code     0  arm_startup_nrf51.o(.text)
    TEMP_IRQHandler                          0x00000119   Thumb Code     0  arm_startup_nrf51.o(.text)
    TIMER0_IRQHandler                        0x00000119   Thumb Code     0  arm_startup_nrf51.o(.text)
    TIMER1_IRQHandler                        0x00000119   Thumb Code     0  arm_startup_nrf51.o(.text)
    TIMER2_IRQHandler                        0x00000119   Thumb Code     0  arm_startup_nrf51.o(.text)
    WDT_IRQHandler                           0x00000119   Thumb Code     0  arm_startup_nrf51.o(.text)
    __aeabi_memcpy                           0x0000012d   Thumb Code    36  memcpya.o(.text)
    __aeabi_memcpy4                          0x0000012d   Thumb Code     0  memcpya.o(.text)
    __aeabi_memcpy8                          0x0000012d   Thumb Code     0  memcpya.o(.text)
    __scatterload                            0x00000151   Thumb Code    28  init.o(.text)
    __scatterload_rt2                        0x00000151   Thumb Code     0  init.o(.text)
    SystemInit                               0x00000175   Thumb Code    64  system_nrf51.o(i.SystemInit)
    UART0_IRQHandler                         0x000001c9   Thumb Code     8  nrf_drv_uart.o(i.UART0_IRQHandler)
    __scatterload_copy                       0x000001d1   Thumb Code    14  handlers.o(i.__scatterload_copy)
    __scatterload_null                       0x000001df   Thumb Code     2  handlers.o(i.__scatterload_null)
    __scatterload_zeroinit                   0x000001e1   Thumb Code    14  handlers.o(i.__scatterload_zeroinit)
    app_error_fault_handler                  0x000001f1   Thumb Code    18  app_error.o(i.app_error_fault_handler)
    app_error_handler_bare                   0x0000020d   Thumb Code    18  app_error.o(i.app_error_handler_bare)
    app_fifo_get                             0x00000225   Thumb Code    22  app_fifo.o(i.app_fifo_get)
    app_fifo_init                            0x0000023b   Thumb Code    36  app_fifo.o(i.app_fifo_init)
    app_fifo_put                             0x0000025f   Thumb Code    26  app_fifo.o(i.app_fifo_put)
    app_uart_init                            0x00000279   Thumb Code   144  app_uart_fifo.o(i.app_uart_init)
    app_uart_put                             0x00000319   Thumb Code    30  app_uart_fifo.o(i.app_uart_put)
    indicate_led_init                        0x00000369   Thumb Code    16  main.o(i.indicate_led_init)
    main                                     0x000003cd   Thumb Code   142  main.o(i.main)
    nrf_delay_ms                             0x0000048d   Thumb Code    24  nrf_delay.o(i.nrf_delay_ms)
    nrf_drv_common_irq_enable                0x000004a9   Thumb Code    78  nrf_drv_common.o(i.nrf_drv_common_irq_enable)
    nrf_drv_uart_init                        0x00000509   Thumb Code   170  nrf_drv_uart.o(i.nrf_drv_uart_init)
    nrf_drv_uart_rx                          0x000005d1   Thumb Code    66  nrf_drv_uart.o(i.nrf_drv_uart_rx)
    nrf_drv_uart_rx_enable                   0x0000061d   Thumb Code    20  nrf_drv_uart.o(i.nrf_drv_uart_rx_enable)
    nrf_drv_uart_tx                          0x000006d1   Thumb Code    28  nrf_drv_uart.o(i.nrf_drv_uart_tx)
    uart_error_handle                        0x00000885   Thumb Code    20  main.o(i.uart_error_handle)
    Region$$Table$$Base                      0x00000abc   Number         0  anon$$obj.o(Region$$Table)
    Region$$Table$$Limit                     0x00000adc   Number         0  anon$$obj.o(Region$$Table)
    SystemCoreClock                          0x20000004   Data           4  system_nrf51.o(.data)
    __initial_sp                             0x20000950   Data           0  arm_startup_nrf51.o(STACK)



==============================================================================

Memory Map of the image

  Image Entry point : 0x000000c1

  Load Region LR_IROM1 (Base: 0x00000000, Size: 0x00000aec, Max: 0x00040000, ABSOLUTE)

    Execution Region ER_IROM1 (Base: 0x00000000, Size: 0x00000adc, Max: 0x00040000, ABSOLUTE)

    Base Addr    Size         Type   Attr      Idx    E Section Name        Object

    0x00000000   0x000000c0   Data   RO          133    RESET               arm_startup_nrf51.o
    0x000000c0   0x00000000   Code   RO          695  * .ARM.Collect$$$$00000000  mc_p.l(entry.o)
    0x000000c0   0x00000004   Code   RO          702    .ARM.Collect$$$$00000001  mc_p.l(entry2.o)
    0x000000c4   0x00000004   Code   RO          705    .ARM.Collect$$$$00000004  mc_p.l(entry5.o)
    0x000000c8   0x00000000   Code   RO          707    .ARM.Collect$$$$00000008  mc_p.l(entry7b.o)
    0x000000c8   0x00000000   Code   RO          709    .ARM.Collect$$$$0000000A  mc_p.l(entry8b.o)
    0x000000c8   0x00000008   Code   RO          710    .ARM.Collect$$$$0000000B  mc_p.l(entry9a.o)
    0x000000d0   0x00000000   Code   RO          712    .ARM.Collect$$$$0000000D  mc_p.l(entry10a.o)
    0x000000d0   0x00000000   Code   RO          714    .ARM.Collect$$$$0000000F  mc_p.l(entry11a.o)
    0x000000d0   0x00000004   Code   RO          703    .ARM.Collect$$$$00002712  mc_p.l(entry2.o)
    0x000000d4   0x0000001e   Code   RO          222    .emb_text           nrf_delay.o
    0x000000f2   0x00000002   PAD
    0x000000f4   0x00000038   Code   RO          134    .text               arm_startup_nrf51.o
    0x0000012c   0x00000024   Code   RO          698    .text               mc_p.l(memcpya.o)
    0x00000150   0x00000024   Code   RO          716    .text               mc_p.l(init.o)
    0x00000174   0x00000054   Code   RO          141    i.SystemInit        system_nrf51.o
    0x000001c8   0x00000008   Code   RO          246    i.UART0_IRQHandler  nrf_drv_uart.o
    0x000001d0   0x0000000e   Code   RO          720    i.__scatterload_copy  mc_p.l(handlers.o)
    0x000001de   0x00000002   Code   RO          721    i.__scatterload_null  mc_p.l(handlers.o)
    0x000001e0   0x0000000e   Code   RO          722    i.__scatterload_zeroinit  mc_p.l(handlers.o)
    0x000001ee   0x00000002   PAD
    0x000001f0   0x0000001c   Code   RO          496    i.app_error_fault_handler  app_error.o
    0x0000020c   0x00000018   Code   RO          498    i.app_error_handler_bare  app_error.o
    0x00000224   0x00000016   Code   RO          553    i.app_fifo_get      app_fifo.o
    0x0000023a   0x00000024   Code   RO          554    i.app_fifo_init     app_fifo.o
    0x0000025e   0x0000001a   Code   RO          555    i.app_fifo_put      app_fifo.o
    0x00000278   0x000000a0   Code   RO          411    i.app_uart_init     app_uart_fifo.o
    0x00000318   0x00000028   Code   RO          412    i.app_uart_put      app_uart_fifo.o
    0x00000340   0x00000014   Code   RO          558    i.fifo_get          app_fifo.o
    0x00000354   0x00000012   Code   RO          559    i.fifo_put          app_fifo.o
    0x00000366   0x00000002   PAD
    0x00000368   0x0000001c   Code   RO            4    i.indicate_led_init  main.o
    0x00000384   0x00000048   Code   RO          142    i.is_manual_peripheral_setup_needed  system_nrf51.o
    0x000003cc   0x000000c0   Code   RO            7    i.main              main.o
    0x0000048c   0x0000001c   Code   RO          223    i.nrf_delay_ms      nrf_delay.o
    0x000004a8   0x00000060   Code   RO          180    i.nrf_drv_common_irq_enable  nrf_drv_common.o
    0x00000508   0x000000c8   Code   RO          248    i.nrf_drv_uart_init  nrf_drv_uart.o
    0x000005d0   0x0000004c   Code   RO          249    i.nrf_drv_uart_rx   nrf_drv_uart.o
    0x0000061c   0x00000018   Code   RO          252    i.nrf_drv_uart_rx_enable  nrf_drv_uart.o
    0x00000634   0x0000009c   Code   RO          253    i.nrf_drv_uart_rx_for_uart  nrf_drv_uart.o
    0x000006d0   0x00000020   Code   RO          254    i.nrf_drv_uart_tx   nrf_drv_uart.o
    0x000006f0   0x00000074   Code   RO          256    i.nrf_drv_uart_tx_for_uart  nrf_drv_uart.o
    0x00000764   0x00000024   Code   RO          258    i.nrf_gpio_cfg      nrf_drv_uart.o
    0x00000788   0x00000012   Code   RO          260    i.nrf_gpio_cfg_input  nrf_drv_uart.o
    0x0000079a   0x00000014   Code   RO          261    i.nrf_gpio_cfg_output  nrf_drv_uart.o
    0x000007ae   0x0000000a   Code   RO          262    i.nrf_uart_event_check  nrf_drv_uart.o
    0x000007b8   0x00000010   Code   RO          263    i.nrf_uart_int_enable_check  nrf_drv_uart.o
    0x000007c8   0x00000038   Code   RO          264    i.rx_byte           nrf_drv_uart.o
    0x00000800   0x0000001c   Code   RO          265    i.rx_done_event     nrf_drv_uart.o
    0x0000081c   0x0000001c   Code   RO          266    i.rx_enable         nrf_drv_uart.o
    0x00000838   0x0000002c   Code   RO          267    i.tx_byte           nrf_drv_uart.o
    0x00000864   0x00000020   Code   RO          268    i.tx_done_event     nrf_drv_uart.o
    0x00000884   0x00000014   Code   RO            8    i.uart_error_handle  main.o
    0x00000898   0x000000b0   Code   RO          413    i.uart_event_handler  app_uart_fifo.o
    0x00000948   0x00000128   Code   RO          269    i.uart_irq_handler  nrf_drv_uart.o
    0x00000a70   0x0000000c   Data   RO           10    .constdata          main.o
    0x00000a7c   0x00000020   Data   RO          271    .constdata          nrf_drv_uart.o
    0x00000a9c   0x00000020   Data   RO          415    .constdata          app_uart_fifo.o
    0x00000abc   0x00000020   Data   RO          718    Region$$Table       anon$$obj.o


    Execution Region RW_IRAM1 (Base: 0x20000000, Size: 0x00000950, Max: 0x00008000, ABSOLUTE)

    Base Addr    Size         Type   Attr      Idx    E Section Name        Object

    0x20000000   0x00000001   Data   RW           12    .data               main.o
    0x20000001   0x00000003   PAD
    0x20000004   0x00000004   Data   RW          143    .data               system_nrf51.o
    0x20000008   0x00000008   Data   RW          416    .data               app_uart_fifo.o
    0x20000010   0x00000100   Zero   RW            9    .bss                main.o
    0x20000110   0x0000001c   Zero   RW          270    .bss                nrf_drv_uart.o
    0x2000012c   0x00000020   Zero   RW          414    .bss                app_uart_fifo.o
    0x2000014c   0x00000004   PAD
    0x20000150   0x00000800   Zero   RW          131    STACK               arm_startup_nrf51.o


==============================================================================

Image component sizes


      Code (inc. data)   RO Data    RW Data    ZI Data      Debug   Object Name

        52         16          0          0          0       9159   app_error.o
       122          0          0          0          0       4442   app_fifo.o
       376         36         32          8         32      11355   app_uart_fifo.o
        56         18        192          0       2048        692   arm_startup_nrf51.o
       240         62         12          1        256      32023   main.o
        58          4          0          0          0       1691   nrf_delay.o
        96         18          0          0          0       7240   nrf_drv_common.o
      1196        136         32          0         28      24548   nrf_drv_uart.o
       156         26          0          4          0       2087   system_nrf51.o

    ----------------------------------------------------------------------
      2356        316        300         16       2368      93237   Object Totals
         0          0         32          0          0          0   (incl. Generated)
         4          0          0          3          4          0   (incl. Padding)

    ----------------------------------------------------------------------

      Code (inc. data)   RO Data    RW Data    ZI Data      Debug   Library Member Name

         0          0          0          0          0          0   entry.o
         0          0          0          0          0          0   entry10a.o
         0          0          0          0          0          0   entry11a.o
         8          4          0          0          0          0   entry2.o
         4          0          0          0          0          0   entry5.o
         0          0          0          0          0          0   entry7b.o
         0          0          0          0          0          0   entry8b.o
         8          4          0          0          0          0   entry9a.o
        30          0          0          0          0          0   handlers.o
        36          8          0          0          0         68   init.o
        36          0          0          0          0         60   memcpya.o

    ----------------------------------------------------------------------
       124         16          0          0          0        128   Library Totals
         2          0          0          0          0          0   (incl. Padding)

    ----------------------------------------------------------------------

      Code (inc. data)   RO Data    RW Data    ZI Data      Debug   Library Name

       122         16          0          0          0        128   mc_p.l

    ----------------------------------------------------------------------
       124         16          0          0          0        128   Library Totals

    ----------------------------------------------------------------------

==============================================================================


      Code (inc. data)   RO Data    RW Data    ZI Data      Debug   

      2480        332        300         16       2368      92013   Grand Totals
      2480        332        300         16       2368      92013   ELF Image Totals
      2480        332        300         16          0          0   ROM Totals

==============================================================================

    Total RO  Size (Code + RO Data)                 2780 (   2.71kB)
    Total RW  Size (RW Data + ZI Data)              2384 (   2.33kB)
    Total ROM Size (Code + RO Data + RW Data)       2796 (   2.73kB)

==============================================================================

